2025-07-16T00:08:08.5804546Z Current runner version: '2.326.0'
2025-07-16T00:08:08.5837336Z ##[group]Runner Image Provisioner
2025-07-16T00:08:08.5838523Z Hosted Compute Agent
2025-07-16T00:08:08.5839449Z Version: 20250711.363
2025-07-16T00:08:08.5840427Z Commit: 6785254374ce925a23743850c1cb91912ce5c14c
2025-07-16T00:08:08.5841502Z Build Date: 2025-07-11T20:04:25Z
2025-07-16T00:08:08.5842522Z ##[endgroup]
2025-07-16T00:08:08.5843333Z ##[group]Operating System
2025-07-16T00:08:08.5844236Z Ubuntu
2025-07-16T00:08:08.5845227Z 24.04.2
2025-07-16T00:08:08.5846041Z LTS
2025-07-16T00:08:08.5846793Z ##[endgroup]
2025-07-16T00:08:08.5847633Z ##[group]Runner Image
2025-07-16T00:08:08.5848502Z Image: ubuntu-24.04
2025-07-16T00:08:08.5849306Z Version: 20250710.1.0
2025-07-16T00:08:08.5851094Z Included Software: https://github.com/actions/runner-images/blob/ubuntu24/20250710.1/images/ubuntu/Ubuntu2404-Readme.md
2025-07-16T00:08:08.5853620Z Image Release: https://github.com/actions/runner-images/releases/tag/ubuntu24%2F20250710.1
2025-07-16T00:08:08.5855601Z ##[endgroup]
2025-07-16T00:08:08.5857364Z ##[group]GITHUB_TOKEN Permissions
2025-07-16T00:08:08.5859889Z Contents: read
2025-07-16T00:08:08.5860725Z Metadata: read
2025-07-16T00:08:08.5861496Z Packages: read
2025-07-16T00:08:08.5862377Z ##[endgroup]
2025-07-16T00:08:08.5865268Z Secret source: Actions
2025-07-16T00:08:08.5866371Z Prepare workflow directory
2025-07-16T00:08:08.6325427Z Prepare all required actions
2025-07-16T00:08:08.6382132Z Getting action download info
2025-07-16T00:08:08.9235420Z ##[group]Download immutable action package 'actions/checkout@v4'
2025-07-16T00:08:08.9236453Z Version: 4.2.2
2025-07-16T00:08:08.9237562Z Digest: sha256:ccb2698953eaebd21c7bf6268a94f9c26518a7e38e27e0b83c1fe1ad049819b1
2025-07-16T00:08:08.9238705Z Source commit SHA: 11bd71901bbe5b1630ceea73d27597364c9af683
2025-07-16T00:08:08.9239382Z ##[endgroup]
2025-07-16T00:08:09.0181315Z ##[group]Download immutable action package 'actions/setup-python@v4'
2025-07-16T00:08:09.0182210Z Version: 4.9.1
2025-07-16T00:08:09.0182983Z Digest: sha256:f03e505388af670b5a108629e0ba26befc08d5c62b41f46146a45fe29ae509a5
2025-07-16T00:08:09.0183951Z Source commit SHA: 7f4fc3e22c37d6ff65e88745f38bd3157c663f7c
2025-07-16T00:08:09.0184618Z ##[endgroup]
2025-07-16T00:08:09.2801209Z Complete job name: test
2025-07-16T00:08:09.3470216Z ##[group]Run actions/checkout@v4
2025-07-16T00:08:09.3471047Z with:
2025-07-16T00:08:09.3471465Z   repository: fitydo/book_triage_v0.1.0
2025-07-16T00:08:09.3472127Z   token: ***
2025-07-16T00:08:09.3472506Z   ssh-strict: true
2025-07-16T00:08:09.3472898Z   ssh-user: git
2025-07-16T00:08:09.3473295Z   persist-credentials: true
2025-07-16T00:08:09.3473724Z   clean: true
2025-07-16T00:08:09.3474109Z   sparse-checkout-cone-mode: true
2025-07-16T00:08:09.3474562Z   fetch-depth: 1
2025-07-16T00:08:09.3475105Z   fetch-tags: false
2025-07-16T00:08:09.3475509Z   show-progress: true
2025-07-16T00:08:09.3475900Z   lfs: false
2025-07-16T00:08:09.3476256Z   submodules: false
2025-07-16T00:08:09.3476647Z   set-safe-directory: true
2025-07-16T00:08:09.3477346Z ##[endgroup]
2025-07-16T00:08:09.4557537Z Syncing repository: fitydo/book_triage_v0.1.0
2025-07-16T00:08:09.4559367Z ##[group]Getting Git version info
2025-07-16T00:08:09.4560233Z Working directory is '/home/runner/work/book_triage_v0.1.0/book_triage_v0.1.0'
2025-07-16T00:08:09.4561288Z [command]/usr/bin/git version
2025-07-16T00:08:09.4649614Z git version 2.50.1
2025-07-16T00:08:09.4676603Z ##[endgroup]
2025-07-16T00:08:09.4691060Z Temporarily overriding HOME='/home/runner/work/_temp/8ff4e1b8-2fce-4ae8-8584-73f6b38a5f29' before making global git config changes
2025-07-16T00:08:09.4692425Z Adding repository directory to the temporary git global config as a safe directory
2025-07-16T00:08:09.4704026Z [command]/usr/bin/git config --global --add safe.directory /home/runner/work/book_triage_v0.1.0/book_triage_v0.1.0
2025-07-16T00:08:09.4740573Z Deleting the contents of '/home/runner/work/book_triage_v0.1.0/book_triage_v0.1.0'
2025-07-16T00:08:09.4744084Z ##[group]Initializing the repository
2025-07-16T00:08:09.4748476Z [command]/usr/bin/git init /home/runner/work/book_triage_v0.1.0/book_triage_v0.1.0
2025-07-16T00:08:09.4834755Z hint: Using 'master' as the name for the initial branch. This default branch name
2025-07-16T00:08:09.4836164Z hint: is subject to change. To configure the initial branch name to use in all
2025-07-16T00:08:09.4837690Z hint: of your new repositories, which will suppress this warning, call:
2025-07-16T00:08:09.4838845Z hint:
2025-07-16T00:08:09.4839588Z hint: 	git config --global init.defaultBranch <name>
2025-07-16T00:08:09.4840773Z hint:
2025-07-16T00:08:09.4841661Z hint: Names commonly chosen instead of 'master' are 'main', 'trunk' and
2025-07-16T00:08:09.4842861Z hint: 'development'. The just-created branch can be renamed via this command:
2025-07-16T00:08:09.4843565Z hint:
2025-07-16T00:08:09.4843963Z hint: 	git branch -m <name>
2025-07-16T00:08:09.4844412Z hint:
2025-07-16T00:08:09.4845242Z hint: Disable this message with "git config set advice.defaultBranchName false"
2025-07-16T00:08:09.4846766Z Initialized empty Git repository in /home/runner/work/book_triage_v0.1.0/book_triage_v0.1.0/.git/
2025-07-16T00:08:09.4851578Z [command]/usr/bin/git remote add origin https://github.com/fitydo/book_triage_v0.1.0
2025-07-16T00:08:09.4900629Z ##[endgroup]
2025-07-16T00:08:09.4901354Z ##[group]Disabling automatic garbage collection
2025-07-16T00:08:09.4904480Z [command]/usr/bin/git config --local gc.auto 0
2025-07-16T00:08:09.4932521Z ##[endgroup]
2025-07-16T00:08:09.4933183Z ##[group]Setting up auth
2025-07-16T00:08:09.4939434Z [command]/usr/bin/git config --local --name-only --get-regexp core\.sshCommand
2025-07-16T00:08:09.4968312Z [command]/usr/bin/git submodule foreach --recursive sh -c "git config --local --name-only --get-regexp 'core\.sshCommand' && git config --local --unset-all 'core.sshCommand' || :"
2025-07-16T00:08:09.5280941Z [command]/usr/bin/git config --local --name-only --get-regexp http\.https\:\/\/github\.com\/\.extraheader
2025-07-16T00:08:09.5310243Z [command]/usr/bin/git submodule foreach --recursive sh -c "git config --local --name-only --get-regexp 'http\.https\:\/\/github\.com\/\.extraheader' && git config --local --unset-all 'http.https://github.com/.extraheader' || :"
2025-07-16T00:08:09.5547490Z [command]/usr/bin/git config --local http.https://github.com/.extraheader AUTHORIZATION: basic ***
2025-07-16T00:08:09.5582176Z ##[endgroup]
2025-07-16T00:08:09.5582952Z ##[group]Fetching the repository
2025-07-16T00:08:09.5599947Z [command]/usr/bin/git -c protocol.version=2 fetch --no-tags --prune --no-recurse-submodules --depth=1 origin +a80bfe088efad091bdd355e248ebfb65cd0e357e:refs/remotes/origin/main
2025-07-16T00:08:09.7820056Z From https://github.com/fitydo/book_triage_v0.1.0
2025-07-16T00:08:09.7821402Z  * [new ref]         a80bfe088efad091bdd355e248ebfb65cd0e357e -> origin/main
2025-07-16T00:08:09.7848283Z ##[endgroup]
2025-07-16T00:08:09.7848942Z ##[group]Determining the checkout info
2025-07-16T00:08:09.7851364Z ##[endgroup]
2025-07-16T00:08:09.7857308Z [command]/usr/bin/git sparse-checkout disable
2025-07-16T00:08:09.7896693Z [command]/usr/bin/git config --local --unset-all extensions.worktreeConfig
2025-07-16T00:08:09.7924471Z ##[group]Checking out the ref
2025-07-16T00:08:09.7928957Z [command]/usr/bin/git checkout --progress --force -B main refs/remotes/origin/main
2025-07-16T00:08:09.8149374Z Switched to a new branch 'main'
2025-07-16T00:08:09.8150342Z branch 'main' set up to track 'origin/main'.
2025-07-16T00:08:09.8157928Z ##[endgroup]
2025-07-16T00:08:09.8196975Z [command]/usr/bin/git log -1 --format=%H
2025-07-16T00:08:09.8218797Z a80bfe088efad091bdd355e248ebfb65cd0e357e
2025-07-16T00:08:09.8452794Z ##[group]Run actions/setup-python@v4
2025-07-16T00:08:09.8453330Z with:
2025-07-16T00:08:09.8453689Z   python-version: 3.12
2025-07-16T00:08:09.8454090Z   check-latest: false
2025-07-16T00:08:09.8454612Z   token: ***
2025-07-16T00:08:09.8455292Z   update-environment: true
2025-07-16T00:08:09.8455770Z   allow-prereleases: false
2025-07-16T00:08:09.8456499Z ##[endgroup]
2025-07-16T00:08:10.0152945Z ##[group]Installed versions
2025-07-16T00:08:10.0257668Z Successfully set up CPython (3.12.11)
2025-07-16T00:08:10.0259051Z ##[endgroup]
2025-07-16T00:08:10.0387780Z ##[group]Run python -m pip install --upgrade pip
2025-07-16T00:08:10.0388676Z [36;1mpython -m pip install --upgrade pip[0m
2025-07-16T00:08:10.0389358Z [36;1mpip install -e .[0m
2025-07-16T00:08:10.0390189Z [36;1mpip install pytest pytest-cov[0m
2025-07-16T00:08:10.0653422Z shell: /usr/bin/bash -e {0}
2025-07-16T00:08:10.0654019Z env:
2025-07-16T00:08:10.0654567Z   pythonLocation: /opt/hostedtoolcache/Python/3.12.11/x64
2025-07-16T00:08:10.0655814Z   PKG_CONFIG_PATH: /opt/hostedtoolcache/Python/3.12.11/x64/lib/pkgconfig
2025-07-16T00:08:10.0656811Z   Python_ROOT_DIR: /opt/hostedtoolcache/Python/3.12.11/x64
2025-07-16T00:08:10.0657676Z   Python2_ROOT_DIR: /opt/hostedtoolcache/Python/3.12.11/x64
2025-07-16T00:08:10.0658527Z   Python3_ROOT_DIR: /opt/hostedtoolcache/Python/3.12.11/x64
2025-07-16T00:08:10.0659424Z   LD_LIBRARY_PATH: /opt/hostedtoolcache/Python/3.12.11/x64/lib
2025-07-16T00:08:10.0660157Z ##[endgroup]
2025-07-16T00:08:14.8629996Z Requirement already satisfied: pip in /opt/hostedtoolcache/Python/3.12.11/x64/lib/python3.12/site-packages (25.1.1)
2025-07-16T00:08:15.9275795Z Obtaining file:///home/runner/work/book_triage_v0.1.0/book_triage_v0.1.0
2025-07-16T00:08:15.9312446Z   Installing build dependencies: started
2025-07-16T00:08:17.1117124Z   Installing build dependencies: finished with status 'done'
2025-07-16T00:08:17.1123528Z   Checking if build backend supports build_editable: started
2025-07-16T00:08:17.1567318Z   Checking if build backend supports build_editable: finished with status 'done'
2025-07-16T00:08:17.1575045Z   Getting requirements to build editable: started
2025-07-16T00:08:17.2887628Z   Getting requirements to build editable: finished with status 'done'
2025-07-16T00:08:17.2901561Z   Installing backend dependencies: started
2025-07-16T00:08:18.2716041Z   Installing backend dependencies: finished with status 'done'
2025-07-16T00:08:18.2722320Z   Preparing editable metadata (pyproject.toml): started
2025-07-16T00:08:18.5588548Z   Preparing editable metadata (pyproject.toml): finished with status 'done'
2025-07-16T00:08:18.6549658Z Collecting fastapi>=0.104.0 (from book_triage==0.1.0)
2025-07-16T00:08:18.6882770Z   Downloading fastapi-0.116.1-py3-none-any.whl.metadata (28 kB)
2025-07-16T00:08:18.7614326Z Collecting openai>=1.0.0 (from book_triage==0.1.0)
2025-07-16T00:08:18.7657337Z   Downloading openai-1.96.1-py3-none-any.whl.metadata (29 kB)
2025-07-16T00:08:18.8873101Z Collecting pandas>=2.0.0 (from book_triage==0.1.0)
2025-07-16T00:08:18.8903919Z   Downloading pandas-2.3.1-cp312-cp312-manylinux_2_17_x86_64.manylinux2014_x86_64.whl.metadata (91 kB)
2025-07-16T00:08:19.0883702Z Collecting pillow>=10.0.0 (from book_triage==0.1.0)
2025-07-16T00:08:19.0915806Z   Downloading pillow-11.3.0-cp312-cp312-manylinux_2_27_x86_64.manylinux_2_28_x86_64.whl.metadata (9.0 kB)
2025-07-16T00:08:19.1085056Z Collecting pytesseract>=0.3.10 (from book_triage==0.1.0)
2025-07-16T00:08:19.1131351Z   Downloading pytesseract-0.3.13-py3-none-any.whl.metadata (11 kB)
2025-07-16T00:08:19.1303854Z Collecting python-dotenv>=1.0.0 (from book_triage==0.1.0)
2025-07-16T00:08:19.1333526Z   Downloading python_dotenv-1.1.1-py3-none-any.whl.metadata (24 kB)
2025-07-16T00:08:19.1484587Z Collecting python-magic>=0.4.27 (from book_triage==0.1.0)
2025-07-16T00:08:19.1512805Z   Downloading python_magic-0.4.27-py2.py3-none-any.whl.metadata (5.8 kB)
2025-07-16T00:08:19.1646567Z Collecting python-multipart>=0.0.6 (from book_triage==0.1.0)
2025-07-16T00:08:19.1685336Z   Downloading python_multipart-0.0.20-py3-none-any.whl.metadata (1.8 kB)
2025-07-16T00:08:19.1794771Z Collecting slowapi>=0.1.8 (from book_triage==0.1.0)
2025-07-16T00:08:19.1825802Z   Downloading slowapi-0.1.9-py3-none-any.whl.metadata (3.0 kB)
2025-07-16T00:08:19.2147948Z Collecting tqdm>=4.65.0 (from book_triage==0.1.0)
2025-07-16T00:08:19.2180201Z   Downloading tqdm-4.67.1-py3-none-any.whl.metadata (57 kB)
2025-07-16T00:08:19.2410918Z Collecting typer>=0.9.0 (from book_triage==0.1.0)
2025-07-16T00:08:19.2454712Z   Downloading typer-0.16.0-py3-none-any.whl.metadata (15 kB)
2025-07-16T00:08:19.2741734Z Collecting uvicorn>=0.24.0 (from uvicorn[standard]>=0.24.0->book_triage==0.1.0)
2025-07-16T00:08:19.2771983Z   Downloading uvicorn-0.35.0-py3-none-any.whl.metadata (6.5 kB)
2025-07-16T00:08:19.3101622Z Collecting starlette<0.48.0,>=0.40.0 (from fastapi>=0.104.0->book_triage==0.1.0)
2025-07-16T00:08:19.3131707Z   Downloading starlette-0.47.1-py3-none-any.whl.metadata (6.2 kB)
2025-07-16T00:08:19.4484501Z Collecting pydantic!=1.8,!=1.8.1,!=2.0.0,!=2.0.1,!=2.1.0,<3.0.0,>=1.7.4 (from fastapi>=0.104.0->book_triage==0.1.0)
2025-07-16T00:08:19.4713815Z   Downloading pydantic-2.11.7-py3-none-any.whl.metadata (67 kB)
2025-07-16T00:08:19.4920080Z Collecting typing-extensions>=4.8.0 (from fastapi>=0.104.0->book_triage==0.1.0)
2025-07-16T00:08:19.4949301Z   Downloading typing_extensions-4.14.1-py3-none-any.whl.metadata (3.0 kB)
2025-07-16T00:08:19.5064647Z Collecting annotated-types>=0.6.0 (from pydantic!=1.8,!=1.8.1,!=2.0.0,!=2.0.1,!=2.1.0,<3.0.0,>=1.7.4->fastapi>=0.104.0->book_triage==0.1.0)
2025-07-16T00:08:19.5093720Z   Downloading annotated_types-0.7.0-py3-none-any.whl.metadata (15 kB)
2025-07-16T00:08:20.1107346Z Collecting pydantic-core==2.33.2 (from pydantic!=1.8,!=1.8.1,!=2.0.0,!=2.0.1,!=2.1.0,<3.0.0,>=1.7.4->fastapi>=0.104.0->book_triage==0.1.0)
2025-07-16T00:08:20.1144125Z   Downloading pydantic_core-2.33.2-cp312-cp312-manylinux_2_17_x86_64.manylinux2014_x86_64.whl.metadata (6.8 kB)
2025-07-16T00:08:20.1290573Z Collecting typing-inspection>=0.4.0 (from pydantic!=1.8,!=1.8.1,!=2.0.0,!=2.0.1,!=2.1.0,<3.0.0,>=1.7.4->fastapi>=0.104.0->book_triage==0.1.0)
2025-07-16T00:08:20.1342283Z   Downloading typing_inspection-0.4.1-py3-none-any.whl.metadata (2.6 kB)
2025-07-16T00:08:20.1602193Z Collecting anyio<5,>=3.6.2 (from starlette<0.48.0,>=0.40.0->fastapi>=0.104.0->book_triage==0.1.0)
2025-07-16T00:08:20.1631347Z   Downloading anyio-4.9.0-py3-none-any.whl.metadata (4.7 kB)
2025-07-16T00:08:20.1861636Z Collecting idna>=2.8 (from anyio<5,>=3.6.2->starlette<0.48.0,>=0.40.0->fastapi>=0.104.0->book_triage==0.1.0)
2025-07-16T00:08:20.1889057Z   Downloading idna-3.10-py3-none-any.whl.metadata (10 kB)
2025-07-16T00:08:20.2011605Z Collecting sniffio>=1.1 (from anyio<5,>=3.6.2->starlette<0.48.0,>=0.40.0->fastapi>=0.104.0->book_triage==0.1.0)
2025-07-16T00:08:20.2040966Z   Downloading sniffio-1.3.1-py3-none-any.whl.metadata (3.9 kB)
2025-07-16T00:08:20.2308322Z Collecting distro<2,>=1.7.0 (from openai>=1.0.0->book_triage==0.1.0)
2025-07-16T00:08:20.2354441Z   Downloading distro-1.9.0-py3-none-any.whl.metadata (6.8 kB)
2025-07-16T00:08:20.2556483Z Collecting httpx<1,>=0.23.0 (from openai>=1.0.0->book_triage==0.1.0)
2025-07-16T00:08:20.2591535Z   Downloading httpx-0.28.1-py3-none-any.whl.metadata (7.1 kB)
2025-07-16T00:08:20.3197352Z Collecting jiter<1,>=0.4.0 (from openai>=1.0.0->book_triage==0.1.0)
2025-07-16T00:08:20.3231290Z   Downloading jiter-0.10.0-cp312-cp312-manylinux_2_17_x86_64.manylinux2014_x86_64.whl.metadata (5.2 kB)
2025-07-16T00:08:20.4008348Z Collecting certifi (from httpx<1,>=0.23.0->openai>=1.0.0->book_triage==0.1.0)
2025-07-16T00:08:20.4049206Z   Downloading certifi-2025.7.14-py3-none-any.whl.metadata (2.4 kB)
2025-07-16T00:08:20.4250994Z Collecting httpcore==1.* (from httpx<1,>=0.23.0->openai>=1.0.0->book_triage==0.1.0)
2025-07-16T00:08:20.4290171Z   Downloading httpcore-1.0.9-py3-none-any.whl.metadata (21 kB)
2025-07-16T00:08:20.4448734Z Collecting h11>=0.16 (from httpcore==1.*->httpx<1,>=0.23.0->openai>=1.0.0->book_triage==0.1.0)
2025-07-16T00:08:20.4522955Z   Downloading h11-0.16.0-py3-none-any.whl.metadata (8.3 kB)
2025-07-16T00:08:20.6539229Z Collecting numpy>=1.26.0 (from pandas>=2.0.0->book_triage==0.1.0)
2025-07-16T00:08:20.6575996Z   Downloading numpy-2.3.1-cp312-cp312-manylinux_2_28_x86_64.whl.metadata (62 kB)
2025-07-16T00:08:20.6829179Z Collecting python-dateutil>=2.8.2 (from pandas>=2.0.0->book_triage==0.1.0)
2025-07-16T00:08:20.6859405Z   Downloading python_dateutil-2.9.0.post0-py2.py3-none-any.whl.metadata (8.4 kB)
2025-07-16T00:08:20.7221075Z Collecting pytz>=2020.1 (from pandas>=2.0.0->book_triage==0.1.0)
2025-07-16T00:08:20.7252561Z   Downloading pytz-2025.2-py2.py3-none-any.whl.metadata (22 kB)
2025-07-16T00:08:20.7411600Z Collecting tzdata>=2022.7 (from pandas>=2.0.0->book_triage==0.1.0)
2025-07-16T00:08:20.7446726Z   Downloading tzdata-2025.2-py2.py3-none-any.whl.metadata (1.4 kB)
2025-07-16T00:08:20.7632865Z Collecting packaging>=21.3 (from pytesseract>=0.3.10->book_triage==0.1.0)
2025-07-16T00:08:20.7644581Z   Using cached packaging-25.0-py3-none-any.whl.metadata (3.3 kB)
2025-07-16T00:08:20.7846535Z Collecting six>=1.5 (from python-dateutil>=2.8.2->pandas>=2.0.0->book_triage==0.1.0)
2025-07-16T00:08:20.7874795Z   Downloading six-1.17.0-py2.py3-none-any.whl.metadata (1.7 kB)
2025-07-16T00:08:20.8193268Z Collecting limits>=2.3 (from slowapi>=0.1.8->book_triage==0.1.0)
2025-07-16T00:08:20.8224397Z   Downloading limits-5.4.0-py3-none-any.whl.metadata (10 kB)
2025-07-16T00:08:20.8424643Z Collecting deprecated>=1.2 (from limits>=2.3->slowapi>=0.1.8->book_triage==0.1.0)
2025-07-16T00:08:20.8455105Z   Downloading Deprecated-1.2.18-py2.py3-none-any.whl.metadata (5.7 kB)
2025-07-16T00:08:20.9356064Z Collecting wrapt<2,>=1.10 (from deprecated>=1.2->limits>=2.3->slowapi>=0.1.8->book_triage==0.1.0)
2025-07-16T00:08:20.9390148Z   Downloading wrapt-1.17.2-cp312-cp312-manylinux_2_5_x86_64.manylinux1_x86_64.manylinux_2_17_x86_64.manylinux2014_x86_64.whl.metadata (6.4 kB)
2025-07-16T00:08:20.9637079Z Collecting click>=8.0.0 (from typer>=0.9.0->book_triage==0.1.0)
2025-07-16T00:08:20.9669250Z   Downloading click-8.2.1-py3-none-any.whl.metadata (2.5 kB)
2025-07-16T00:08:20.9877752Z Collecting shellingham>=1.3.0 (from typer>=0.9.0->book_triage==0.1.0)
2025-07-16T00:08:20.9939075Z   Downloading shellingham-1.5.4-py2.py3-none-any.whl.metadata (3.5 kB)
2025-07-16T00:08:21.0346364Z Collecting rich>=10.11.0 (from typer>=0.9.0->book_triage==0.1.0)
2025-07-16T00:08:21.0382151Z   Downloading rich-14.0.0-py3-none-any.whl.metadata (18 kB)
2025-07-16T00:08:21.0580836Z Collecting markdown-it-py>=2.2.0 (from rich>=10.11.0->typer>=0.9.0->book_triage==0.1.0)
2025-07-16T00:08:21.0615185Z   Downloading markdown_it_py-3.0.0-py3-none-any.whl.metadata (6.9 kB)
2025-07-16T00:08:21.0877284Z Collecting pygments<3.0.0,>=2.13.0 (from rich>=10.11.0->typer>=0.9.0->book_triage==0.1.0)
2025-07-16T00:08:21.0907005Z   Downloading pygments-2.19.2-py3-none-any.whl.metadata (2.5 kB)
2025-07-16T00:08:21.1040937Z Collecting mdurl~=0.1 (from markdown-it-py>=2.2.0->rich>=10.11.0->typer>=0.9.0->book_triage==0.1.0)
2025-07-16T00:08:21.1094751Z   Downloading mdurl-0.1.2-py3-none-any.whl.metadata (1.6 kB)
2025-07-16T00:08:21.1637688Z Collecting httptools>=0.6.3 (from uvicorn[standard]>=0.24.0->book_triage==0.1.0)
2025-07-16T00:08:21.1667545Z   Downloading httptools-0.6.4-cp312-cp312-manylinux_2_5_x86_64.manylinux1_x86_64.manylinux_2_17_x86_64.manylinux2014_x86_64.whl.metadata (3.6 kB)
2025-07-16T00:08:21.2038771Z Collecting pyyaml>=5.1 (from uvicorn[standard]>=0.24.0->book_triage==0.1.0)
2025-07-16T00:08:21.2068746Z   Downloading PyYAML-6.0.2-cp312-cp312-manylinux_2_17_x86_64.manylinux2014_x86_64.whl.metadata (2.1 kB)
2025-07-16T00:08:21.2460516Z Collecting uvloop>=0.15.1 (from uvicorn[standard]>=0.24.0->book_triage==0.1.0)
2025-07-16T00:08:21.2501644Z   Downloading uvloop-0.21.0-cp312-cp312-manylinux_2_17_x86_64.manylinux2014_x86_64.whl.metadata (4.9 kB)
2025-07-16T00:08:21.3215354Z Collecting watchfiles>=0.13 (from uvicorn[standard]>=0.24.0->book_triage==0.1.0)
2025-07-16T00:08:21.3249506Z   Downloading watchfiles-1.1.0-cp312-cp312-manylinux_2_17_x86_64.manylinux2014_x86_64.whl.metadata (4.9 kB)
2025-07-16T00:08:21.4123382Z Collecting websockets>=10.4 (from uvicorn[standard]>=0.24.0->book_triage==0.1.0)
2025-07-16T00:08:21.4159252Z   Downloading websockets-15.0.1-cp312-cp312-manylinux_2_5_x86_64.manylinux1_x86_64.manylinux_2_17_x86_64.manylinux2014_x86_64.whl.metadata (6.8 kB)
2025-07-16T00:08:21.4431723Z Downloading fastapi-0.116.1-py3-none-any.whl (95 kB)
2025-07-16T00:08:21.4621535Z Downloading pydantic-2.11.7-py3-none-any.whl (444 kB)
2025-07-16T00:08:21.4705289Z Downloading pydantic_core-2.33.2-cp312-cp312-manylinux_2_17_x86_64.manylinux2014_x86_64.whl (2.0 MB)
2025-07-16T00:08:21.4845072Z    ━━━━━━━━━━━━━━━━━━━━━━━━━━━━━━━━━━━━━━━━ 2.0/2.0 MB 165.0 MB/s eta 0:00:00
2025-07-16T00:08:21.4885403Z Downloading starlette-0.47.1-py3-none-any.whl (72 kB)
2025-07-16T00:08:21.4945085Z Downloading anyio-4.9.0-py3-none-any.whl (100 kB)
2025-07-16T00:08:21.4999939Z Downloading annotated_types-0.7.0-py3-none-any.whl (13 kB)
2025-07-16T00:08:21.5052897Z Downloading idna-3.10-py3-none-any.whl (70 kB)
2025-07-16T00:08:21.5110430Z Downloading openai-1.96.1-py3-none-any.whl (757 kB)
2025-07-16T00:08:21.5219269Z    ━━━━━━━━━━━━━━━━━━━━━━━━━━━━━━━━━━━━━━━━ 757.5/757.5 kB 80.0 MB/s eta 0:00:00
2025-07-16T00:08:21.5256078Z Downloading distro-1.9.0-py3-none-any.whl (20 kB)
2025-07-16T00:08:21.5307884Z Downloading httpx-0.28.1-py3-none-any.whl (73 kB)
2025-07-16T00:08:21.5372641Z Downloading httpcore-1.0.9-py3-none-any.whl (78 kB)
2025-07-16T00:08:21.5431326Z Downloading jiter-0.10.0-cp312-cp312-manylinux_2_17_x86_64.manylinux2014_x86_64.whl (352 kB)
2025-07-16T00:08:21.5544636Z Downloading typing_extensions-4.14.1-py3-none-any.whl (43 kB)
2025-07-16T00:08:21.5594134Z Downloading h11-0.16.0-py3-none-any.whl (37 kB)
2025-07-16T00:08:21.5672236Z Downloading pandas-2.3.1-cp312-cp312-manylinux_2_17_x86_64.manylinux2014_x86_64.whl (12.0 MB)
2025-07-16T00:08:21.6593567Z    ━━━━━━━━━━━━━━━━━━━━━━━━━━━━━━━━━━━━━━━━ 12.0/12.0 MB 132.3 MB/s eta 0:00:00
2025-07-16T00:08:21.6628079Z Downloading numpy-2.3.1-cp312-cp312-manylinux_2_28_x86_64.whl (16.6 MB)
2025-07-16T00:08:21.7412612Z    ━━━━━━━━━━━━━━━━━━━━━━━━━━━━━━━━━━━━━━━━ 16.6/16.6 MB 218.1 MB/s eta 0:00:00
2025-07-16T00:08:21.7458746Z Downloading pillow-11.3.0-cp312-cp312-manylinux_2_27_x86_64.manylinux_2_28_x86_64.whl (6.6 MB)
2025-07-16T00:08:21.7795324Z    ━━━━━━━━━━━━━━━━━━━━━━━━━━━━━━━━━━━━━━━━ 6.6/6.6 MB 206.8 MB/s eta 0:00:00
2025-07-16T00:08:21.7835614Z Downloading pytesseract-0.3.13-py3-none-any.whl (14 kB)
2025-07-16T00:08:21.7869898Z Using cached packaging-25.0-py3-none-any.whl (66 kB)
2025-07-16T00:08:21.7903342Z Downloading python_dateutil-2.9.0.post0-py2.py3-none-any.whl (229 kB)
2025-07-16T00:08:21.7966809Z Downloading python_dotenv-1.1.1-py3-none-any.whl (20 kB)
2025-07-16T00:08:21.8037266Z Downloading python_magic-0.4.27-py2.py3-none-any.whl (13 kB)
2025-07-16T00:08:21.8102775Z Downloading python_multipart-0.0.20-py3-none-any.whl (24 kB)
2025-07-16T00:08:21.8161291Z Downloading pytz-2025.2-py2.py3-none-any.whl (509 kB)
2025-07-16T00:08:21.8247084Z Downloading six-1.17.0-py2.py3-none-any.whl (11 kB)
2025-07-16T00:08:21.8342435Z Downloading slowapi-0.1.9-py3-none-any.whl (14 kB)
2025-07-16T00:08:21.8391003Z Downloading limits-5.4.0-py3-none-any.whl (60 kB)
2025-07-16T00:08:21.8440431Z Downloading Deprecated-1.2.18-py2.py3-none-any.whl (10.0 kB)
2025-07-16T00:08:21.8492352Z Downloading wrapt-1.17.2-cp312-cp312-manylinux_2_5_x86_64.manylinux1_x86_64.manylinux_2_17_x86_64.manylinux2014_x86_64.whl (89 kB)
2025-07-16T00:08:21.8549006Z Downloading sniffio-1.3.1-py3-none-any.whl (10 kB)
2025-07-16T00:08:21.8600974Z Downloading tqdm-4.67.1-py3-none-any.whl (78 kB)
2025-07-16T00:08:21.8659344Z Downloading typer-0.16.0-py3-none-any.whl (46 kB)
2025-07-16T00:08:21.8718008Z Downloading click-8.2.1-py3-none-any.whl (102 kB)
2025-07-16T00:08:21.8781237Z Downloading rich-14.0.0-py3-none-any.whl (243 kB)
2025-07-16T00:08:21.8845419Z Downloading pygments-2.19.2-py3-none-any.whl (1.2 MB)
2025-07-16T00:08:21.8937665Z    ━━━━━━━━━━━━━━━━━━━━━━━━━━━━━━━━━━━━━━━━ 1.2/1.2 MB 147.6 MB/s eta 0:00:00
2025-07-16T00:08:21.8992904Z Downloading markdown_it_py-3.0.0-py3-none-any.whl (87 kB)
2025-07-16T00:08:21.9101007Z Downloading mdurl-0.1.2-py3-none-any.whl (10.0 kB)
2025-07-16T00:08:21.9161006Z Downloading shellingham-1.5.4-py2.py3-none-any.whl (9.8 kB)
2025-07-16T00:08:21.9213437Z Downloading typing_inspection-0.4.1-py3-none-any.whl (14 kB)
2025-07-16T00:08:21.9263178Z Downloading tzdata-2025.2-py2.py3-none-any.whl (347 kB)
2025-07-16T00:08:21.9332465Z Downloading uvicorn-0.35.0-py3-none-any.whl (66 kB)
2025-07-16T00:08:21.9410754Z Downloading httptools-0.6.4-cp312-cp312-manylinux_2_5_x86_64.manylinux1_x86_64.manylinux_2_17_x86_64.manylinux2014_x86_64.whl (510 kB)
2025-07-16T00:08:21.9485113Z Downloading PyYAML-6.0.2-cp312-cp312-manylinux_2_17_x86_64.manylinux2014_x86_64.whl (767 kB)
2025-07-16T00:08:21.9563261Z    ━━━━━━━━━━━━━━━━━━━━━━━━━━━━━━━━━━━━━━━ 767.5/767.5 kB 103.3 MB/s eta 0:00:00
2025-07-16T00:08:21.9595702Z Downloading uvloop-0.21.0-cp312-cp312-manylinux_2_17_x86_64.manylinux2014_x86_64.whl (4.7 MB)
2025-07-16T00:08:21.9843827Z    ━━━━━━━━━━━━━━━━━━━━━━━━━━━━━━━━━━━━━━━━ 4.7/4.7 MB 200.4 MB/s eta 0:00:00
2025-07-16T00:08:21.9872816Z Downloading watchfiles-1.1.0-cp312-cp312-manylinux_2_17_x86_64.manylinux2014_x86_64.whl (452 kB)
2025-07-16T00:08:21.9967801Z Downloading websockets-15.0.1-cp312-cp312-manylinux_2_5_x86_64.manylinux1_x86_64.manylinux_2_17_x86_64.manylinux2014_x86_64.whl (182 kB)
2025-07-16T00:08:22.0034204Z Downloading certifi-2025.7.14-py3-none-any.whl (162 kB)
2025-07-16T00:08:22.1023864Z Building wheels for collected packages: book_triage
2025-07-16T00:08:22.1032896Z   Building editable for book_triage (pyproject.toml): started
2025-07-16T00:08:22.1405446Z   Building editable for book_triage (pyproject.toml): finished with status 'done'
2025-07-16T00:08:22.1411822Z   Created wheel for book_triage: filename=book_triage-0.1.0-py3-none-any.whl size=10296 sha256=539e4c1255184acd7ec7c2a69df551a4721ec536aa76a12259e4da33ac739828
2025-07-16T00:08:22.1496961Z   Stored in directory: /tmp/pip-ephem-wheel-cache-xaimcvai/wheels/d3/8c/55/20b7343e2b9725e0ea7cb71535aa1bddd3950a939b56e58f9b
2025-07-16T00:08:22.1498202Z Successfully built book_triage
2025-07-16T00:08:22.2602793Z Installing collected packages: pytz, wrapt, websockets, uvloop, tzdata, typing-extensions, tqdm, sniffio, six, shellingham, pyyaml, python-multipart, python-magic, python-dotenv, pygments, pillow, packaging, numpy, mdurl, jiter, idna, httptools, h11, distro, click, certifi, annotated-types, uvicorn, typing-inspection, python-dateutil, pytesseract, pydantic-core, markdown-it-py, httpcore, deprecated, anyio, watchfiles, starlette, rich, pydantic, pandas, limits, httpx, typer, slowapi, openai, fastapi, book_triage
2025-07-16T00:08:32.5820184Z 
2025-07-16T00:08:32.5869835Z Successfully installed annotated-types-0.7.0 anyio-4.9.0 book_triage-0.1.0 certifi-2025.7.14 click-8.2.1 deprecated-1.2.18 distro-1.9.0 fastapi-0.116.1 h11-0.16.0 httpcore-1.0.9 httptools-0.6.4 httpx-0.28.1 idna-3.10 jiter-0.10.0 limits-5.4.0 markdown-it-py-3.0.0 mdurl-0.1.2 numpy-2.3.1 openai-1.96.1 packaging-25.0 pandas-2.3.1 pillow-11.3.0 pydantic-2.11.7 pydantic-core-2.33.2 pygments-2.19.2 pytesseract-0.3.13 python-dateutil-2.9.0.post0 python-dotenv-1.1.1 python-magic-0.4.27 python-multipart-0.0.20 pytz-2025.2 pyyaml-6.0.2 rich-14.0.0 shellingham-1.5.4 six-1.17.0 slowapi-0.1.9 sniffio-1.3.1 starlette-0.47.1 tqdm-4.67.1 typer-0.16.0 typing-extensions-4.14.1 typing-inspection-0.4.1 tzdata-2025.2 uvicorn-0.35.0 uvloop-0.21.0 watchfiles-1.1.0 websockets-15.0.1 wrapt-1.17.2
2025-07-16T00:08:33.9348940Z Collecting pytest
2025-07-16T00:08:33.9679635Z   Downloading pytest-8.4.1-py3-none-any.whl.metadata (7.7 kB)
2025-07-16T00:08:33.9868235Z Collecting pytest-cov
2025-07-16T00:08:33.9899781Z   Downloading pytest_cov-6.2.1-py3-none-any.whl.metadata (30 kB)
2025-07-16T00:08:34.0071157Z Collecting iniconfig>=1 (from pytest)
2025-07-16T00:08:34.0103842Z   Downloading iniconfig-2.1.0-py3-none-any.whl.metadata (2.7 kB)
2025-07-16T00:08:34.0145736Z Requirement already satisfied: packaging>=20 in /opt/hostedtoolcache/Python/3.12.11/x64/lib/python3.12/site-packages (from pytest) (25.0)
2025-07-16T00:08:34.0240969Z Collecting pluggy<2,>=1.5 (from pytest)
2025-07-16T00:08:34.0253020Z   Using cached pluggy-1.6.0-py3-none-any.whl.metadata (4.8 kB)
2025-07-16T00:08:34.0277514Z Requirement already satisfied: pygments>=2.7.2 in /opt/hostedtoolcache/Python/3.12.11/x64/lib/python3.12/site-packages (from pytest) (2.19.2)
2025-07-16T00:08:34.3335126Z Collecting coverage>=7.5 (from coverage[toml]>=7.5->pytest-cov)
2025-07-16T00:08:34.3370011Z   Downloading coverage-7.9.2-cp312-cp312-manylinux_2_5_x86_64.manylinux1_x86_64.manylinux_2_17_x86_64.manylinux2014_x86_64.whl.metadata (8.9 kB)
2025-07-16T00:08:34.3493946Z Downloading pytest-8.4.1-py3-none-any.whl (365 kB)
2025-07-16T00:08:34.3628331Z Using cached pluggy-1.6.0-py3-none-any.whl (20 kB)
2025-07-16T00:08:34.3660358Z Downloading pytest_cov-6.2.1-py3-none-any.whl (24 kB)
2025-07-16T00:08:34.3718900Z Downloading coverage-7.9.2-cp312-cp312-manylinux_2_5_x86_64.manylinux1_x86_64.manylinux_2_17_x86_64.manylinux2014_x86_64.whl (245 kB)
2025-07-16T00:08:34.3807376Z Downloading iniconfig-2.1.0-py3-none-any.whl (6.0 kB)
2025-07-16T00:08:34.4644063Z Installing collected packages: pluggy, iniconfig, coverage, pytest, pytest-cov
2025-07-16T00:08:34.8546063Z 
2025-07-16T00:08:34.8595281Z Successfully installed coverage-7.9.2 iniconfig-2.1.0 pluggy-1.6.0 pytest-8.4.1 pytest-cov-6.2.1
2025-07-16T00:08:34.9442443Z ##[group]Run python -m pytest tests/ -v --cov=book_triage --cov-report=term-missing
2025-07-16T00:08:34.9443022Z [36;1mpython -m pytest tests/ -v --cov=book_triage --cov-report=term-missing[0m
2025-07-16T00:08:34.9472701Z shell: /usr/bin/bash -e {0}
2025-07-16T00:08:34.9472927Z env:
2025-07-16T00:08:34.9473172Z   pythonLocation: /opt/hostedtoolcache/Python/3.12.11/x64
2025-07-16T00:08:34.9473577Z   PKG_CONFIG_PATH: /opt/hostedtoolcache/Python/3.12.11/x64/lib/pkgconfig
2025-07-16T00:08:34.9473977Z   Python_ROOT_DIR: /opt/hostedtoolcache/Python/3.12.11/x64
2025-07-16T00:08:34.9474321Z   Python2_ROOT_DIR: /opt/hostedtoolcache/Python/3.12.11/x64
2025-07-16T00:08:34.9474664Z   Python3_ROOT_DIR: /opt/hostedtoolcache/Python/3.12.11/x64
2025-07-16T00:08:34.9475109Z   LD_LIBRARY_PATH: /opt/hostedtoolcache/Python/3.12.11/x64/lib
2025-07-16T00:08:34.9475408Z ##[endgroup]
2025-07-16T00:08:36.3436907Z ============================= test session starts ==============================
2025-07-16T00:08:36.3438113Z platform linux -- Python 3.12.11, pytest-8.4.1, pluggy-1.6.0 -- /opt/hostedtoolcache/Python/3.12.11/x64/bin/python
2025-07-16T00:08:36.3438955Z cachedir: .pytest_cache
2025-07-16T00:08:36.3439477Z rootdir: /home/runner/work/book_triage_v0.1.0/book_triage_v0.1.0
2025-07-16T00:08:36.3440052Z configfile: pyproject.toml
2025-07-16T00:08:36.3440441Z plugins: cov-6.2.1, anyio-4.9.0
2025-07-16T00:08:40.7799340Z collecting ... collected 176 items / 1 error
2025-07-16T00:08:40.7799843Z 
2025-07-16T00:08:40.7800053Z ==================================== ERRORS ====================================
2025-07-16T00:08:40.7800680Z ________________ ERROR collecting tests/test_frontend_layout.py ________________
2025-07-16T00:08:40.7801469Z ImportError while importing test module '/home/runner/work/book_triage_v0.1.0/book_triage_v0.1.0/tests/test_frontend_layout.py'.
2025-07-16T00:08:40.7802269Z Hint: make sure your test modules/packages have valid Python names.
2025-07-16T00:08:40.7802841Z Traceback:
2025-07-16T00:08:40.7803385Z /opt/hostedtoolcache/Python/3.12.11/x64/lib/python3.12/site-packages/_pytest/python.py:498: in importtestmodule
2025-07-16T00:08:40.7803995Z     mod = import_path(
2025-07-16T00:08:40.7804518Z /opt/hostedtoolcache/Python/3.12.11/x64/lib/python3.12/site-packages/_pytest/pathlib.py:587: in import_path
2025-07-16T00:08:40.7805506Z     importlib.import_module(module_name)
2025-07-16T00:08:40.7806035Z /opt/hostedtoolcache/Python/3.12.11/x64/lib/python3.12/importlib/__init__.py:90: in import_module
2025-07-16T00:08:40.7806708Z     return _bootstrap._gcd_import(name[level:], package, level)
2025-07-16T00:08:40.7807079Z            ^^^^^^^^^^^^^^^^^^^^^^^^^^^^^^^^^^^^^^^^^^^^^^^^^^^^
2025-07-16T00:08:40.7807365Z <frozen importlib._bootstrap>:1387: in _gcd_import
2025-07-16T00:08:40.7807640Z     ???
2025-07-16T00:08:40.7808204Z <frozen importlib._bootstrap>:1360: in _find_and_load
2025-07-16T00:08:40.7808481Z     ???
2025-07-16T00:08:40.7808720Z <frozen importlib._bootstrap>:1331: in _find_and_load_unlocked
2025-07-16T00:08:40.7809031Z     ???
2025-07-16T00:08:40.7809230Z <frozen importlib._bootstrap>:935: in _load_unlocked
2025-07-16T00:08:40.7809508Z     ???
2025-07-16T00:08:40.7809965Z /opt/hostedtoolcache/Python/3.12.11/x64/lib/python3.12/site-packages/_pytest/assertion/rewrite.py:186: in exec_module
2025-07-16T00:08:40.7810506Z     exec(co, module.__dict__)
2025-07-16T00:08:40.7810762Z tests/test_frontend_layout.py:4: in <module>
2025-07-16T00:08:40.7811033Z     from bs4 import BeautifulSoup
2025-07-16T00:08:40.7811301Z E   ModuleNotFoundError: No module named 'bs4'
2025-07-16T00:08:40.7811604Z =============================== warnings summary ===============================
2025-07-16T00:08:40.7811901Z tests/test_security.py:87
2025-07-16T00:08:40.7813181Z   /home/runner/work/book_triage_v0.1.0/book_triage_v0.1.0/tests/test_security.py:87: PytestUnknownMarkWarning: Unknown pytest.mark.asyncio - is this a typo?  You can register custom marks to avoid this warning - for details, see https://docs.pytest.org/en/stable/how-to/mark.html
2025-07-16T00:08:40.7814382Z     @pytest.mark.asyncio
2025-07-16T00:08:40.7814529Z 
2025-07-16T00:08:40.7814614Z tests/test_security.py:97
2025-07-16T00:08:40.7815729Z   /home/runner/work/book_triage_v0.1.0/book_triage_v0.1.0/tests/test_security.py:97: PytestUnknownMarkWarning: Unknown pytest.mark.asyncio - is this a typo?  You can register custom marks to avoid this warning - for details, see https://docs.pytest.org/en/stable/how-to/mark.html
2025-07-16T00:08:40.7816766Z     @pytest.mark.asyncio
2025-07-16T00:08:40.7816897Z 
2025-07-16T00:08:40.7816992Z tests/test_security.py:111
2025-07-16T00:08:40.7817980Z   /home/runner/work/book_triage_v0.1.0/book_triage_v0.1.0/tests/test_security.py:111: PytestUnknownMarkWarning: Unknown pytest.mark.asyncio - is this a typo?  You can register custom marks to avoid this warning - for details, see https://docs.pytest.org/en/stable/how-to/mark.html
2025-07-16T00:08:40.7818983Z     @pytest.mark.asyncio
2025-07-16T00:08:40.7819106Z 
2025-07-16T00:08:40.7819334Z -- Docs: https://docs.pytest.org/en/stable/how-to/capture-warnings.html
2025-07-16T00:08:40.7819756Z =========================== short test summary info ============================
2025-07-16T00:08:40.7820051Z ERROR tests/test_frontend_layout.py
2025-07-16T00:08:40.7820345Z !!!!!!!!!!!!!!!!!!!! Interrupted: 1 error during collection !!!!!!!!!!!!!!!!!!!!
2025-07-16T00:08:40.7820681Z ========================= 3 warnings, 1 error in 4.27s =========================
2025-07-16T00:08:40.9369639Z ##[error]Process completed with exit code 2.
2025-07-16T00:08:40.9464775Z Post job cleanup.
2025-07-16T00:08:41.0406110Z [command]/usr/bin/git version
2025-07-16T00:08:41.0442913Z git version 2.50.1
2025-07-16T00:08:41.0487726Z Temporarily overriding HOME='/home/runner/work/_temp/8701dab8-0ec8-447c-8a35-5d02b6ed5b47' before making global git config changes
2025-07-16T00:08:41.0489069Z Adding repository directory to the temporary git global config as a safe directory
2025-07-16T00:08:41.0500821Z [command]/usr/bin/git config --global --add safe.directory /home/runner/work/book_triage_v0.1.0/book_triage_v0.1.0
2025-07-16T00:08:41.0535560Z [command]/usr/bin/git config --local --name-only --get-regexp core\.sshCommand
2025-07-16T00:08:41.0568697Z [command]/usr/bin/git submodule foreach --recursive sh -c "git config --local --name-only --get-regexp 'core\.sshCommand' && git config --local --unset-all 'core.sshCommand' || :"
2025-07-16T00:08:41.0793862Z [command]/usr/bin/git config --local --name-only --get-regexp http\.https\:\/\/github\.com\/\.extraheader
2025-07-16T00:08:41.0814536Z http.https://github.com/.extraheader
2025-07-16T00:08:41.0827613Z [command]/usr/bin/git config --local --unset-all http.https://github.com/.extraheader
2025-07-16T00:08:41.0858398Z [command]/usr/bin/git submodule foreach --recursive sh -c "git config --local --name-only --get-regexp 'http\.https\:\/\/github\.com\/\.extraheader' && git config --local --unset-all 'http.https://github.com/.extraheader' || :"
2025-07-16T00:08:41.1185786Z Cleaning up orphan processes
