2025-07-14T22:14:50.9542871Z Current runner version: '2.326.0'
2025-07-14T22:14:50.9577831Z ##[group]Runner Image Provisioner
2025-07-14T22:14:50.9579214Z Hosted Compute Agent
2025-07-14T22:14:50.9580119Z Version: 20250711.363
2025-07-14T22:14:50.9581466Z Commit: 6785254374ce925a23743850c1cb91912ce5c14c
2025-07-14T22:14:50.9582569Z Build Date: 2025-07-11T20:04:25Z
2025-07-14T22:14:50.9583544Z ##[endgroup]
2025-07-14T22:14:50.9584610Z ##[group]Operating System
2025-07-14T22:14:50.9585499Z Ubuntu
2025-07-14T22:14:50.9586313Z 24.04.2
2025-07-14T22:14:50.9587112Z LTS
2025-07-14T22:14:50.9587850Z ##[endgroup]
2025-07-14T22:14:50.9588735Z ##[group]Runner Image
2025-07-14T22:14:50.9589716Z Image: ubuntu-24.04
2025-07-14T22:14:50.9590549Z Version: 20250710.1.0
2025-07-14T22:14:50.9592522Z Included Software: https://github.com/actions/runner-images/blob/ubuntu24/20250710.1/images/ubuntu/Ubuntu2404-Readme.md
2025-07-14T22:14:50.9595193Z Image Release: https://github.com/actions/runner-images/releases/tag/ubuntu24%2F20250710.1
2025-07-14T22:14:50.9597622Z ##[endgroup]
2025-07-14T22:14:50.9599463Z ##[group]GITHUB_TOKEN Permissions
2025-07-14T22:14:50.9602852Z Contents: read
2025-07-14T22:14:50.9603753Z Metadata: read
2025-07-14T22:14:50.9604761Z Packages: read
2025-07-14T22:14:50.9605711Z ##[endgroup]
2025-07-14T22:14:50.9609470Z Secret source: Actions
2025-07-14T22:14:50.9611276Z Prepare workflow directory
2025-07-14T22:14:51.0094102Z Prepare all required actions
2025-07-14T22:14:51.0152229Z Getting action download info
2025-07-14T22:14:51.2793504Z ##[group]Download immutable action package 'actions/checkout@v4'
2025-07-14T22:14:51.2794576Z Version: 4.2.2
2025-07-14T22:14:51.2795549Z Digest: sha256:ccb2698953eaebd21c7bf6268a94f9c26518a7e38e27e0b83c1fe1ad049819b1
2025-07-14T22:14:51.2796756Z Source commit SHA: 11bd71901bbe5b1630ceea73d27597364c9af683
2025-07-14T22:14:51.2797517Z ##[endgroup]
2025-07-14T22:14:51.3792031Z ##[group]Download immutable action package 'actions/setup-python@v4'
2025-07-14T22:14:51.3793000Z Version: 4.9.1
2025-07-14T22:14:51.3793826Z Digest: sha256:f03e505388af670b5a108629e0ba26befc08d5c62b41f46146a45fe29ae509a5
2025-07-14T22:14:51.3794739Z Source commit SHA: 7f4fc3e22c37d6ff65e88745f38bd3157c663f7c
2025-07-14T22:14:51.3795522Z ##[endgroup]
2025-07-14T22:14:51.5727466Z ##[group]Download immutable action package 'actions/cache@v4'
2025-07-14T22:14:51.5728256Z Version: 4.2.3
2025-07-14T22:14:51.5728954Z Digest: sha256:c8a3bb963e1f1826d8fcc8d1354f0dd29d8ac1db1d4f6f20247055ae11b81ed9
2025-07-14T22:14:51.5730039Z Source commit SHA: 5a3ec84eff668545956fd18022155c47e93e2684
2025-07-14T22:14:51.5730728Z ##[endgroup]
2025-07-14T22:14:51.6767318Z Download action repository 'codecov/codecov-action@v3' (SHA:ab904c41d6ece82784817410c45d8b8c02684457)
2025-07-14T22:14:51.8758307Z ##[group]Download immutable action package 'actions/upload-artifact@v4'
2025-07-14T22:14:51.8759331Z Version: 4.6.2
2025-07-14T22:14:51.8760170Z Digest: sha256:290722aa3281d5caf23d0acdc3dbeb3424786a1a01a9cc97e72f147225e37c38
2025-07-14T22:14:51.8761491Z Source commit SHA: ea165f8d65b6e75b540449e92b4886f43607fa02
2025-07-14T22:14:51.8762322Z ##[endgroup]
2025-07-14T22:14:52.0882464Z Complete job name: test
2025-07-14T22:14:52.1601276Z ##[group]Run actions/checkout@v4
2025-07-14T22:14:52.1602215Z with:
2025-07-14T22:14:52.1602767Z   repository: fitydo/book_triage_v0.1.0
2025-07-14T22:14:52.1603545Z   token: ***
2025-07-14T22:14:52.1603996Z   ssh-strict: true
2025-07-14T22:14:52.1604446Z   ssh-user: git
2025-07-14T22:14:52.1604919Z   persist-credentials: true
2025-07-14T22:14:52.1605704Z   clean: true
2025-07-14T22:14:52.1606187Z   sparse-checkout-cone-mode: true
2025-07-14T22:14:52.1606752Z   fetch-depth: 1
2025-07-14T22:14:52.1607207Z   fetch-tags: false
2025-07-14T22:14:52.1607673Z   show-progress: true
2025-07-14T22:14:52.1608134Z   lfs: false
2025-07-14T22:14:52.1608560Z   submodules: false
2025-07-14T22:14:52.1609033Z   set-safe-directory: true
2025-07-14T22:14:52.1609769Z ##[endgroup]
2025-07-14T22:14:52.2679968Z Syncing repository: fitydo/book_triage_v0.1.0
2025-07-14T22:14:52.2682652Z ##[group]Getting Git version info
2025-07-14T22:14:52.2683617Z Working directory is '/home/runner/work/book_triage_v0.1.0/book_triage_v0.1.0'
2025-07-14T22:14:52.2684879Z [command]/usr/bin/git version
2025-07-14T22:14:52.2724050Z git version 2.50.1
2025-07-14T22:14:52.2750612Z ##[endgroup]
2025-07-14T22:14:52.2767315Z Temporarily overriding HOME='/home/runner/work/_temp/6d2e85ca-cc9f-4db3-af5a-e10fb01940cd' before making global git config changes
2025-07-14T22:14:52.2770113Z Adding repository directory to the temporary git global config as a safe directory
2025-07-14T22:14:52.2782017Z [command]/usr/bin/git config --global --add safe.directory /home/runner/work/book_triage_v0.1.0/book_triage_v0.1.0
2025-07-14T22:14:52.2816549Z Deleting the contents of '/home/runner/work/book_triage_v0.1.0/book_triage_v0.1.0'
2025-07-14T22:14:52.2820083Z ##[group]Initializing the repository
2025-07-14T22:14:52.2825455Z [command]/usr/bin/git init /home/runner/work/book_triage_v0.1.0/book_triage_v0.1.0
2025-07-14T22:14:52.2893576Z hint: Using 'master' as the name for the initial branch. This default branch name
2025-07-14T22:14:52.2894980Z hint: is subject to change. To configure the initial branch name to use in all
2025-07-14T22:14:52.2896643Z hint: of your new repositories, which will suppress this warning, call:
2025-07-14T22:14:52.2897513Z hint:
2025-07-14T22:14:52.2898481Z hint: 	git config --global init.defaultBranch <name>
2025-07-14T22:14:52.2899697Z hint:
2025-07-14T22:14:52.2901043Z hint: Names commonly chosen instead of 'master' are 'main', 'trunk' and
2025-07-14T22:14:52.2902928Z hint: 'development'. The just-created branch can be renamed via this command:
2025-07-14T22:14:52.2904422Z hint:
2025-07-14T22:14:52.2905247Z hint: 	git branch -m <name>
2025-07-14T22:14:52.2906102Z hint:
2025-07-14T22:14:52.2907259Z hint: Disable this message with "git config set advice.defaultBranchName false"
2025-07-14T22:14:52.2909564Z Initialized empty Git repository in /home/runner/work/book_triage_v0.1.0/book_triage_v0.1.0/.git/
2025-07-14T22:14:52.2913253Z [command]/usr/bin/git remote add origin https://github.com/fitydo/book_triage_v0.1.0
2025-07-14T22:14:52.2946903Z ##[endgroup]
2025-07-14T22:14:52.2947714Z ##[group]Disabling automatic garbage collection
2025-07-14T22:14:52.2948420Z [command]/usr/bin/git config --local gc.auto 0
2025-07-14T22:14:52.2974577Z ##[endgroup]
2025-07-14T22:14:52.2981208Z ##[group]Setting up auth
2025-07-14T22:14:52.2982052Z [command]/usr/bin/git config --local --name-only --get-regexp core\.sshCommand
2025-07-14T22:14:52.3009649Z [command]/usr/bin/git submodule foreach --recursive sh -c "git config --local --name-only --get-regexp 'core\.sshCommand' && git config --local --unset-all 'core.sshCommand' || :"
2025-07-14T22:14:52.3315375Z [command]/usr/bin/git config --local --name-only --get-regexp http\.https\:\/\/github\.com\/\.extraheader
2025-07-14T22:14:52.3346563Z [command]/usr/bin/git submodule foreach --recursive sh -c "git config --local --name-only --get-regexp 'http\.https\:\/\/github\.com\/\.extraheader' && git config --local --unset-all 'http.https://github.com/.extraheader' || :"
2025-07-14T22:14:52.3566352Z [command]/usr/bin/git config --local http.https://github.com/.extraheader AUTHORIZATION: basic ***
2025-07-14T22:14:52.3600300Z ##[endgroup]
2025-07-14T22:14:52.3601459Z ##[group]Fetching the repository
2025-07-14T22:14:52.3609154Z [command]/usr/bin/git -c protocol.version=2 fetch --no-tags --prune --no-recurse-submodules --depth=1 origin +d500a6bbbea156ce15e7e2a905bd787031e2ecc4:refs/remotes/origin/main
2025-07-14T22:14:52.5406245Z From https://github.com/fitydo/book_triage_v0.1.0
2025-07-14T22:14:52.5407296Z  * [new ref]         d500a6bbbea156ce15e7e2a905bd787031e2ecc4 -> origin/main
2025-07-14T22:14:52.5429753Z ##[endgroup]
2025-07-14T22:14:52.5430537Z ##[group]Determining the checkout info
2025-07-14T22:14:52.5432259Z ##[endgroup]
2025-07-14T22:14:52.5437036Z [command]/usr/bin/git sparse-checkout disable
2025-07-14T22:14:52.5475656Z [command]/usr/bin/git config --local --unset-all extensions.worktreeConfig
2025-07-14T22:14:52.5502650Z ##[group]Checking out the ref
2025-07-14T22:14:52.5505719Z [command]/usr/bin/git checkout --progress --force -B main refs/remotes/origin/main
2025-07-14T22:14:52.5675304Z Switched to a new branch 'main'
2025-07-14T22:14:52.5677050Z branch 'main' set up to track 'origin/main'.
2025-07-14T22:14:52.5683778Z ##[endgroup]
2025-07-14T22:14:52.5718076Z [command]/usr/bin/git log -1 --format=%H
2025-07-14T22:14:52.5740179Z d500a6bbbea156ce15e7e2a905bd787031e2ecc4
2025-07-14T22:14:52.5983349Z ##[group]Run actions/setup-python@v4
2025-07-14T22:14:52.6043110Z with:
2025-07-14T22:14:52.6043702Z   python-version: 3.12
2025-07-14T22:14:52.6044239Z   check-latest: false
2025-07-14T22:14:52.6044972Z   token: ***
2025-07-14T22:14:52.6045450Z   update-environment: true
2025-07-14T22:14:52.6045990Z   allow-prereleases: false
2025-07-14T22:14:52.6046541Z ##[endgroup]
2025-07-14T22:14:52.7736775Z ##[group]Installed versions
2025-07-14T22:14:52.7823828Z Successfully set up CPython (3.12.11)
2025-07-14T22:14:52.7825451Z ##[endgroup]
2025-07-14T22:14:52.8839426Z ##[group]Run actions/cache@v4
2025-07-14T22:14:52.8840003Z with:
2025-07-14T22:14:52.8840432Z   path: ~/.cache/pip
2025-07-14T22:14:52.8841437Z   key: Linux-pip-23b3967171b26f7ad914e280f0c8e2ab8ea08610f4da83303d49a301bd61b71f
2025-07-14T22:14:52.8842304Z   restore-keys: Linux-pip-

2025-07-14T22:14:52.8842850Z   enableCrossOsArchive: false
2025-07-14T22:14:52.8843374Z   fail-on-cache-miss: false
2025-07-14T22:14:52.8843872Z   lookup-only: false
2025-07-14T22:14:52.8844318Z   save-always: false
2025-07-14T22:14:52.8844765Z env:
2025-07-14T22:14:52.8845297Z   pythonLocation: /opt/hostedtoolcache/Python/3.12.11/x64
2025-07-14T22:14:52.8846150Z   PKG_CONFIG_PATH: /opt/hostedtoolcache/Python/3.12.11/x64/lib/pkgconfig
2025-07-14T22:14:52.8846972Z   Python_ROOT_DIR: /opt/hostedtoolcache/Python/3.12.11/x64
2025-07-14T22:14:52.8847726Z   Python2_ROOT_DIR: /opt/hostedtoolcache/Python/3.12.11/x64
2025-07-14T22:14:52.8848473Z   Python3_ROOT_DIR: /opt/hostedtoolcache/Python/3.12.11/x64
2025-07-14T22:14:52.8849308Z   LD_LIBRARY_PATH: /opt/hostedtoolcache/Python/3.12.11/x64/lib
2025-07-14T22:14:52.8849951Z ##[endgroup]
2025-07-14T22:14:53.1098927Z Cache not found for input keys: Linux-pip-23b3967171b26f7ad914e280f0c8e2ab8ea08610f4da83303d49a301bd61b71f, Linux-pip-
2025-07-14T22:14:53.1195570Z ##[group]Run sudo apt-get update
2025-07-14T22:14:53.1196249Z [36;1msudo apt-get update[0m
2025-07-14T22:14:53.1196888Z [36;1msudo apt-get install -y libmagic1 tesseract-ocr[0m
2025-07-14T22:14:53.1285247Z shell: /usr/bin/bash -e {0}
2025-07-14T22:14:53.1285790Z env:
2025-07-14T22:14:53.1286330Z   pythonLocation: /opt/hostedtoolcache/Python/3.12.11/x64
2025-07-14T22:14:53.1287179Z   PKG_CONFIG_PATH: /opt/hostedtoolcache/Python/3.12.11/x64/lib/pkgconfig
2025-07-14T22:14:53.1288031Z   Python_ROOT_DIR: /opt/hostedtoolcache/Python/3.12.11/x64
2025-07-14T22:14:53.1288790Z   Python2_ROOT_DIR: /opt/hostedtoolcache/Python/3.12.11/x64
2025-07-14T22:14:53.1289582Z   Python3_ROOT_DIR: /opt/hostedtoolcache/Python/3.12.11/x64
2025-07-14T22:14:53.1290357Z   LD_LIBRARY_PATH: /opt/hostedtoolcache/Python/3.12.11/x64/lib
2025-07-14T22:14:53.1291258Z ##[endgroup]
2025-07-14T22:14:53.1983104Z Get:1 file:/etc/apt/apt-mirrors.txt Mirrorlist [144 B]
2025-07-14T22:14:53.2340170Z Hit:2 http://azure.archive.ubuntu.com/ubuntu noble InRelease
2025-07-14T22:14:53.2369859Z Hit:6 https://packages.microsoft.com/repos/azure-cli noble InRelease
2025-07-14T22:14:53.2389782Z Get:3 http://azure.archive.ubuntu.com/ubuntu noble-updates InRelease [126 kB]
2025-07-14T22:14:53.2499207Z Get:4 http://azure.archive.ubuntu.com/ubuntu noble-backports InRelease [126 kB]
2025-07-14T22:14:53.2562768Z Get:7 https://packages.microsoft.com/ubuntu/24.04/prod noble InRelease [3600 B]
2025-07-14T22:14:53.2565826Z Get:5 http://azure.archive.ubuntu.com/ubuntu noble-security InRelease [126 kB]
2025-07-14T22:14:53.4695912Z Get:8 http://azure.archive.ubuntu.com/ubuntu noble-updates/main amd64 Packages [1238 kB]
2025-07-14T22:14:53.4832290Z Get:9 http://azure.archive.ubuntu.com/ubuntu noble-updates/main Translation-en [253 kB]
2025-07-14T22:14:53.4861866Z Get:10 http://azure.archive.ubuntu.com/ubuntu noble-updates/main amd64 Components [163 kB]
2025-07-14T22:14:53.4884064Z Get:11 http://azure.archive.ubuntu.com/ubuntu noble-updates/universe amd64 Packages [1106 kB]
2025-07-14T22:14:53.4962801Z Get:12 http://azure.archive.ubuntu.com/ubuntu noble-updates/universe Translation-en [282 kB]
2025-07-14T22:14:53.4991115Z Get:13 http://azure.archive.ubuntu.com/ubuntu noble-updates/universe amd64 Components [377 kB]
2025-07-14T22:14:53.5027735Z Get:14 http://azure.archive.ubuntu.com/ubuntu noble-updates/restricted amd64 Packages [1418 kB]
2025-07-14T22:14:53.5115733Z Get:15 http://azure.archive.ubuntu.com/ubuntu noble-updates/restricted Translation-en [303 kB]
2025-07-14T22:14:53.5149455Z Get:16 http://azure.archive.ubuntu.com/ubuntu noble-updates/restricted amd64 Components [212 B]
2025-07-14T22:14:53.5165602Z Get:17 http://azure.archive.ubuntu.com/ubuntu noble-updates/multiverse amd64 Components [940 B]
2025-07-14T22:14:53.5745333Z Get:18 http://azure.archive.ubuntu.com/ubuntu noble-backports/main amd64 Components [7084 B]
2025-07-14T22:14:53.5768327Z Get:19 http://azure.archive.ubuntu.com/ubuntu noble-backports/universe amd64 Components [28.3 kB]
2025-07-14T22:14:53.5799907Z Get:20 http://azure.archive.ubuntu.com/ubuntu noble-backports/restricted amd64 Components [216 B]
2025-07-14T22:14:53.5811821Z Get:21 http://azure.archive.ubuntu.com/ubuntu noble-backports/multiverse amd64 Components [212 B]
2025-07-14T22:14:53.5979164Z Get:22 https://packages.microsoft.com/ubuntu/24.04/prod noble/main amd64 Packages [40.3 kB]
2025-07-14T22:14:53.6026199Z Get:23 https://packages.microsoft.com/ubuntu/24.04/prod noble/main arm64 Packages [26.5 kB]
2025-07-14T22:14:53.6100402Z Get:24 https://packages.microsoft.com/ubuntu/24.04/prod noble/main armhf Packages [9349 B]
2025-07-14T22:14:53.6448501Z Get:25 http://azure.archive.ubuntu.com/ubuntu noble-security/main amd64 Packages [986 kB]
2025-07-14T22:14:53.6532432Z Get:26 http://azure.archive.ubuntu.com/ubuntu noble-security/main Translation-en [175 kB]
2025-07-14T22:14:53.6567794Z Get:27 http://azure.archive.ubuntu.com/ubuntu noble-security/main amd64 Components [21.5 kB]
2025-07-14T22:14:53.6615032Z Get:28 http://azure.archive.ubuntu.com/ubuntu noble-security/universe amd64 Packages [872 kB]
2025-07-14T22:14:53.6641800Z Get:29 http://azure.archive.ubuntu.com/ubuntu noble-security/universe Translation-en [192 kB]
2025-07-14T22:14:53.6673466Z Get:30 http://azure.archive.ubuntu.com/ubuntu noble-security/universe amd64 Components [52.2 kB]
2025-07-14T22:14:53.6698941Z Get:31 http://azure.archive.ubuntu.com/ubuntu noble-security/restricted amd64 Packages [1373 kB]
2025-07-14T22:14:53.6795213Z Get:32 http://azure.archive.ubuntu.com/ubuntu noble-security/restricted Translation-en [294 kB]
2025-07-14T22:14:53.6826218Z Get:33 http://azure.archive.ubuntu.com/ubuntu noble-security/restricted amd64 Components [212 B]
2025-07-14T22:14:53.6841663Z Get:34 http://azure.archive.ubuntu.com/ubuntu noble-security/multiverse amd64 Components [212 B]
2025-07-14T22:15:00.0547602Z Fetched 9601 kB in 1s (7634 kB/s)
2025-07-14T22:15:00.7334732Z Reading package lists...
2025-07-14T22:15:00.7649790Z Reading package lists...
2025-07-14T22:15:00.9285429Z Building dependency tree...
2025-07-14T22:15:00.9293655Z Reading state information...
2025-07-14T22:15:01.0813040Z libmagic1t64 is already the newest version (1:5.45-3build1).
2025-07-14T22:15:01.0813694Z libmagic1t64 set to manually installed.
2025-07-14T22:15:01.0814201Z The following additional packages will be installed:
2025-07-14T22:15:01.0820005Z   libgif7 liblept5 libtesseract5 tesseract-ocr-eng tesseract-ocr-osd
2025-07-14T22:15:01.1064068Z The following NEW packages will be installed:
2025-07-14T22:15:01.1069315Z   libgif7 liblept5 libtesseract5 tesseract-ocr tesseract-ocr-eng
2025-07-14T22:15:01.1069927Z   tesseract-ocr-osd
2025-07-14T22:15:01.1247317Z 0 upgraded, 6 newly installed, 0 to remove and 22 not upgraded.
2025-07-14T22:15:01.1248451Z Need to get 8412 kB of archives.
2025-07-14T22:15:01.1249022Z After this operation, 21.9 MB of additional disk space will be used.
2025-07-14T22:15:01.1249461Z Get:1 file:/etc/apt/apt-mirrors.txt Mirrorlist [144 B]
2025-07-14T22:15:01.1592574Z Get:2 http://azure.archive.ubuntu.com/ubuntu noble/main amd64 libgif7 amd64 5.2.2-1ubuntu1 [35.2 kB]
2025-07-14T22:15:01.1783156Z Get:3 http://azure.archive.ubuntu.com/ubuntu noble/universe amd64 liblept5 amd64 1.82.0-3build4 [1099 kB]
2025-07-14T22:15:01.2494370Z Get:4 http://azure.archive.ubuntu.com/ubuntu noble/universe amd64 libtesseract5 amd64 5.3.4-1build5 [1291 kB]
2025-07-14T22:15:01.3430621Z Get:5 http://azure.archive.ubuntu.com/ubuntu noble/universe amd64 tesseract-ocr-eng all 1:4.1.0-2 [1818 kB]
2025-07-14T22:15:01.4899740Z Get:6 http://azure.archive.ubuntu.com/ubuntu noble/universe amd64 tesseract-ocr-osd all 1:4.1.0-2 [3841 kB]
2025-07-14T22:15:01.6908496Z Get:7 http://azure.archive.ubuntu.com/ubuntu noble/universe amd64 tesseract-ocr amd64 5.3.4-1build5 [328 kB]
2025-07-14T22:15:01.9947830Z Fetched 8412 kB in 1s (14.1 MB/s)
2025-07-14T22:15:02.0195426Z Selecting previously unselected package libgif7:amd64.
2025-07-14T22:15:02.0440633Z (Reading database ... 
2025-07-14T22:15:02.0441294Z (Reading database ... 5%
2025-07-14T22:15:02.0441810Z (Reading database ... 10%
2025-07-14T22:15:02.0442234Z (Reading database ... 15%
2025-07-14T22:15:02.0442650Z (Reading database ... 20%
2025-07-14T22:15:02.0443221Z (Reading database ... 25%
2025-07-14T22:15:02.0443705Z (Reading database ... 30%
2025-07-14T22:15:02.0444051Z (Reading database ... 35%
2025-07-14T22:15:02.0444380Z (Reading database ... 40%
2025-07-14T22:15:02.0444639Z (Reading database ... 45%
2025-07-14T22:15:02.0444904Z (Reading database ... 50%
2025-07-14T22:15:02.0580097Z (Reading database ... 55%
2025-07-14T22:15:02.0864874Z (Reading database ... 60%
2025-07-14T22:15:02.1193496Z (Reading database ... 65%
2025-07-14T22:15:02.1617199Z (Reading database ... 70%
2025-07-14T22:15:02.1951312Z (Reading database ... 75%
2025-07-14T22:15:02.2399360Z (Reading database ... 80%
2025-07-14T22:15:02.2785020Z (Reading database ... 85%
2025-07-14T22:15:02.3729584Z (Reading database ... 90%
2025-07-14T22:15:02.4083674Z (Reading database ... 95%
2025-07-14T22:15:02.4084502Z (Reading database ... 100%
2025-07-14T22:15:02.4085130Z (Reading database ... 219506 files and directories currently installed.)
2025-07-14T22:15:02.4132446Z Preparing to unpack .../0-libgif7_5.2.2-1ubuntu1_amd64.deb ...
2025-07-14T22:15:02.4226624Z Unpacking libgif7:amd64 (5.2.2-1ubuntu1) ...
2025-07-14T22:15:02.4597319Z Selecting previously unselected package liblept5:amd64.
2025-07-14T22:15:02.4735777Z Preparing to unpack .../1-liblept5_1.82.0-3build4_amd64.deb ...
2025-07-14T22:15:02.4749155Z Unpacking liblept5:amd64 (1.82.0-3build4) ...
2025-07-14T22:15:02.5115498Z Selecting previously unselected package libtesseract5:amd64.
2025-07-14T22:15:02.5251420Z Preparing to unpack .../2-libtesseract5_5.3.4-1build5_amd64.deb ...
2025-07-14T22:15:02.5266045Z Unpacking libtesseract5:amd64 (5.3.4-1build5) ...
2025-07-14T22:15:02.5685501Z Selecting previously unselected package tesseract-ocr-eng.
2025-07-14T22:15:02.5822500Z Preparing to unpack .../3-tesseract-ocr-eng_1%3a4.1.0-2_all.deb ...
2025-07-14T22:15:02.5840234Z Unpacking tesseract-ocr-eng (1:4.1.0-2) ...
2025-07-14T22:15:02.6238392Z Selecting previously unselected package tesseract-ocr-osd.
2025-07-14T22:15:02.6375926Z Preparing to unpack .../4-tesseract-ocr-osd_1%3a4.1.0-2_all.deb ...
2025-07-14T22:15:02.6389085Z Unpacking tesseract-ocr-osd (1:4.1.0-2) ...
2025-07-14T22:15:02.7053375Z Selecting previously unselected package tesseract-ocr.
2025-07-14T22:15:02.7192547Z Preparing to unpack .../5-tesseract-ocr_5.3.4-1build5_amd64.deb ...
2025-07-14T22:15:02.7206240Z Unpacking tesseract-ocr (5.3.4-1build5) ...
2025-07-14T22:15:02.9212899Z Setting up tesseract-ocr-eng (1:4.1.0-2) ...
2025-07-14T22:15:02.9259450Z Setting up libgif7:amd64 (5.2.2-1ubuntu1) ...
2025-07-14T22:15:02.9307098Z Setting up tesseract-ocr-osd (1:4.1.0-2) ...
2025-07-14T22:15:02.9356290Z Setting up liblept5:amd64 (1.82.0-3build4) ...
2025-07-14T22:15:02.9406440Z Setting up libtesseract5:amd64 (5.3.4-1build5) ...
2025-07-14T22:15:02.9444122Z Setting up tesseract-ocr (5.3.4-1build5) ...
2025-07-14T22:15:02.9489497Z Processing triggers for man-db (2.12.0-4build2) ...
2025-07-14T22:16:01.1113248Z Processing triggers for libc-bin (2.39-0ubuntu8.4) ...
2025-07-14T22:16:03.4946429Z 
2025-07-14T22:16:03.4948609Z Running kernel seems to be up-to-date.
2025-07-14T22:16:03.4949018Z 
2025-07-14T22:16:03.4949133Z Restarting services...
2025-07-14T22:16:03.5018861Z 
2025-07-14T22:16:03.5019291Z Service restarts being deferred:
2025-07-14T22:16:03.5021239Z  systemctl restart hosted-compute-agent.service
2025-07-14T22:16:03.5021632Z 
2025-07-14T22:16:03.5021799Z No containers need to be restarted.
2025-07-14T22:16:03.5022078Z 
2025-07-14T22:16:03.5022285Z No user sessions are running outdated binaries.
2025-07-14T22:16:03.5022642Z 
2025-07-14T22:16:03.5022939Z No VM guests are running outdated hypervisor (qemu) binaries on this host.
2025-07-14T22:16:04.3946655Z ##[group]Run python -m pip install --upgrade pip
2025-07-14T22:16:04.3947027Z [36;1mpython -m pip install --upgrade pip[0m
2025-07-14T22:16:04.3947299Z [36;1mpip install -e .[0m
2025-07-14T22:16:04.3947575Z [36;1mpip install requests pytest-cov coverage codecov[0m
2025-07-14T22:16:04.3981966Z shell: /usr/bin/bash -e {0}
2025-07-14T22:16:04.3982184Z env:
2025-07-14T22:16:04.3982418Z   pythonLocation: /opt/hostedtoolcache/Python/3.12.11/x64
2025-07-14T22:16:04.3982916Z   PKG_CONFIG_PATH: /opt/hostedtoolcache/Python/3.12.11/x64/lib/pkgconfig
2025-07-14T22:16:04.3983286Z   Python_ROOT_DIR: /opt/hostedtoolcache/Python/3.12.11/x64
2025-07-14T22:16:04.3983639Z   Python2_ROOT_DIR: /opt/hostedtoolcache/Python/3.12.11/x64
2025-07-14T22:16:04.3984014Z   Python3_ROOT_DIR: /opt/hostedtoolcache/Python/3.12.11/x64
2025-07-14T22:16:04.3984369Z   LD_LIBRARY_PATH: /opt/hostedtoolcache/Python/3.12.11/x64/lib
2025-07-14T22:16:04.3984673Z ##[endgroup]
2025-07-14T22:16:06.7461091Z Requirement already satisfied: pip in /opt/hostedtoolcache/Python/3.12.11/x64/lib/python3.12/site-packages (25.1.1)
2025-07-14T22:16:07.3157244Z Obtaining file:///home/runner/work/book_triage_v0.1.0/book_triage_v0.1.0
2025-07-14T22:16:07.3185546Z   Installing build dependencies: started
2025-07-14T22:16:08.0267905Z   Installing build dependencies: finished with status 'done'
2025-07-14T22:16:08.0274021Z   Checking if build backend supports build_editable: started
2025-07-14T22:16:08.0707758Z   Checking if build backend supports build_editable: finished with status 'done'
2025-07-14T22:16:08.0716929Z   Getting requirements to build editable: started
2025-07-14T22:16:08.2003122Z   Getting requirements to build editable: finished with status 'done'
2025-07-14T22:16:08.2016478Z   Installing backend dependencies: started
2025-07-14T22:16:08.7204884Z   Installing backend dependencies: finished with status 'done'
2025-07-14T22:16:08.7211280Z   Preparing editable metadata (pyproject.toml): started
2025-07-14T22:16:08.9241587Z   Preparing editable metadata (pyproject.toml): finished with status 'done'
2025-07-14T22:16:09.0199046Z Collecting fastapi>=0.104.0 (from book_triage==0.1.0)
2025-07-14T22:16:09.0583283Z   Downloading fastapi-0.116.1-py3-none-any.whl.metadata (28 kB)
2025-07-14T22:16:09.1333230Z Collecting openai>=1.0.0 (from book_triage==0.1.0)
2025-07-14T22:16:09.1371726Z   Downloading openai-1.95.1-py3-none-any.whl.metadata (29 kB)
2025-07-14T22:16:09.2637744Z Collecting pandas>=2.0.0 (from book_triage==0.1.0)
2025-07-14T22:16:09.2673661Z   Downloading pandas-2.3.1-cp312-cp312-manylinux_2_17_x86_64.manylinux2014_x86_64.whl.metadata (91 kB)
2025-07-14T22:16:09.4777414Z Collecting pillow>=10.0.0 (from book_triage==0.1.0)
2025-07-14T22:16:09.4823630Z   Downloading pillow-11.3.0-cp312-cp312-manylinux_2_27_x86_64.manylinux_2_28_x86_64.whl.metadata (9.0 kB)
2025-07-14T22:16:09.4999954Z Collecting pytesseract>=0.3.10 (from book_triage==0.1.0)
2025-07-14T22:16:09.5042480Z   Downloading pytesseract-0.3.13-py3-none-any.whl.metadata (11 kB)
2025-07-14T22:16:09.5225007Z Collecting python-dotenv>=1.0.0 (from book_triage==0.1.0)
2025-07-14T22:16:09.5258759Z   Downloading python_dotenv-1.1.1-py3-none-any.whl.metadata (24 kB)
2025-07-14T22:16:09.5414229Z Collecting python-magic>=0.4.27 (from book_triage==0.1.0)
2025-07-14T22:16:09.5446232Z   Downloading python_magic-0.4.27-py2.py3-none-any.whl.metadata (5.8 kB)
2025-07-14T22:16:09.5584008Z Collecting python-multipart>=0.0.6 (from book_triage==0.1.0)
2025-07-14T22:16:09.5617170Z   Downloading python_multipart-0.0.20-py3-none-any.whl.metadata (1.8 kB)
2025-07-14T22:16:09.5735338Z Collecting slowapi>=0.1.8 (from book_triage==0.1.0)
2025-07-14T22:16:09.5768206Z   Downloading slowapi-0.1.9-py3-none-any.whl.metadata (3.0 kB)
2025-07-14T22:16:09.6097685Z Collecting tqdm>=4.65.0 (from book_triage==0.1.0)
2025-07-14T22:16:09.6132199Z   Downloading tqdm-4.67.1-py3-none-any.whl.metadata (57 kB)
2025-07-14T22:16:09.6372348Z Collecting typer>=0.9.0 (from book_triage==0.1.0)
2025-07-14T22:16:09.6409244Z   Downloading typer-0.16.0-py3-none-any.whl.metadata (15 kB)
2025-07-14T22:16:09.6711522Z Collecting uvicorn>=0.24.0 (from uvicorn[standard]>=0.24.0->book_triage==0.1.0)
2025-07-14T22:16:09.6744161Z   Downloading uvicorn-0.35.0-py3-none-any.whl.metadata (6.5 kB)
2025-07-14T22:16:09.7053157Z Collecting starlette<0.48.0,>=0.40.0 (from fastapi>=0.104.0->book_triage==0.1.0)
2025-07-14T22:16:09.7095803Z   Downloading starlette-0.47.1-py3-none-any.whl.metadata (6.2 kB)
2025-07-14T22:16:09.8421528Z Collecting pydantic!=1.8,!=1.8.1,!=2.0.0,!=2.0.1,!=2.1.0,<3.0.0,>=1.7.4 (from fastapi>=0.104.0->book_triage==0.1.0)
2025-07-14T22:16:09.8457751Z   Downloading pydantic-2.11.7-py3-none-any.whl.metadata (67 kB)
2025-07-14T22:16:09.8672350Z Collecting typing-extensions>=4.8.0 (from fastapi>=0.104.0->book_triage==0.1.0)
2025-07-14T22:16:09.8705797Z   Downloading typing_extensions-4.14.1-py3-none-any.whl.metadata (3.0 kB)
2025-07-14T22:16:09.8840354Z Collecting annotated-types>=0.6.0 (from pydantic!=1.8,!=1.8.1,!=2.0.0,!=2.0.1,!=2.1.0,<3.0.0,>=1.7.4->fastapi>=0.104.0->book_triage==0.1.0)
2025-07-14T22:16:09.8873530Z   Downloading annotated_types-0.7.0-py3-none-any.whl.metadata (15 kB)
2025-07-14T22:16:10.4794465Z Collecting pydantic-core==2.33.2 (from pydantic!=1.8,!=1.8.1,!=2.0.0,!=2.0.1,!=2.1.0,<3.0.0,>=1.7.4->fastapi>=0.104.0->book_triage==0.1.0)
2025-07-14T22:16:10.4833672Z   Downloading pydantic_core-2.33.2-cp312-cp312-manylinux_2_17_x86_64.manylinux2014_x86_64.whl.metadata (6.8 kB)
2025-07-14T22:16:10.5039339Z Collecting typing-inspection>=0.4.0 (from pydantic!=1.8,!=1.8.1,!=2.0.0,!=2.0.1,!=2.1.0,<3.0.0,>=1.7.4->fastapi>=0.104.0->book_triage==0.1.0)
2025-07-14T22:16:10.5071066Z   Downloading typing_inspection-0.4.1-py3-none-any.whl.metadata (2.6 kB)
2025-07-14T22:16:10.5329929Z Collecting anyio<5,>=3.6.2 (from starlette<0.48.0,>=0.40.0->fastapi>=0.104.0->book_triage==0.1.0)
2025-07-14T22:16:10.5363695Z   Downloading anyio-4.9.0-py3-none-any.whl.metadata (4.7 kB)
2025-07-14T22:16:10.5590271Z Collecting idna>=2.8 (from anyio<5,>=3.6.2->starlette<0.48.0,>=0.40.0->fastapi>=0.104.0->book_triage==0.1.0)
2025-07-14T22:16:10.5624318Z   Downloading idna-3.10-py3-none-any.whl.metadata (10 kB)
2025-07-14T22:16:10.5741419Z Collecting sniffio>=1.1 (from anyio<5,>=3.6.2->starlette<0.48.0,>=0.40.0->fastapi>=0.104.0->book_triage==0.1.0)
2025-07-14T22:16:10.5772843Z   Downloading sniffio-1.3.1-py3-none-any.whl.metadata (3.9 kB)
2025-07-14T22:16:10.6028519Z Collecting distro<2,>=1.7.0 (from openai>=1.0.0->book_triage==0.1.0)
2025-07-14T22:16:10.6060337Z   Downloading distro-1.9.0-py3-none-any.whl.metadata (6.8 kB)
2025-07-14T22:16:10.6300695Z Collecting httpx<1,>=0.23.0 (from openai>=1.0.0->book_triage==0.1.0)
2025-07-14T22:16:10.6333400Z   Downloading httpx-0.28.1-py3-none-any.whl.metadata (7.1 kB)
2025-07-14T22:16:10.6935276Z Collecting jiter<1,>=0.4.0 (from openai>=1.0.0->book_triage==0.1.0)
2025-07-14T22:16:10.6973412Z   Downloading jiter-0.10.0-cp312-cp312-manylinux_2_17_x86_64.manylinux2014_x86_64.whl.metadata (5.2 kB)
2025-07-14T22:16:10.7712235Z Collecting certifi (from httpx<1,>=0.23.0->openai>=1.0.0->book_triage==0.1.0)
2025-07-14T22:16:10.7743916Z   Downloading certifi-2025.7.14-py3-none-any.whl.metadata (2.4 kB)
2025-07-14T22:16:10.7943959Z Collecting httpcore==1.* (from httpx<1,>=0.23.0->openai>=1.0.0->book_triage==0.1.0)
2025-07-14T22:16:10.7979173Z   Downloading httpcore-1.0.9-py3-none-any.whl.metadata (21 kB)
2025-07-14T22:16:10.8137541Z Collecting h11>=0.16 (from httpcore==1.*->httpx<1,>=0.23.0->openai>=1.0.0->book_triage==0.1.0)
2025-07-14T22:16:10.8170535Z   Downloading h11-0.16.0-py3-none-any.whl.metadata (8.3 kB)
2025-07-14T22:16:11.0191048Z Collecting numpy>=1.26.0 (from pandas>=2.0.0->book_triage==0.1.0)
2025-07-14T22:16:11.0226334Z   Downloading numpy-2.3.1-cp312-cp312-manylinux_2_28_x86_64.whl.metadata (62 kB)
2025-07-14T22:16:11.0472670Z Collecting python-dateutil>=2.8.2 (from pandas>=2.0.0->book_triage==0.1.0)
2025-07-14T22:16:11.0505069Z   Downloading python_dateutil-2.9.0.post0-py2.py3-none-any.whl.metadata (8.4 kB)
2025-07-14T22:16:11.0916417Z Collecting pytz>=2020.1 (from pandas>=2.0.0->book_triage==0.1.0)
2025-07-14T22:16:11.0949345Z   Downloading pytz-2025.2-py2.py3-none-any.whl.metadata (22 kB)
2025-07-14T22:16:11.1113264Z Collecting tzdata>=2022.7 (from pandas>=2.0.0->book_triage==0.1.0)
2025-07-14T22:16:11.1146740Z   Downloading tzdata-2025.2-py2.py3-none-any.whl.metadata (1.4 kB)
2025-07-14T22:16:11.1346086Z Collecting packaging>=21.3 (from pytesseract>=0.3.10->book_triage==0.1.0)
2025-07-14T22:16:11.1358011Z   Using cached packaging-25.0-py3-none-any.whl.metadata (3.3 kB)
2025-07-14T22:16:11.1562914Z Collecting six>=1.5 (from python-dateutil>=2.8.2->pandas>=2.0.0->book_triage==0.1.0)
2025-07-14T22:16:11.1605762Z   Downloading six-1.17.0-py2.py3-none-any.whl.metadata (1.7 kB)
2025-07-14T22:16:11.1940204Z Collecting limits>=2.3 (from slowapi>=0.1.8->book_triage==0.1.0)
2025-07-14T22:16:11.1973290Z   Downloading limits-5.4.0-py3-none-any.whl.metadata (10 kB)
2025-07-14T22:16:11.2198159Z Collecting deprecated>=1.2 (from limits>=2.3->slowapi>=0.1.8->book_triage==0.1.0)
2025-07-14T22:16:11.2235310Z   Downloading Deprecated-1.2.18-py2.py3-none-any.whl.metadata (5.7 kB)
2025-07-14T22:16:11.3155233Z Collecting wrapt<2,>=1.10 (from deprecated>=1.2->limits>=2.3->slowapi>=0.1.8->book_triage==0.1.0)
2025-07-14T22:16:11.3193382Z   Downloading wrapt-1.17.2-cp312-cp312-manylinux_2_5_x86_64.manylinux1_x86_64.manylinux_2_17_x86_64.manylinux2014_x86_64.whl.metadata (6.4 kB)
2025-07-14T22:16:11.3447843Z Collecting click>=8.0.0 (from typer>=0.9.0->book_triage==0.1.0)
2025-07-14T22:16:11.3480230Z   Downloading click-8.2.1-py3-none-any.whl.metadata (2.5 kB)
2025-07-14T22:16:11.3691070Z Collecting shellingham>=1.3.0 (from typer>=0.9.0->book_triage==0.1.0)
2025-07-14T22:16:11.3724078Z   Downloading shellingham-1.5.4-py2.py3-none-any.whl.metadata (3.5 kB)
2025-07-14T22:16:11.4135356Z Collecting rich>=10.11.0 (from typer>=0.9.0->book_triage==0.1.0)
2025-07-14T22:16:11.4171628Z   Downloading rich-14.0.0-py3-none-any.whl.metadata (18 kB)
2025-07-14T22:16:11.4379846Z Collecting markdown-it-py>=2.2.0 (from rich>=10.11.0->typer>=0.9.0->book_triage==0.1.0)
2025-07-14T22:16:11.4415128Z   Downloading markdown_it_py-3.0.0-py3-none-any.whl.metadata (6.9 kB)
2025-07-14T22:16:11.4665576Z Collecting pygments<3.0.0,>=2.13.0 (from rich>=10.11.0->typer>=0.9.0->book_triage==0.1.0)
2025-07-14T22:16:11.4698004Z   Downloading pygments-2.19.2-py3-none-any.whl.metadata (2.5 kB)
2025-07-14T22:16:11.4849774Z Collecting mdurl~=0.1 (from markdown-it-py>=2.2.0->rich>=10.11.0->typer>=0.9.0->book_triage==0.1.0)
2025-07-14T22:16:11.4882591Z   Downloading mdurl-0.1.2-py3-none-any.whl.metadata (1.6 kB)
2025-07-14T22:16:11.5393717Z Collecting httptools>=0.6.3 (from uvicorn[standard]>=0.24.0->book_triage==0.1.0)
2025-07-14T22:16:11.5429078Z   Downloading httptools-0.6.4-cp312-cp312-manylinux_2_5_x86_64.manylinux1_x86_64.manylinux_2_17_x86_64.manylinux2014_x86_64.whl.metadata (3.6 kB)
2025-07-14T22:16:11.5815932Z Collecting pyyaml>=5.1 (from uvicorn[standard]>=0.24.0->book_triage==0.1.0)
2025-07-14T22:16:11.5851679Z   Downloading PyYAML-6.0.2-cp312-cp312-manylinux_2_17_x86_64.manylinux2014_x86_64.whl.metadata (2.1 kB)
2025-07-14T22:16:11.6243028Z Collecting uvloop>=0.15.1 (from uvicorn[standard]>=0.24.0->book_triage==0.1.0)
2025-07-14T22:16:11.6284642Z   Downloading uvloop-0.21.0-cp312-cp312-manylinux_2_17_x86_64.manylinux2014_x86_64.whl.metadata (4.9 kB)
2025-07-14T22:16:11.6988637Z Collecting watchfiles>=0.13 (from uvicorn[standard]>=0.24.0->book_triage==0.1.0)
2025-07-14T22:16:11.7023184Z   Downloading watchfiles-1.1.0-cp312-cp312-manylinux_2_17_x86_64.manylinux2014_x86_64.whl.metadata (4.9 kB)
2025-07-14T22:16:11.7889433Z Collecting websockets>=10.4 (from uvicorn[standard]>=0.24.0->book_triage==0.1.0)
2025-07-14T22:16:11.7924545Z   Downloading websockets-15.0.1-cp312-cp312-manylinux_2_5_x86_64.manylinux1_x86_64.manylinux_2_17_x86_64.manylinux2014_x86_64.whl.metadata (6.8 kB)
2025-07-14T22:16:11.8173391Z Downloading fastapi-0.116.1-py3-none-any.whl (95 kB)
2025-07-14T22:16:11.8234464Z Downloading pydantic-2.11.7-py3-none-any.whl (444 kB)
2025-07-14T22:16:11.8318096Z Downloading pydantic_core-2.33.2-cp312-cp312-manylinux_2_17_x86_64.manylinux2014_x86_64.whl (2.0 MB)
2025-07-14T22:16:11.8510719Z    ━━━━━━━━━━━━━━━━━━━━━━━━━━━━━━━━━━━━━━━━ 2.0/2.0 MB 106.7 MB/s eta 0:00:00
2025-07-14T22:16:11.8543628Z Downloading starlette-0.47.1-py3-none-any.whl (72 kB)
2025-07-14T22:16:11.8598636Z Downloading anyio-4.9.0-py3-none-any.whl (100 kB)
2025-07-14T22:16:11.8656722Z Downloading annotated_types-0.7.0-py3-none-any.whl (13 kB)
2025-07-14T22:16:11.8716211Z Downloading idna-3.10-py3-none-any.whl (70 kB)
2025-07-14T22:16:11.8773152Z Downloading openai-1.95.1-py3-none-any.whl (755 kB)
2025-07-14T22:16:11.8841394Z    ━━━━━━━━━━━━━━━━━━━━━━━━━━━━━━━━━━━━━━━ 755.6/755.6 kB 117.5 MB/s eta 0:00:00
2025-07-14T22:16:11.8875265Z Downloading distro-1.9.0-py3-none-any.whl (20 kB)
2025-07-14T22:16:11.8946879Z Downloading httpx-0.28.1-py3-none-any.whl (73 kB)
2025-07-14T22:16:11.9009049Z Downloading httpcore-1.0.9-py3-none-any.whl (78 kB)
2025-07-14T22:16:11.9069990Z Downloading jiter-0.10.0-cp312-cp312-manylinux_2_17_x86_64.manylinux2014_x86_64.whl (352 kB)
2025-07-14T22:16:11.9143855Z Downloading typing_extensions-4.14.1-py3-none-any.whl (43 kB)
2025-07-14T22:16:11.9199472Z Downloading h11-0.16.0-py3-none-any.whl (37 kB)
2025-07-14T22:16:11.9262172Z Downloading pandas-2.3.1-cp312-cp312-manylinux_2_17_x86_64.manylinux2014_x86_64.whl (12.0 MB)
2025-07-14T22:16:11.9892011Z    ━━━━━━━━━━━━━━━━━━━━━━━━━━━━━━━━━━━━━━━━ 12.0/12.0 MB 193.8 MB/s eta 0:00:00
2025-07-14T22:16:11.9930049Z Downloading numpy-2.3.1-cp312-cp312-manylinux_2_28_x86_64.whl (16.6 MB)
2025-07-14T22:16:12.0598914Z    ━━━━━━━━━━━━━━━━━━━━━━━━━━━━━━━━━━━━━━━━ 16.6/16.6 MB 255.9 MB/s eta 0:00:00
2025-07-14T22:16:12.0709464Z Downloading pillow-11.3.0-cp312-cp312-manylinux_2_27_x86_64.manylinux_2_28_x86_64.whl (6.6 MB)
2025-07-14T22:16:12.1021304Z    ━━━━━━━━━━━━━━━━━━━━━━━━━━━━━━━━━━━━━━━━ 6.6/6.6 MB 223.1 MB/s eta 0:00:00
2025-07-14T22:16:12.1053927Z Downloading pytesseract-0.3.13-py3-none-any.whl (14 kB)
2025-07-14T22:16:12.1090015Z Using cached packaging-25.0-py3-none-any.whl (66 kB)
2025-07-14T22:16:12.1122201Z Downloading python_dateutil-2.9.0.post0-py2.py3-none-any.whl (229 kB)
2025-07-14T22:16:12.1184213Z Downloading python_dotenv-1.1.1-py3-none-any.whl (20 kB)
2025-07-14T22:16:12.1248669Z Downloading python_magic-0.4.27-py2.py3-none-any.whl (13 kB)
2025-07-14T22:16:12.1308385Z Downloading python_multipart-0.0.20-py3-none-any.whl (24 kB)
2025-07-14T22:16:12.1369587Z Downloading pytz-2025.2-py2.py3-none-any.whl (509 kB)
2025-07-14T22:16:12.1449476Z Downloading six-1.17.0-py2.py3-none-any.whl (11 kB)
2025-07-14T22:16:12.1504618Z Downloading slowapi-0.1.9-py3-none-any.whl (14 kB)
2025-07-14T22:16:12.1559865Z Downloading limits-5.4.0-py3-none-any.whl (60 kB)
2025-07-14T22:16:12.1627671Z Downloading Deprecated-1.2.18-py2.py3-none-any.whl (10.0 kB)
2025-07-14T22:16:12.1685126Z Downloading wrapt-1.17.2-cp312-cp312-manylinux_2_5_x86_64.manylinux1_x86_64.manylinux_2_17_x86_64.manylinux2014_x86_64.whl (89 kB)
2025-07-14T22:16:12.1744837Z Downloading sniffio-1.3.1-py3-none-any.whl (10 kB)
2025-07-14T22:16:12.1859351Z Downloading tqdm-4.67.1-py3-none-any.whl (78 kB)
2025-07-14T22:16:12.1921460Z Downloading typer-0.16.0-py3-none-any.whl (46 kB)
2025-07-14T22:16:12.1984230Z Downloading click-8.2.1-py3-none-any.whl (102 kB)
2025-07-14T22:16:12.2041592Z Downloading rich-14.0.0-py3-none-any.whl (243 kB)
2025-07-14T22:16:12.2113047Z Downloading pygments-2.19.2-py3-none-any.whl (1.2 MB)
2025-07-14T22:16:12.2203628Z    ━━━━━━━━━━━━━━━━━━━━━━━━━━━━━━━━━━━━━━━━ 1.2/1.2 MB 149.3 MB/s eta 0:00:00
2025-07-14T22:16:12.2238390Z Downloading markdown_it_py-3.0.0-py3-none-any.whl (87 kB)
2025-07-14T22:16:12.2297035Z Downloading mdurl-0.1.2-py3-none-any.whl (10.0 kB)
2025-07-14T22:16:12.2352310Z Downloading shellingham-1.5.4-py2.py3-none-any.whl (9.8 kB)
2025-07-14T22:16:12.2413932Z Downloading typing_inspection-0.4.1-py3-none-any.whl (14 kB)
2025-07-14T22:16:12.2469846Z Downloading tzdata-2025.2-py2.py3-none-any.whl (347 kB)
2025-07-14T22:16:12.2541433Z Downloading uvicorn-0.35.0-py3-none-any.whl (66 kB)
2025-07-14T22:16:12.2603627Z Downloading httptools-0.6.4-cp312-cp312-manylinux_2_5_x86_64.manylinux1_x86_64.manylinux_2_17_x86_64.manylinux2014_x86_64.whl (510 kB)
2025-07-14T22:16:12.2682528Z Downloading PyYAML-6.0.2-cp312-cp312-manylinux_2_17_x86_64.manylinux2014_x86_64.whl (767 kB)
2025-07-14T22:16:12.2762110Z    ━━━━━━━━━━━━━━━━━━━━━━━━━━━━━━━━━━━━━━━ 767.5/767.5 kB 103.1 MB/s eta 0:00:00
2025-07-14T22:16:12.2797926Z Downloading uvloop-0.21.0-cp312-cp312-manylinux_2_17_x86_64.manylinux2014_x86_64.whl (4.7 MB)
2025-07-14T22:16:12.3073822Z    ━━━━━━━━━━━━━━━━━━━━━━━━━━━━━━━━━━━━━━━━ 4.7/4.7 MB 177.0 MB/s eta 0:00:00
2025-07-14T22:16:12.3111508Z Downloading watchfiles-1.1.0-cp312-cp312-manylinux_2_17_x86_64.manylinux2014_x86_64.whl (452 kB)
2025-07-14T22:16:12.3185618Z Downloading websockets-15.0.1-cp312-cp312-manylinux_2_5_x86_64.manylinux1_x86_64.manylinux_2_17_x86_64.manylinux2014_x86_64.whl (182 kB)
2025-07-14T22:16:12.3253315Z Downloading certifi-2025.7.14-py3-none-any.whl (162 kB)
2025-07-14T22:16:12.4206999Z Building wheels for collected packages: book_triage
2025-07-14T22:16:12.4215999Z   Building editable for book_triage (pyproject.toml): started
2025-07-14T22:16:12.4568738Z   Building editable for book_triage (pyproject.toml): finished with status 'done'
2025-07-14T22:16:12.4574242Z   Created wheel for book_triage: filename=book_triage-0.1.0-py3-none-any.whl size=7079 sha256=f5ad3625122b1ecd7975ca6930e226ad0b01b2eef2372431aaafff6449dc4e4b
2025-07-14T22:16:12.4576462Z   Stored in directory: /tmp/pip-ephem-wheel-cache-z39a5vc_/wheels/d3/8c/55/20b7343e2b9725e0ea7cb71535aa1bddd3950a939b56e58f9b
2025-07-14T22:16:12.4604191Z Successfully built book_triage
2025-07-14T22:16:12.6208306Z Installing collected packages: pytz, wrapt, websockets, uvloop, tzdata, typing-extensions, tqdm, sniffio, six, shellingham, pyyaml, python-multipart, python-magic, python-dotenv, pygments, pillow, packaging, numpy, mdurl, jiter, idna, httptools, h11, distro, click, certifi, annotated-types, uvicorn, typing-inspection, python-dateutil, pytesseract, pydantic-core, markdown-it-py, httpcore, deprecated, anyio, watchfiles, starlette, rich, pydantic, pandas, limits, httpx, typer, slowapi, openai, fastapi, book_triage
2025-07-14T22:16:22.9965328Z 
2025-07-14T22:16:23.0014041Z Successfully installed annotated-types-0.7.0 anyio-4.9.0 book_triage-0.1.0 certifi-2025.7.14 click-8.2.1 deprecated-1.2.18 distro-1.9.0 fastapi-0.116.1 h11-0.16.0 httpcore-1.0.9 httptools-0.6.4 httpx-0.28.1 idna-3.10 jiter-0.10.0 limits-5.4.0 markdown-it-py-3.0.0 mdurl-0.1.2 numpy-2.3.1 openai-1.95.1 packaging-25.0 pandas-2.3.1 pillow-11.3.0 pydantic-2.11.7 pydantic-core-2.33.2 pygments-2.19.2 pytesseract-0.3.13 python-dateutil-2.9.0.post0 python-dotenv-1.1.1 python-magic-0.4.27 python-multipart-0.0.20 pytz-2025.2 pyyaml-6.0.2 rich-14.0.0 shellingham-1.5.4 six-1.17.0 slowapi-0.1.9 sniffio-1.3.1 starlette-0.47.1 tqdm-4.67.1 typer-0.16.0 typing-extensions-4.14.1 typing-inspection-0.4.1 tzdata-2025.2 uvicorn-0.35.0 uvloop-0.21.0 watchfiles-1.1.0 websockets-15.0.1 wrapt-1.17.2
2025-07-14T22:16:23.8868621Z Collecting requests
2025-07-14T22:16:23.9191087Z   Downloading requests-2.32.4-py3-none-any.whl.metadata (4.9 kB)
2025-07-14T22:16:23.9373550Z Collecting pytest-cov
2025-07-14T22:16:23.9409851Z   Downloading pytest_cov-6.2.1-py3-none-any.whl.metadata (30 kB)
2025-07-14T22:16:24.2456512Z Collecting coverage
2025-07-14T22:16:24.2496129Z   Downloading coverage-7.9.2-cp312-cp312-manylinux_2_5_x86_64.manylinux1_x86_64.manylinux_2_17_x86_64.manylinux2014_x86_64.whl.metadata (8.9 kB)
2025-07-14T22:16:24.2606888Z Collecting codecov
2025-07-14T22:16:24.2639903Z   Downloading codecov-2.1.13-py2.py3-none-any.whl.metadata (1.3 kB)
2025-07-14T22:16:24.3372765Z Collecting charset_normalizer<4,>=2 (from requests)
2025-07-14T22:16:24.3414098Z   Downloading charset_normalizer-3.4.2-cp312-cp312-manylinux_2_17_x86_64.manylinux2014_x86_64.whl.metadata (35 kB)
2025-07-14T22:16:24.3482343Z Requirement already satisfied: idna<4,>=2.5 in /opt/hostedtoolcache/Python/3.12.11/x64/lib/python3.12/site-packages (from requests) (3.10)
2025-07-14T22:16:24.3739928Z Collecting urllib3<3,>=1.21.1 (from requests)
2025-07-14T22:16:24.3779532Z   Downloading urllib3-2.5.0-py3-none-any.whl.metadata (6.5 kB)
2025-07-14T22:16:24.3833441Z Requirement already satisfied: certifi>=2017.4.17 in /opt/hostedtoolcache/Python/3.12.11/x64/lib/python3.12/site-packages (from requests) (2025.7.14)
2025-07-14T22:16:24.4182087Z Collecting pytest>=6.2.5 (from pytest-cov)
2025-07-14T22:16:24.4221807Z   Downloading pytest-8.4.1-py3-none-any.whl.metadata (7.7 kB)
2025-07-14T22:16:24.4443317Z Collecting pluggy>=1.2 (from pytest-cov)
2025-07-14T22:16:24.4454922Z   Using cached pluggy-1.6.0-py3-none-any.whl.metadata (4.8 kB)
2025-07-14T22:16:24.4672889Z Collecting iniconfig>=1 (from pytest>=6.2.5->pytest-cov)
2025-07-14T22:16:24.4707542Z   Downloading iniconfig-2.1.0-py3-none-any.whl.metadata (2.7 kB)
2025-07-14T22:16:24.4748540Z Requirement already satisfied: packaging>=20 in /opt/hostedtoolcache/Python/3.12.11/x64/lib/python3.12/site-packages (from pytest>=6.2.5->pytest-cov) (25.0)
2025-07-14T22:16:24.4772123Z Requirement already satisfied: pygments>=2.7.2 in /opt/hostedtoolcache/Python/3.12.11/x64/lib/python3.12/site-packages (from pytest>=6.2.5->pytest-cov) (2.19.2)
2025-07-14T22:16:24.4828917Z Downloading requests-2.32.4-py3-none-any.whl (64 kB)
2025-07-14T22:16:24.4913756Z Downloading charset_normalizer-3.4.2-cp312-cp312-manylinux_2_17_x86_64.manylinux2014_x86_64.whl (148 kB)
2025-07-14T22:16:24.4990012Z Downloading urllib3-2.5.0-py3-none-any.whl (129 kB)
2025-07-14T22:16:24.5052969Z Downloading pytest_cov-6.2.1-py3-none-any.whl (24 kB)
2025-07-14T22:16:24.5115873Z Downloading coverage-7.9.2-cp312-cp312-manylinux_2_5_x86_64.manylinux1_x86_64.manylinux_2_17_x86_64.manylinux2014_x86_64.whl (245 kB)
2025-07-14T22:16:24.5181485Z Downloading codecov-2.1.13-py2.py3-none-any.whl (16 kB)
2025-07-14T22:16:24.5216033Z Using cached pluggy-1.6.0-py3-none-any.whl (20 kB)
2025-07-14T22:16:24.5250174Z Downloading pytest-8.4.1-py3-none-any.whl (365 kB)
2025-07-14T22:16:24.5415975Z Downloading iniconfig-2.1.0-py3-none-any.whl (6.0 kB)
2025-07-14T22:16:24.6358655Z Installing collected packages: urllib3, pluggy, iniconfig, coverage, charset_normalizer, requests, pytest, pytest-cov, codecov
2025-07-14T22:16:25.1777452Z 
2025-07-14T22:16:25.1828478Z Successfully installed charset_normalizer-3.4.2 codecov-2.1.13 coverage-7.9.2 iniconfig-2.1.0 pluggy-1.6.0 pytest-8.4.1 pytest-cov-6.2.1 requests-2.32.4 urllib3-2.5.0
2025-07-14T22:16:25.2767002Z ##[group]Run echo "id,title,url,F,R,A,V,S,P,decision" > sample_books.csv
2025-07-14T22:16:25.2767505Z [36;1mecho "id,title,url,F,R,A,V,S,P,decision" > sample_books.csv[0m
2025-07-14T22:16:25.2768000Z [36;1mecho "test1,Test Book,https://example.com,3,2,1,4,2,4,unknown" >> sample_books.csv[0m
2025-07-14T22:16:25.2796490Z shell: /usr/bin/bash -e {0}
2025-07-14T22:16:25.2796718Z env:
2025-07-14T22:16:25.2796952Z   pythonLocation: /opt/hostedtoolcache/Python/3.12.11/x64
2025-07-14T22:16:25.2797353Z   PKG_CONFIG_PATH: /opt/hostedtoolcache/Python/3.12.11/x64/lib/pkgconfig
2025-07-14T22:16:25.2797755Z   Python_ROOT_DIR: /opt/hostedtoolcache/Python/3.12.11/x64
2025-07-14T22:16:25.2798099Z   Python2_ROOT_DIR: /opt/hostedtoolcache/Python/3.12.11/x64
2025-07-14T22:16:25.2798444Z   Python3_ROOT_DIR: /opt/hostedtoolcache/Python/3.12.11/x64
2025-07-14T22:16:25.2798797Z   LD_LIBRARY_PATH: /opt/hostedtoolcache/Python/3.12.11/x64/lib
2025-07-14T22:16:25.2799082Z ##[endgroup]
2025-07-14T22:16:25.2868598Z ##[group]Run echo "BOOK_USER=testuser" >> $GITHUB_ENV
2025-07-14T22:16:25.2868952Z [36;1mecho "BOOK_USER=testuser" >> $GITHUB_ENV[0m
2025-07-14T22:16:25.2869249Z [36;1mecho "BOOK_PASS=testpass" >> $GITHUB_ENV[0m
2025-07-14T22:16:25.2869535Z [36;1mecho "OPENAI_API_KEY=test-key" >> $GITHUB_ENV[0m
2025-07-14T22:16:25.2894871Z shell: /usr/bin/bash -e {0}
2025-07-14T22:16:25.2895100Z env:
2025-07-14T22:16:25.2895343Z   pythonLocation: /opt/hostedtoolcache/Python/3.12.11/x64
2025-07-14T22:16:25.2895745Z   PKG_CONFIG_PATH: /opt/hostedtoolcache/Python/3.12.11/x64/lib/pkgconfig
2025-07-14T22:16:25.2896141Z   Python_ROOT_DIR: /opt/hostedtoolcache/Python/3.12.11/x64
2025-07-14T22:16:25.2896480Z   Python2_ROOT_DIR: /opt/hostedtoolcache/Python/3.12.11/x64
2025-07-14T22:16:25.2896817Z   Python3_ROOT_DIR: /opt/hostedtoolcache/Python/3.12.11/x64
2025-07-14T22:16:25.2897158Z   LD_LIBRARY_PATH: /opt/hostedtoolcache/Python/3.12.11/x64/lib
2025-07-14T22:16:25.2897441Z ##[endgroup]
2025-07-14T22:16:25.2965210Z ##[group]Run coverage run -m pytest tests/ -v
2025-07-14T22:16:25.2965537Z [36;1mcoverage run -m pytest tests/ -v[0m
2025-07-14T22:16:25.2965809Z [36;1mcoverage report --show-missing[0m
2025-07-14T22:16:25.2966043Z [36;1mcoverage xml[0m
2025-07-14T22:16:25.2991169Z shell: /usr/bin/bash -e {0}
2025-07-14T22:16:25.2991398Z env:
2025-07-14T22:16:25.2991639Z   pythonLocation: /opt/hostedtoolcache/Python/3.12.11/x64
2025-07-14T22:16:25.2992054Z   PKG_CONFIG_PATH: /opt/hostedtoolcache/Python/3.12.11/x64/lib/pkgconfig
2025-07-14T22:16:25.2992441Z   Python_ROOT_DIR: /opt/hostedtoolcache/Python/3.12.11/x64
2025-07-14T22:16:25.2992793Z   Python2_ROOT_DIR: /opt/hostedtoolcache/Python/3.12.11/x64
2025-07-14T22:16:25.2993125Z   Python3_ROOT_DIR: /opt/hostedtoolcache/Python/3.12.11/x64
2025-07-14T22:16:25.2993460Z   LD_LIBRARY_PATH: /opt/hostedtoolcache/Python/3.12.11/x64/lib
2025-07-14T22:16:25.2993744Z   BOOK_USER: testuser
2025-07-14T22:16:25.2993927Z   BOOK_PASS: testpass
2025-07-14T22:16:25.2994143Z   OPENAI_API_KEY: test-key
2025-07-14T22:16:25.2994333Z ##[endgroup]
2025-07-14T22:16:26.4952194Z ============================= test session starts ==============================
2025-07-14T22:16:26.4953183Z platform linux -- Python 3.12.11, pytest-8.4.1, pluggy-1.6.0 -- /opt/hostedtoolcache/Python/3.12.11/x64/bin/python
2025-07-14T22:16:26.4954015Z cachedir: .pytest_cache
2025-07-14T22:16:26.4954521Z rootdir: /home/runner/work/book_triage_v0.1.0/book_triage_v0.1.0
2025-07-14T22:16:26.4955081Z configfile: pyproject.toml
2025-07-14T22:16:26.4955454Z plugins: cov-6.2.1, anyio-4.9.0
2025-07-14T22:16:29.9583126Z collecting ... collected 100 items
2025-07-14T22:16:29.9583397Z 
2025-07-14T22:16:30.1171040Z tests/test_api.py::TestAPIEndpoints::test_root_endpoint PASSED           [  1%]
2025-07-14T22:16:30.1683945Z tests/test_api.py::TestAPIEndpoints::test_health_endpoint PASSED         [  2%]
2025-07-14T22:16:30.2182025Z tests/test_api.py::TestAPIEndpoints::test_get_books_empty PASSED         [  3%]
2025-07-14T22:16:30.2731977Z tests/test_api.py::TestAPIEndpoints::test_get_books_with_data PASSED     [  4%]
2025-07-14T22:16:30.3488284Z tests/test_api.py::TestAPIEndpoints::test_upload_photo_success PASSED    [  5%]
2025-07-14T22:16:30.3997142Z tests/test_api.py::TestAPIEndpoints::test_scan_books_unauthorized PASSED [  6%]
2025-07-14T22:16:30.4496318Z tests/test_api.py::TestAPIEndpoints::test_rate_limiting_books_endpoint PASSED [  7%]
2025-07-14T22:16:30.5255048Z tests/test_api.py::TestAPIEndpoints::test_file_upload_size_limit PASSED  [  8%]
2025-07-14T22:16:30.5769756Z tests/test_api.py::TestAPIEndpoints::test_security_headers_in_response PASSED [  9%]
2025-07-14T22:16:30.6307912Z tests/test_api.py::TestAPIEndpoints::test_upload_photo_no_title_extracted PASSED [ 10%]
2025-07-14T22:16:30.6860098Z tests/test_api.py::TestAPIEndpoints::test_upload_photo_vision_processor_exception PASSED [ 11%]
2025-07-14T22:16:30.7375735Z tests/test_api.py::TestAPIEndpoints::test_upload_photo_no_file PASSED    [ 12%]
2025-07-14T22:16:30.7988783Z tests/test_api.py::TestAPIEndpoints::test_scan_books_success PASSED      [ 13%]
2025-07-14T22:16:30.8510605Z tests/test_api.py::TestAPIEndpoints::test_scan_books_exception PASSED    [ 14%]
2025-07-14T22:16:30.9034079Z tests/test_api.py::TestAPIEndpoints::test_rescan_title_record_not_found PASSED [ 15%]
2025-07-14T22:16:30.9551039Z tests/test_api.py::TestAPIEndpoints::test_add_manual_title_success PASSED [ 16%]
2025-07-14T22:16:31.0053484Z tests/test_api.py::TestAPIEndpoints::test_add_manual_title_missing_isbn PASSED [ 17%]
2025-07-14T22:16:31.0561695Z tests/test_api.py::TestAPIEndpoints::test_add_manual_title_invalid_isbn PASSED [ 18%]
2025-07-14T22:16:31.1038414Z tests/test_api.py::TestAPIInitialization::test_initialize_app PASSED     [ 19%]
2025-07-14T22:16:31.1126682Z tests/test_api.py::TestAPIInitialization::test_app_without_initialization PASSED [ 20%]
2025-07-14T22:16:31.1365480Z tests/test_cli.py::TestCLICommands::test_cli_help PASSED                 [ 21%]
2025-07-14T22:16:31.1429920Z tests/test_cli.py::TestCLICommands::test_scan_command_success PASSED     [ 22%]
2025-07-14T22:16:31.1495791Z tests/test_cli.py::TestCLICommands::test_scan_command_with_options PASSED [ 23%]
2025-07-14T22:16:31.1552836Z tests/test_cli.py::TestCLICommands::test_scan_command_no_records PASSED  [ 24%]
2025-07-14T22:16:31.1612455Z tests/test_cli.py::TestCLICommands::test_scan_command_nonexistent_file PASSED [ 25%]
2025-07-14T22:16:31.1677909Z tests/test_cli.py::TestCLICommands::test_scan_command_exception PASSED   [ 26%]
2025-07-14T22:16:31.1744543Z tests/test_cli.py::TestCLICommands::test_web_command_success PASSED      [ 27%]
2025-07-14T22:16:31.1808847Z tests/test_cli.py::TestCLICommands::test_web_command_with_options PASSED [ 28%]
2025-07-14T22:16:31.1871835Z tests/test_cli.py::TestCLICommands::test_web_command_nonexistent_file PASSED [ 29%]
2025-07-14T22:16:31.1929448Z tests/test_cli.py::TestCLICommands::test_web_command_exception PASSED    [ 30%]
2025-07-14T22:16:31.2029029Z tests/test_cli.py::TestCLICommands::test_create_csv_command_empty PASSED [ 31%]
2025-07-14T22:16:31.2118763Z tests/test_cli.py::TestCLICommands::test_create_csv_command_with_sample PASSED [ 32%]
2025-07-14T22:16:31.2179142Z tests/test_cli.py::TestCLICommands::test_create_csv_command_creates_directory PASSED [ 33%]
2025-07-14T22:16:31.2237249Z tests/test_cli.py::TestCLICommands::test_create_csv_command_exception PASSED [ 34%]
2025-07-14T22:16:31.2547373Z tests/test_cli.py::TestCLICommands::test_info_command_success PASSED     [ 35%]
2025-07-14T22:16:31.2596867Z tests/test_cli.py::TestCLICommands::test_info_command_nonexistent_file PASSED [ 36%]
2025-07-14T22:16:31.2651184Z tests/test_cli.py::TestCLICommands::test_info_command_exception PASSED   [ 37%]
2025-07-14T22:16:31.2729760Z tests/test_cli.py::TestCLIValidation::test_scan_cost_validation_min PASSED [ 38%]
2025-07-14T22:16:31.2801338Z tests/test_cli.py::TestCLIValidation::test_scan_cost_validation_max PASSED [ 39%]
2025-07-14T22:16:31.2872634Z tests/test_cli.py::TestCLIValidation::test_port_validation PASSED        [ 40%]
2025-07-14T22:16:31.2934766Z tests/test_cli.py::TestCLIIntegration::test_scan_integration_with_core PASSED [ 41%]
2025-07-14T22:16:31.2996815Z tests/test_cli.py::TestCLIIntegration::test_web_integration_with_api PASSED [ 42%]
2025-07-14T22:16:31.3135824Z tests/test_cli.py::TestCLIEnvironment::test_environment_loading PASSED   [ 43%]
2025-07-14T22:16:31.3274151Z tests/test_cli.py::TestCLIEnvironment::test_logging_configuration PASSED [ 44%]
2025-07-14T22:16:31.3338521Z tests/test_cli.py::TestCLIEnvironment::test_verbose_logging PASSED       [ 45%]
2025-07-14T22:16:31.3349733Z tests/test_core.py::TestBookRecord::test_book_record_creation PASSED     [ 46%]
2025-07-14T22:16:31.3361321Z tests/test_core.py::TestBookRecord::test_book_record_to_dict PASSED      [ 47%]
2025-07-14T22:16:31.3373153Z tests/test_core.py::TestBookRecord::test_book_record_with_all_fields PASSED [ 48%]
2025-07-14T22:16:31.3619038Z tests/test_core.py::TestBookTriage::test_book_triage_initialization_nonexistent_file PASSED [ 49%]
2025-07-14T22:16:31.3881613Z tests/test_core.py::TestBookTriage::test_book_triage_initialization_with_data PASSED [ 50%]
2025-07-14T22:16:31.4123523Z tests/test_core.py::TestBookTriage::test_calculate_utilities PASSED      [ 51%]
2025-07-14T22:16:31.4365536Z tests/test_core.py::TestBookTriage::test_calculate_utilities_with_none_values PASSED [ 52%]
2025-07-14T22:16:31.4602995Z tests/test_core.py::TestBookTriage::test_make_decision PASSED            [ 53%]
2025-07-14T22:16:31.4890583Z tests/test_core.py::TestBookTriage::test_add_record PASSED               [ 54%]
2025-07-14T22:16:31.5171468Z tests/test_core.py::TestBookTriage::test_get_record_by_id PASSED         [ 55%]
2025-07-14T22:16:31.5449090Z tests/test_core.py::TestBookTriage::test_price_to_v_calculation PASSED   [ 56%]
2025-07-14T22:16:31.5471632Z tests/test_core.py::TestBookTriage::test_enrich_with_gpt4o_mock PASSED   [ 57%]
2025-07-14T22:16:31.5933172Z tests/test_core.py::TestBookTriage::test_scan_cost_parameter PASSED      [ 58%]
2025-07-14T22:16:31.5944368Z tests/test_core.py::TestDecisionEnum::test_decision_values PASSED        [ 59%]
2025-07-14T22:16:31.5957914Z tests/test_core.py::TestDecisionEnum::test_decision_comparison PASSED    [ 60%]
2025-07-14T22:16:31.5974885Z tests/test_core_simple.py::TestBookRecord::test_book_record_creation PASSED [ 61%]
2025-07-14T22:16:31.5992701Z tests/test_core_simple.py::TestBookRecord::test_book_record_with_values PASSED [ 62%]
2025-07-14T22:16:31.6243745Z tests/test_core_simple.py::TestBookTriage::test_book_triage_initialization PASSED [ 63%]
2025-07-14T22:16:31.6479622Z tests/test_core_simple.py::TestBookTriage::test_calculate_utilities_simple PASSED [ 64%]
2025-07-14T22:16:31.6719250Z tests/test_core_simple.py::TestBookTriage::test_make_decision_simple PASSED [ 65%]
2025-07-14T22:16:31.6732987Z tests/test_core_simple.py::TestDecision::test_decision_values PASSED     [ 66%]
2025-07-14T22:16:31.6748522Z tests/test_vision.py::TestVisionProcessor::test_vision_processor_initialization_with_openai PASSED [ 67%]
2025-07-14T22:16:31.6759513Z tests/test_vision.py::TestVisionProcessor::test_vision_processor_initialization_without_openai PASSED [ 68%]
2025-07-14T22:16:31.6770541Z tests/test_vision.py::TestVisionProcessor::test_generate_id PASSED       [ 69%]
2025-07-14T22:16:31.6817132Z tests/test_vision.py::TestVisionProcessor::test_extract_title_from_image_openai_success PASSED [ 70%]
2025-07-14T22:16:31.6845013Z tests/test_vision.py::TestVisionProcessor::test_extract_title_from_image_fallback_to_tesseract PASSED [ 71%]
2025-07-14T22:16:31.6857431Z tests/test_vision.py::TestVisionProcessor::test_extract_title_from_image_nonexistent_file PASSED [ 72%]
2025-07-14T22:16:31.6878130Z tests/test_vision.py::TestVisionProcessor::test_extract_with_tesseract_success PASSED [ 73%]
2025-07-14T22:16:31.6901096Z tests/test_vision.py::TestVisionProcessor::test_extract_with_tesseract_empty_result PASSED [ 74%]
2025-07-14T22:16:31.6922468Z tests/test_vision.py::TestVisionProcessor::test_extract_with_tesseract_error PASSED [ 75%]
2025-07-14T22:16:31.6962682Z tests/test_vision.py::TestVisionProcessor::test_extract_with_openai_vision_no_content PASSED [ 76%]
2025-07-14T22:16:31.6991398Z tests/test_vision.py::TestVisionProcessor::test_extract_with_openai_vision_no_client PASSED [ 77%]
2025-07-14T22:16:31.7036930Z tests/test_vision.py::TestVisionProcessor::test_extract_title_and_isbn_from_image_success PASSED [ 78%]
2025-07-14T22:16:31.7057021Z tests/test_vision.py::TestVisionProcessor::test_extract_title_and_isbn_tesseract_fallback PASSED [ 79%]
2025-07-14T22:16:31.7069413Z tests/test_vision.py::TestVisionProcessor::test_extract_title_and_isbn_nonexistent_file PASSED [ 80%]
2025-07-14T22:16:31.7089105Z tests/test_vision.py::TestVisionProcessor::test_extract_title_and_isbn_no_isbn_found PASSED [ 81%]
2025-07-14T22:16:31.7119578Z tests/test_vision.py::TestVisionProcessor::test_image_format_conversion PASSED [ 82%]
2025-07-14T22:16:31.7143480Z tests/test_vision.py::TestVisionProcessorIntegration::test_processor_with_real_image_mock_ocr PASSED [ 83%]
2025-07-14T22:16:31.7160901Z tests/test_vision_fixed.py::TestVisionProcessor::test_vision_processor_initialization_with_openai PASSED [ 84%]
2025-07-14T22:16:31.7172038Z tests/test_vision_fixed.py::TestVisionProcessor::test_vision_processor_initialization_without_openai PASSED [ 85%]
2025-07-14T22:16:31.7183036Z tests/test_vision_fixed.py::TestVisionProcessor::test_generate_id PASSED [ 86%]
2025-07-14T22:16:31.7195348Z tests/test_vision_fixed.py::TestVisionProcessor::test_extract_title_from_image_nonexistent_file PASSED [ 87%]
2025-07-14T22:16:31.7245096Z tests/test_vision_fixed.py::TestVisionProcessor::test_extract_title_with_openai_vision_success PASSED [ 88%]
2025-07-14T22:16:31.7271458Z tests/test_vision_fixed.py::TestVisionProcessor::test_extract_title_fallback_to_tesseract PASSED [ 89%]
2025-07-14T22:16:31.7293850Z tests/test_vision_fixed.py::TestVisionProcessor::test_extract_with_tesseract_success PASSED [ 90%]
2025-07-14T22:16:31.7314545Z tests/test_vision_fixed.py::TestVisionProcessor::test_extract_with_tesseract_empty_result PASSED [ 91%]
2025-07-14T22:16:31.7335559Z tests/test_vision_fixed.py::TestVisionProcessor::test_extract_with_tesseract_error PASSED [ 92%]
2025-07-14T22:16:31.7376114Z tests/test_vision_fixed.py::TestVisionProcessor::test_extract_with_openai_vision_no_content PASSED [ 93%]
2025-07-14T22:16:31.7392668Z tests/test_vision_fixed.py::TestVisionProcessor::test_extract_with_openai_vision_no_client PASSED [ 94%]
2025-07-14T22:16:31.7432843Z tests/test_vision_fixed.py::TestVisionProcessor::test_extract_title_and_isbn_from_image_success PASSED [ 95%]
2025-07-14T22:16:31.7452883Z tests/test_vision_fixed.py::TestVisionProcessor::test_extract_title_and_isbn_tesseract_fallback PASSED [ 96%]
2025-07-14T22:16:31.7465237Z tests/test_vision_fixed.py::TestVisionProcessor::test_extract_title_and_isbn_nonexistent_file PASSED [ 97%]
2025-07-14T22:16:31.7484825Z tests/test_vision_fixed.py::TestVisionProcessor::test_extract_title_and_isbn_no_isbn_found PASSED [ 98%]
2025-07-14T22:16:31.7496002Z tests/test_vision_fixed.py::TestVisionProcessor::test_image_format_conversion PASSED [ 99%]
2025-07-14T22:16:31.9456650Z tests/test_vision_fixed.py::TestVisionProcessorIntegration::test_processor_with_real_image_mock_ocr PASSED [100%]
2025-07-14T22:16:31.9457685Z 
2025-07-14T22:16:31.9457949Z ============================= 100 passed in 5.27s ==============================
2025-07-14T22:16:32.2685144Z Name                      Stmts   Miss  Cover   Missing
2025-07-14T22:16:32.2685703Z -------------------------------------------------------
2025-07-14T22:16:32.2686212Z book_triage/__init__.py       3      0   100%
2025-07-14T22:16:32.2686811Z book_triage/__main__.py      21     21     0%   3-39
2025-07-14T22:16:32.2687551Z book_triage/api.py          156     35    78%   41, 66, 396, 465, 491, 495-529, 540, 542
2025-07-14T22:16:32.2688389Z book_triage/cli.py          117      8    93%   229, 231, 233, 235, 237, 239, 241, 250
2025-07-14T22:16:32.2689061Z book_triage/core.py         169     30    82%   101-102, 107, 110-111, 153-155, 160-161, 202, 211, 220-221, 226, 252-254, 257-258, 262, 271-286
2025-07-14T22:16:32.2689709Z book_triage/security.py      45     14    69%   27, 37-48, 64-69, 83, 89-90
2025-07-14T22:16:32.2690205Z book_triage/vision.py        94      7    93%   156-157, 163, 165-166, 168-169
2025-07-14T22:16:32.2690629Z -------------------------------------------------------
2025-07-14T22:16:32.2691775Z TOTAL                       605    115    81%
2025-07-14T22:16:32.2692193Z Coverage failure: total of 81 is less than fail-under=84
2025-07-14T22:16:32.2873126Z ##[error]Process completed with exit code 2.
2025-07-14T22:16:32.2970755Z ##[group]Run codecov/codecov-action@v3
2025-07-14T22:16:32.2971237Z with:
2025-07-14T22:16:32.2971414Z   file: ./coverage.xml
2025-07-14T22:16:32.2971596Z   flags: unittests
2025-07-14T22:16:32.2971773Z   name: codecov-umbrella
2025-07-14T22:16:32.2971965Z   fail_ci_if_error: false
2025-07-14T22:16:32.2972154Z   verbose: true
2025-07-14T22:16:32.2972322Z env:
2025-07-14T22:16:32.2972537Z   pythonLocation: /opt/hostedtoolcache/Python/3.12.11/x64
2025-07-14T22:16:32.2972931Z   PKG_CONFIG_PATH: /opt/hostedtoolcache/Python/3.12.11/x64/lib/pkgconfig
2025-07-14T22:16:32.2973324Z   Python_ROOT_DIR: /opt/hostedtoolcache/Python/3.12.11/x64
2025-07-14T22:16:32.2973665Z   Python2_ROOT_DIR: /opt/hostedtoolcache/Python/3.12.11/x64
2025-07-14T22:16:32.2974018Z   Python3_ROOT_DIR: /opt/hostedtoolcache/Python/3.12.11/x64
2025-07-14T22:16:32.2974357Z   LD_LIBRARY_PATH: /opt/hostedtoolcache/Python/3.12.11/x64/lib
2025-07-14T22:16:32.2974632Z   BOOK_USER: testuser
2025-07-14T22:16:32.2974850Z   BOOK_PASS: testpass
2025-07-14T22:16:32.2975035Z   OPENAI_API_KEY: test-key
2025-07-14T22:16:32.2975598Z   CODECOV_TOKEN: ***
2025-07-14T22:16:32.2975790Z ##[endgroup]
2025-07-14T22:16:32.4058086Z {
2025-07-14T22:16:32.4058406Z   execArgs: [
2025-07-14T22:16:32.4058681Z     '-n',
2025-07-14T22:16:32.4058874Z     'codecov-umbrella',
2025-07-14T22:16:32.4059090Z     '-Q',
2025-07-14T22:16:32.4059262Z     'github-action-3.1.6',
2025-07-14T22:16:32.4059478Z     '-f',
2025-07-14T22:16:32.4059643Z     './coverage.xml',
2025-07-14T22:16:32.4059837Z     '-F',
2025-07-14T22:16:32.4059998Z     'unittests',
2025-07-14T22:16:32.4060165Z     '-v'
2025-07-14T22:16:32.4060319Z   ]
2025-07-14T22:16:32.4060461Z }
2025-07-14T22:16:32.4062970Z ==> linux OS detected
2025-07-14T22:16:32.8038901Z https://uploader.codecov.io/latest/linux/codecov.SHA256SUM
2025-07-14T22:16:32.8195617Z Received SHA256SUM b37359013b48fbc3b0790d59fc474a52a260fb96e28e1b2c2ae001dc9b9cc996  codecov
2025-07-14T22:16:32.8606057Z Received SHA256SUM signature -----BEGIN PGP SIGNATURE-----
2025-07-14T22:16:32.8606542Z 
2025-07-14T22:16:32.8606929Z iQIzBAABCgAdFiEEJwNOf9uFDgu8LGL/gGuyiu13mGkFAmas/x0ACgkQgGuyiu13
2025-07-14T22:16:32.8607797Z mGnuYxAAhL4nufMHTUEJVbG790Tkshg/NwRAQ1I2FmpPOy1HwZnlX0arTb2Fk6r5
2025-07-14T22:16:32.8608674Z jTUIVHTARwbsQc/gEnaety1RULuMhyn4TlkkTm4rrCENlMvrbkmrT55lbLzx7FzG
2025-07-14T22:16:32.8609585Z qMS1oEUUZaRDNT/AqrhtUnCtq8UsR4eBgdgKgkxsgSUKjfkumYqfsBp3QBerLcqB
2025-07-14T22:16:32.8610433Z xeXP2y9qxZ95rVVepMWY+7pdywAhUAyKgA6sO6ejPdwSybSHZeySAFS6MGDhRhcM
2025-07-14T22:16:32.8611551Z +WTr/2WhRjjOfmJGODTDFmMjUrtnlU5FSqhA8zJ2zv7ZInw7yzelA05tEVz0HT/Q
2025-07-14T22:16:32.8612431Z HnIvyJZzXtX81hHDgBzXG7Vw8ElQMTyAiySpKF4KcMWaTc+mIm5LG+yhgJXhUqFL
2025-07-14T22:16:32.8613320Z R1NXxuyh0050+T7zhsFLadw7706Q8QCQKDpBDYgRbjUr+rkRgZBGLcWcoFiqAzNF
2025-07-14T22:16:32.8614211Z 7lx6W9lxF9M97wKNJezhWvvzR9kI04l676BvVLTX9yPG6MUakLqKgsbR0NuOz7xA
2025-07-14T22:16:32.8615108Z yCDKCEXfjXr53h1TP3oqmC5wguSurjmIOcVCK77iiv1Sy63RnK+SUXAyIeNsJwME
2025-07-14T22:16:32.8616018Z KdfVS6l1enI4s35IQzmmd0QxhfiHFTUYHuFPgE78z2Ik93KcSkVc7AZg2C76PCfZ
2025-07-14T22:16:32.8616785Z fWy10hSbRM0BS5hjauyrSrA4++8ku/KoJhXwkGu49N8GylTcySk=
2025-07-14T22:16:32.8617303Z =n6lq
2025-07-14T22:16:32.8617627Z -----END PGP SIGNATURE-----
2025-07-14T22:16:32.8617892Z 
2025-07-14T22:16:32.8751500Z ==> SHASUM file signed by key id 806bb28aed779869
2025-07-14T22:16:32.9528586Z ==> Uploader SHASUM verified (b37359013b48fbc3b0790d59fc474a52a260fb96e28e1b2c2ae001dc9b9cc996  codecov)
2025-07-14T22:16:32.9529429Z ==> Running version latest
2025-07-14T22:16:33.0338305Z ==> Running version v0.8.0
2025-07-14T22:16:33.0355956Z [command]/home/runner/work/_actions/codecov/codecov-action/v3/dist/codecov -n codecov-umbrella -Q github-action-3.1.6 -f ./coverage.xml -F unittests -v
2025-07-14T22:16:33.2412625Z [2025-07-14T22:16:33.239Z] ['verbose'] Start of uploader: 1752531393239...
2025-07-14T22:16:33.2416512Z [2025-07-14T22:16:33.241Z] ['info'] 
2025-07-14T22:16:33.2416980Z      _____          _
2025-07-14T22:16:33.2417771Z     / ____|        | |
2025-07-14T22:16:33.2418021Z    | |     ___   __| | ___  ___ _____   __
2025-07-14T22:16:33.2418282Z    | |    / _ \ / _` |/ _ \/ __/ _ \ \ / /
2025-07-14T22:16:33.2418540Z    | |___| (_) | (_| |  __/ (_| (_) \ V /
2025-07-14T22:16:33.2418793Z     \_____\___/ \__,_|\___|\___\___/ \_/
2025-07-14T22:16:33.2418966Z 
2025-07-14T22:16:33.2419102Z   Codecov report uploader 0.8.0
2025-07-14T22:16:33.2472364Z [2025-07-14T22:16:33.246Z] ['info'] => Project root located at: /home/runner/work/book_triage_v0.1.0/book_triage_v0.1.0
2025-07-14T22:16:33.2476834Z [2025-07-14T22:16:33.247Z] ['info'] ->  Token found by environment variables
2025-07-14T22:16:33.2485043Z [2025-07-14T22:16:33.248Z] ['verbose'] Start of network processing...
2025-07-14T22:16:33.2486021Z [2025-07-14T22:16:33.248Z] ['verbose'] Searching for files in /home/runner/work/book_triage_v0.1.0/book_triage_v0.1.0
2025-07-14T22:16:33.3564052Z [2025-07-14T22:16:33.355Z] ['verbose'] Skipping coveragepy, files already specified
2025-07-14T22:16:33.3564843Z [2025-07-14T22:16:33.356Z] ['info'] Searching for coverage files...
2025-07-14T22:16:33.3931970Z [2025-07-14T22:16:33.392Z] ['verbose'] Preparing to clean the following coverage paths: ./coverage.xml
2025-07-14T22:16:33.3935936Z [2025-07-14T22:16:33.392Z] ['error'] None of the following appear to exist as files: ./coverage.xml
2025-07-14T22:16:33.3937153Z [2025-07-14T22:16:33.393Z] ['error'] There was an error running the uploader: Error while cleaning paths. No paths matched existing files!
2025-07-14T22:16:33.3938508Z [2025-07-14T22:16:33.393Z] ['verbose'] The error stack is: Error: Error while cleaning paths. No paths matched existing files!
2025-07-14T22:16:33.3939563Z     at cleanCoverageFilePaths (/snapshot/repo/dist/src/helpers/files.js)
2025-07-14T22:16:33.3940247Z     at main (/snapshot/repo/dist/src/index.js)
2025-07-14T22:16:33.3941082Z [2025-07-14T22:16:33.393Z] ['verbose'] End of uploader: 154 milliseconds
2025-07-14T22:16:33.3942164Z [2025-07-14T22:16:33.393Z] ['info'] Codecov will exit with status code 0. If you are expecting a non-zero exit code, please pass in the `-Z` flag
2025-07-14T22:16:33.4250683Z ##[group]Run actions/upload-artifact@v4
2025-07-14T22:16:33.4251287Z with:
2025-07-14T22:16:33.4251467Z   name: test-failure-artifacts
2025-07-14T22:16:33.4251699Z   path: coverage.xml
*.log
htmlcov/

2025-07-14T22:16:33.4251932Z   if-no-files-found: warn
2025-07-14T22:16:33.4252133Z   compression-level: 6
2025-07-14T22:16:33.4252317Z   overwrite: false
2025-07-14T22:16:33.4252505Z   include-hidden-files: false
2025-07-14T22:16:33.4252705Z env:
2025-07-14T22:16:33.4252920Z   pythonLocation: /opt/hostedtoolcache/Python/3.12.11/x64
2025-07-14T22:16:33.4253306Z   PKG_CONFIG_PATH: /opt/hostedtoolcache/Python/3.12.11/x64/lib/pkgconfig
2025-07-14T22:16:33.4253698Z   Python_ROOT_DIR: /opt/hostedtoolcache/Python/3.12.11/x64
2025-07-14T22:16:33.4254036Z   Python2_ROOT_DIR: /opt/hostedtoolcache/Python/3.12.11/x64
2025-07-14T22:16:33.4254373Z   Python3_ROOT_DIR: /opt/hostedtoolcache/Python/3.12.11/x64
2025-07-14T22:16:33.4254738Z   LD_LIBRARY_PATH: /opt/hostedtoolcache/Python/3.12.11/x64/lib
2025-07-14T22:16:33.4255027Z   BOOK_USER: testuser
2025-07-14T22:16:33.4255207Z   BOOK_PASS: testpass
2025-07-14T22:16:33.4255393Z   OPENAI_API_KEY: test-key
2025-07-14T22:16:33.4255584Z ##[endgroup]
2025-07-14T22:16:33.6410229Z ##[warning]No files were found with the provided path: coverage.xml
*.log
htmlcov/. No artifacts will be uploaded.
2025-07-14T22:16:33.6538357Z Post job cleanup.
2025-07-14T22:16:33.7469947Z [command]/usr/bin/git version
2025-07-14T22:16:33.7505761Z git version 2.50.1
2025-07-14T22:16:33.7548724Z Temporarily overriding HOME='/home/runner/work/_temp/bec99cc5-53c4-4f7e-892b-3ea4cd562ad5' before making global git config changes
2025-07-14T22:16:33.7550066Z Adding repository directory to the temporary git global config as a safe directory
2025-07-14T22:16:33.7561724Z [command]/usr/bin/git config --global --add safe.directory /home/runner/work/book_triage_v0.1.0/book_triage_v0.1.0
2025-07-14T22:16:33.7596058Z [command]/usr/bin/git config --local --name-only --get-regexp core\.sshCommand
2025-07-14T22:16:33.7627875Z [command]/usr/bin/git submodule foreach --recursive sh -c "git config --local --name-only --get-regexp 'core\.sshCommand' && git config --local --unset-all 'core.sshCommand' || :"
2025-07-14T22:16:33.7854183Z [command]/usr/bin/git config --local --name-only --get-regexp http\.https\:\/\/github\.com\/\.extraheader
2025-07-14T22:16:33.7874600Z http.https://github.com/.extraheader
2025-07-14T22:16:33.7886452Z [command]/usr/bin/git config --local --unset-all http.https://github.com/.extraheader
2025-07-14T22:16:33.7915834Z [command]/usr/bin/git submodule foreach --recursive sh -c "git config --local --name-only --get-regexp 'http\.https\:\/\/github\.com\/\.extraheader' && git config --local --unset-all 'http.https://github.com/.extraheader' || :"
2025-07-14T22:16:33.8239607Z Cleaning up orphan processes
