2025-07-15T01:08:09.4080665Z Current runner version: '2.326.0'
2025-07-15T01:08:09.4110974Z ##[group]Runner Image Provisioner
2025-07-15T01:08:09.4112589Z Hosted Compute Agent
2025-07-15T01:08:09.4113399Z Version: 20250711.363
2025-07-15T01:08:09.4114343Z Commit: 6785254374ce925a23743850c1cb91912ce5c14c
2025-07-15T01:08:09.4115614Z Build Date: 2025-07-11T20:04:25Z
2025-07-15T01:08:09.4116558Z ##[endgroup]
2025-07-15T01:08:09.4117297Z ##[group]Operating System
2025-07-15T01:08:09.4118322Z Ubuntu
2025-07-15T01:08:09.4119091Z 24.04.2
2025-07-15T01:08:09.4119810Z LTS
2025-07-15T01:08:09.4120599Z ##[endgroup]
2025-07-15T01:08:09.4121362Z ##[group]Runner Image
2025-07-15T01:08:09.4122411Z Image: ubuntu-24.04
2025-07-15T01:08:09.4123278Z Version: 20250710.1.0
2025-07-15T01:08:09.4124958Z Included Software: https://github.com/actions/runner-images/blob/ubuntu24/20250710.1/images/ubuntu/Ubuntu2404-Readme.md
2025-07-15T01:08:09.4127649Z Image Release: https://github.com/actions/runner-images/releases/tag/ubuntu24%2F20250710.1
2025-07-15T01:08:09.4129245Z ##[endgroup]
2025-07-15T01:08:09.4131048Z ##[group]GITHUB_TOKEN Permissions
2025-07-15T01:08:09.4133587Z Contents: read
2025-07-15T01:08:09.4134375Z Metadata: read
2025-07-15T01:08:09.4135386Z Packages: read
2025-07-15T01:08:09.4136148Z ##[endgroup]
2025-07-15T01:08:09.4138841Z Secret source: Actions
2025-07-15T01:08:09.4139977Z Prepare workflow directory
2025-07-15T01:08:09.4588240Z Prepare all required actions
2025-07-15T01:08:09.4644740Z Getting action download info
2025-07-15T01:08:09.7419182Z ##[group]Download immutable action package 'actions/checkout@v4'
2025-07-15T01:08:09.7420255Z Version: 4.2.2
2025-07-15T01:08:09.7421213Z Digest: sha256:ccb2698953eaebd21c7bf6268a94f9c26518a7e38e27e0b83c1fe1ad049819b1
2025-07-15T01:08:09.7422492Z Source commit SHA: 11bd71901bbe5b1630ceea73d27597364c9af683
2025-07-15T01:08:09.7423213Z ##[endgroup]
2025-07-15T01:08:09.8505907Z ##[group]Download immutable action package 'actions/setup-python@v4'
2025-07-15T01:08:09.8506715Z Version: 4.9.1
2025-07-15T01:08:09.8507475Z Digest: sha256:f03e505388af670b5a108629e0ba26befc08d5c62b41f46146a45fe29ae509a5
2025-07-15T01:08:09.8508453Z Source commit SHA: 7f4fc3e22c37d6ff65e88745f38bd3157c663f7c
2025-07-15T01:08:09.8509129Z ##[endgroup]
2025-07-15T01:08:10.1172958Z Complete job name: security
2025-07-15T01:08:10.1845278Z ##[group]Run actions/checkout@v4
2025-07-15T01:08:10.1846094Z with:
2025-07-15T01:08:10.1846486Z   repository: fitydo/book_triage_v0.1.0
2025-07-15T01:08:10.1847138Z   token: ***
2025-07-15T01:08:10.1847517Z   ssh-strict: true
2025-07-15T01:08:10.1847893Z   ssh-user: git
2025-07-15T01:08:10.1848284Z   persist-credentials: true
2025-07-15T01:08:10.1848711Z   clean: true
2025-07-15T01:08:10.1849105Z   sparse-checkout-cone-mode: true
2025-07-15T01:08:10.1849560Z   fetch-depth: 1
2025-07-15T01:08:10.1849934Z   fetch-tags: false
2025-07-15T01:08:10.1850309Z   show-progress: true
2025-07-15T01:08:10.1850704Z   lfs: false
2025-07-15T01:08:10.1851067Z   submodules: false
2025-07-15T01:08:10.1851456Z   set-safe-directory: true
2025-07-15T01:08:10.1852322Z ##[endgroup]
2025-07-15T01:08:10.2954079Z Syncing repository: fitydo/book_triage_v0.1.0
2025-07-15T01:08:10.2957015Z ##[group]Getting Git version info
2025-07-15T01:08:10.2958424Z Working directory is '/home/runner/work/book_triage_v0.1.0/book_triage_v0.1.0'
2025-07-15T01:08:10.2960213Z [command]/usr/bin/git version
2025-07-15T01:08:10.3025885Z git version 2.50.1
2025-07-15T01:08:10.3052640Z ##[endgroup]
2025-07-15T01:08:10.3076395Z Temporarily overriding HOME='/home/runner/work/_temp/41042b24-2fe1-47d8-9def-4c34ec733cb4' before making global git config changes
2025-07-15T01:08:10.3077748Z Adding repository directory to the temporary git global config as a safe directory
2025-07-15T01:08:10.3083888Z [command]/usr/bin/git config --global --add safe.directory /home/runner/work/book_triage_v0.1.0/book_triage_v0.1.0
2025-07-15T01:08:10.3120872Z Deleting the contents of '/home/runner/work/book_triage_v0.1.0/book_triage_v0.1.0'
2025-07-15T01:08:10.3125414Z ##[group]Initializing the repository
2025-07-15T01:08:10.3130777Z [command]/usr/bin/git init /home/runner/work/book_triage_v0.1.0/book_triage_v0.1.0
2025-07-15T01:08:10.3190157Z hint: Using 'master' as the name for the initial branch. This default branch name
2025-07-15T01:08:10.3192404Z hint: is subject to change. To configure the initial branch name to use in all
2025-07-15T01:08:10.3193986Z hint: of your new repositories, which will suppress this warning, call:
2025-07-15T01:08:10.3195111Z hint:
2025-07-15T01:08:10.3195874Z hint: 	git config --global init.defaultBranch <name>
2025-07-15T01:08:10.3196792Z hint:
2025-07-15T01:08:10.3197333Z hint: Names commonly chosen instead of 'master' are 'main', 'trunk' and
2025-07-15T01:08:10.3198178Z hint: 'development'. The just-created branch can be renamed via this command:
2025-07-15T01:08:10.3198840Z hint:
2025-07-15T01:08:10.3199270Z hint: 	git branch -m <name>
2025-07-15T01:08:10.3199976Z hint:
2025-07-15T01:08:10.3200752Z hint: Disable this message with "git config set advice.defaultBranchName false"
2025-07-15T01:08:10.3201786Z Initialized empty Git repository in /home/runner/work/book_triage_v0.1.0/book_triage_v0.1.0/.git/
2025-07-15T01:08:10.3208514Z [command]/usr/bin/git remote add origin https://github.com/fitydo/book_triage_v0.1.0
2025-07-15T01:08:10.3241562Z ##[endgroup]
2025-07-15T01:08:10.3242541Z ##[group]Disabling automatic garbage collection
2025-07-15T01:08:10.3247331Z [command]/usr/bin/git config --local gc.auto 0
2025-07-15T01:08:10.3278748Z ##[endgroup]
2025-07-15T01:08:10.3279400Z ##[group]Setting up auth
2025-07-15T01:08:10.3288403Z [command]/usr/bin/git config --local --name-only --get-regexp core\.sshCommand
2025-07-15T01:08:10.3321539Z [command]/usr/bin/git submodule foreach --recursive sh -c "git config --local --name-only --get-regexp 'core\.sshCommand' && git config --local --unset-all 'core.sshCommand' || :"
2025-07-15T01:08:10.3597058Z [command]/usr/bin/git config --local --name-only --get-regexp http\.https\:\/\/github\.com\/\.extraheader
2025-07-15T01:08:10.3628365Z [command]/usr/bin/git submodule foreach --recursive sh -c "git config --local --name-only --get-regexp 'http\.https\:\/\/github\.com\/\.extraheader' && git config --local --unset-all 'http.https://github.com/.extraheader' || :"
2025-07-15T01:08:10.3892770Z [command]/usr/bin/git config --local http.https://github.com/.extraheader AUTHORIZATION: basic ***
2025-07-15T01:08:10.3929975Z ##[endgroup]
2025-07-15T01:08:10.3932660Z ##[group]Fetching the repository
2025-07-15T01:08:10.3950747Z [command]/usr/bin/git -c protocol.version=2 fetch --no-tags --prune --no-recurse-submodules --depth=1 origin +9a37d7af8bc51bcd829a4adee37277c25f92172d:refs/remotes/origin/main
2025-07-15T01:08:10.6059171Z From https://github.com/fitydo/book_triage_v0.1.0
2025-07-15T01:08:10.6060404Z  * [new ref]         9a37d7af8bc51bcd829a4adee37277c25f92172d -> origin/main
2025-07-15T01:08:10.6084027Z ##[endgroup]
2025-07-15T01:08:10.6085166Z ##[group]Determining the checkout info
2025-07-15T01:08:10.6086669Z ##[endgroup]
2025-07-15T01:08:10.6091978Z [command]/usr/bin/git sparse-checkout disable
2025-07-15T01:08:10.6129171Z [command]/usr/bin/git config --local --unset-all extensions.worktreeConfig
2025-07-15T01:08:10.6156469Z ##[group]Checking out the ref
2025-07-15T01:08:10.6160698Z [command]/usr/bin/git checkout --progress --force -B main refs/remotes/origin/main
2025-07-15T01:08:10.6359123Z Switched to a new branch 'main'
2025-07-15T01:08:10.6361728Z branch 'main' set up to track 'origin/main'.
2025-07-15T01:08:10.6368064Z ##[endgroup]
2025-07-15T01:08:10.6401118Z [command]/usr/bin/git log -1 --format=%H
2025-07-15T01:08:10.6422581Z 9a37d7af8bc51bcd829a4adee37277c25f92172d
2025-07-15T01:08:10.6650156Z ##[group]Run actions/setup-python@v4
2025-07-15T01:08:10.6650670Z with:
2025-07-15T01:08:10.6651023Z   python-version: 3.12
2025-07-15T01:08:10.6651421Z   check-latest: false
2025-07-15T01:08:10.6651947Z   token: ***
2025-07-15T01:08:10.6652679Z   update-environment: true
2025-07-15T01:08:10.6653117Z   allow-prereleases: false
2025-07-15T01:08:10.6653767Z ##[endgroup]
2025-07-15T01:08:10.8297272Z ##[group]Installed versions
2025-07-15T01:08:10.8397832Z Successfully set up CPython (3.12.11)
2025-07-15T01:08:10.8399475Z ##[endgroup]
2025-07-15T01:08:10.8523601Z ##[group]Run pip install bandit safety
2025-07-15T01:08:10.8524326Z [36;1mpip install bandit safety[0m
2025-07-15T01:08:10.8579222Z shell: /usr/bin/bash -e {0}
2025-07-15T01:08:10.8579750Z env:
2025-07-15T01:08:10.8580275Z   pythonLocation: /opt/hostedtoolcache/Python/3.12.11/x64
2025-07-15T01:08:10.8581266Z   PKG_CONFIG_PATH: /opt/hostedtoolcache/Python/3.12.11/x64/lib/pkgconfig
2025-07-15T01:08:10.8582411Z   Python_ROOT_DIR: /opt/hostedtoolcache/Python/3.12.11/x64
2025-07-15T01:08:10.8583281Z   Python2_ROOT_DIR: /opt/hostedtoolcache/Python/3.12.11/x64
2025-07-15T01:08:10.8584366Z   Python3_ROOT_DIR: /opt/hostedtoolcache/Python/3.12.11/x64
2025-07-15T01:08:10.8585407Z   LD_LIBRARY_PATH: /opt/hostedtoolcache/Python/3.12.11/x64/lib
2025-07-15T01:08:10.8586253Z ##[endgroup]
2025-07-15T01:08:12.5323974Z Collecting bandit
2025-07-15T01:08:12.5802307Z   Downloading bandit-1.8.6-py3-none-any.whl.metadata (6.9 kB)
2025-07-15T01:08:12.6132419Z Collecting safety
2025-07-15T01:08:12.6169577Z   Downloading safety-3.6.0-py3-none-any.whl.metadata (11 kB)
2025-07-15T01:08:12.6567292Z Collecting PyYAML>=5.3.1 (from bandit)
2025-07-15T01:08:12.6602529Z   Downloading PyYAML-6.0.2-cp312-cp312-manylinux_2_17_x86_64.manylinux2014_x86_64.whl.metadata (2.1 kB)
2025-07-15T01:08:12.6857798Z Collecting stevedore>=1.20.0 (from bandit)
2025-07-15T01:08:12.6956610Z   Downloading stevedore-5.4.1-py3-none-any.whl.metadata (2.3 kB)
2025-07-15T01:08:12.7377889Z Collecting rich (from bandit)
2025-07-15T01:08:12.7414841Z   Downloading rich-14.0.0-py3-none-any.whl.metadata (18 kB)
2025-07-15T01:08:12.7615172Z Collecting authlib>=1.2.0 (from safety)
2025-07-15T01:08:12.7650111Z   Downloading authlib-1.6.0-py2.py3-none-any.whl.metadata (4.1 kB)
2025-07-15T01:08:12.7854845Z Collecting click>=8.0.2 (from safety)
2025-07-15T01:08:12.7897768Z   Downloading click-8.2.1-py3-none-any.whl.metadata (2.5 kB)
2025-07-15T01:08:12.8037695Z Collecting dparse>=0.6.4 (from safety)
2025-07-15T01:08:12.8171669Z   Downloading dparse-0.6.4-py3-none-any.whl.metadata (5.5 kB)
2025-07-15T01:08:12.8386888Z Collecting filelock~=3.16.1 (from safety)
2025-07-15T01:08:12.8427871Z   Downloading filelock-3.16.1-py3-none-any.whl.metadata (2.9 kB)
2025-07-15T01:08:12.8662892Z Collecting httpx (from safety)
2025-07-15T01:08:12.8707819Z   Downloading httpx-0.28.1-py3-none-any.whl.metadata (7.1 kB)
2025-07-15T01:08:12.8957741Z Collecting jinja2>=3.1.0 (from safety)
2025-07-15T01:08:12.9000869Z   Downloading jinja2-3.1.6-py3-none-any.whl.metadata (2.9 kB)
2025-07-15T01:08:12.9400282Z Collecting marshmallow>=3.15.0 (from safety)
2025-07-15T01:08:12.9435861Z   Downloading marshmallow-4.0.0-py3-none-any.whl.metadata (7.4 kB)
2025-07-15T01:08:12.9634392Z Collecting nltk>=3.9 (from safety)
2025-07-15T01:08:12.9667668Z   Downloading nltk-3.9.1-py3-none-any.whl.metadata (2.9 kB)
2025-07-15T01:08:12.9862261Z Collecting packaging>=21.0 (from safety)
2025-07-15T01:08:12.9898293Z   Downloading packaging-25.0-py3-none-any.whl.metadata (3.3 kB)
2025-07-15T01:08:13.0568845Z Collecting psutil~=6.1.0 (from safety)
2025-07-15T01:08:13.0608592Z   Downloading psutil-6.1.1-cp36-abi3-manylinux_2_12_x86_64.manylinux2010_x86_64.manylinux_2_17_x86_64.manylinux2014_x86_64.whl.metadata (22 kB)
2025-07-15T01:08:13.1720128Z Collecting pydantic<2.10.0,>=2.6.0 (from safety)
2025-07-15T01:08:13.1757114Z   Downloading pydantic-2.9.2-py3-none-any.whl.metadata (149 kB)
2025-07-15T01:08:13.2126351Z Collecting requests (from safety)
2025-07-15T01:08:13.2164001Z   Downloading requests-2.32.4-py3-none-any.whl.metadata (4.9 kB)
2025-07-15T01:08:13.3541079Z Collecting ruamel-yaml>=0.17.21 (from safety)
2025-07-15T01:08:13.3576924Z   Downloading ruamel.yaml-0.18.14-py3-none-any.whl.metadata (24 kB)
2025-07-15T01:08:13.3713735Z Collecting safety-schemas==0.0.14 (from safety)
2025-07-15T01:08:13.3747968Z   Downloading safety_schemas-0.0.14-py3-none-any.whl.metadata (1.1 kB)
2025-07-15T01:08:13.4867979Z Collecting setuptools>=65.5.1 (from safety)
2025-07-15T01:08:13.4917793Z   Downloading setuptools-80.9.0-py3-none-any.whl.metadata (6.6 kB)
2025-07-15T01:08:13.5180765Z Collecting tenacity (from safety)
2025-07-15T01:08:13.5217328Z   Downloading tenacity-9.1.2-py3-none-any.whl.metadata (1.2 kB)
2025-07-15T01:08:13.5413449Z Collecting tomlkit (from safety)
2025-07-15T01:08:13.5450436Z   Downloading tomlkit-0.13.3-py3-none-any.whl.metadata (2.8 kB)
2025-07-15T01:08:13.5659190Z Collecting typer>=0.16.0 (from safety)
2025-07-15T01:08:13.5700591Z   Downloading typer-0.16.0-py3-none-any.whl.metadata (15 kB)
2025-07-15T01:08:13.5906729Z Collecting typing-extensions>=4.7.1 (from safety)
2025-07-15T01:08:13.5941131Z   Downloading typing_extensions-4.14.1-py3-none-any.whl.metadata (3.0 kB)
2025-07-15T01:08:13.6096628Z Collecting annotated-types>=0.6.0 (from pydantic<2.10.0,>=2.6.0->safety)
2025-07-15T01:08:13.6133264Z   Downloading annotated_types-0.7.0-py3-none-any.whl.metadata (15 kB)
2025-07-15T01:08:14.2108953Z Collecting pydantic-core==2.23.4 (from pydantic<2.10.0,>=2.6.0->safety)
2025-07-15T01:08:14.2148130Z   Downloading pydantic_core-2.23.4-cp312-cp312-manylinux_2_17_x86_64.manylinux2014_x86_64.whl.metadata (6.6 kB)
2025-07-15T01:08:14.4232425Z Collecting cryptography (from authlib>=1.2.0->safety)
2025-07-15T01:08:14.4272388Z   Downloading cryptography-45.0.5-cp311-abi3-manylinux_2_34_x86_64.whl.metadata (5.7 kB)
2025-07-15T01:08:14.4869960Z Collecting MarkupSafe>=2.0 (from jinja2>=3.1.0->safety)
2025-07-15T01:08:14.4907731Z   Downloading MarkupSafe-3.0.2-cp312-cp312-manylinux_2_17_x86_64.manylinux2014_x86_64.whl.metadata (4.0 kB)
2025-07-15T01:08:14.5152424Z Collecting joblib (from nltk>=3.9->safety)
2025-07-15T01:08:14.5194059Z   Downloading joblib-1.5.1-py3-none-any.whl.metadata (5.6 kB)
2025-07-15T01:08:14.8089653Z Collecting regex>=2021.8.3 (from nltk>=3.9->safety)
2025-07-15T01:08:14.8135718Z   Downloading regex-2024.11.6-cp312-cp312-manylinux_2_17_x86_64.manylinux2014_x86_64.whl.metadata (40 kB)
2025-07-15T01:08:14.8515107Z Collecting tqdm (from nltk>=3.9->safety)
2025-07-15T01:08:14.8550214Z   Downloading tqdm-4.67.1-py3-none-any.whl.metadata (57 kB)
2025-07-15T01:08:14.8936781Z Collecting ruamel.yaml.clib>=0.2.7 (from ruamel-yaml>=0.17.21->safety)
2025-07-15T01:08:14.8972622Z   Downloading ruamel.yaml.clib-0.2.12-cp312-cp312-manylinux_2_17_x86_64.manylinux2014_x86_64.whl.metadata (2.7 kB)
2025-07-15T01:08:14.9253179Z Collecting pbr>=2.0.0 (from stevedore>=1.20.0->bandit)
2025-07-15T01:08:14.9289361Z   Downloading pbr-6.1.1-py2.py3-none-any.whl.metadata (3.4 kB)
2025-07-15T01:08:14.9591528Z Collecting shellingham>=1.3.0 (from typer>=0.16.0->safety)
2025-07-15T01:08:14.9624527Z   Downloading shellingham-1.5.4-py2.py3-none-any.whl.metadata (3.5 kB)
2025-07-15T01:08:14.9919328Z Collecting markdown-it-py>=2.2.0 (from rich->bandit)
2025-07-15T01:08:14.9956472Z   Downloading markdown_it_py-3.0.0-py3-none-any.whl.metadata (6.9 kB)
2025-07-15T01:08:15.0207738Z Collecting pygments<3.0.0,>=2.13.0 (from rich->bandit)
2025-07-15T01:08:15.0243514Z   Downloading pygments-2.19.2-py3-none-any.whl.metadata (2.5 kB)
2025-07-15T01:08:15.0370254Z Collecting mdurl~=0.1 (from markdown-it-py>=2.2.0->rich->bandit)
2025-07-15T01:08:15.0406188Z   Downloading mdurl-0.1.2-py3-none-any.whl.metadata (1.6 kB)
2025-07-15T01:08:15.1458314Z Collecting cffi>=1.14 (from cryptography->authlib>=1.2.0->safety)
2025-07-15T01:08:15.1529327Z   Downloading cffi-1.17.1-cp312-cp312-manylinux_2_17_x86_64.manylinux2014_x86_64.whl.metadata (1.5 kB)
2025-07-15T01:08:15.1671927Z Collecting pycparser (from cffi>=1.14->cryptography->authlib>=1.2.0->safety)
2025-07-15T01:08:15.1705987Z   Downloading pycparser-2.22-py3-none-any.whl.metadata (943 bytes)
2025-07-15T01:08:15.1963944Z Collecting anyio (from httpx->safety)
2025-07-15T01:08:15.1999707Z   Downloading anyio-4.9.0-py3-none-any.whl.metadata (4.7 kB)
2025-07-15T01:08:15.2235551Z Collecting certifi (from httpx->safety)
2025-07-15T01:08:15.2331210Z   Downloading certifi-2025.7.14-py3-none-any.whl.metadata (2.4 kB)
2025-07-15T01:08:15.2545219Z Collecting httpcore==1.* (from httpx->safety)
2025-07-15T01:08:15.2580515Z   Downloading httpcore-1.0.9-py3-none-any.whl.metadata (21 kB)
2025-07-15T01:08:15.2750248Z Collecting idna (from httpx->safety)
2025-07-15T01:08:15.2784401Z   Downloading idna-3.10-py3-none-any.whl.metadata (10 kB)
2025-07-15T01:08:15.3388406Z Collecting h11>=0.16 (from httpcore==1.*->httpx->safety)
2025-07-15T01:08:15.3447182Z   Downloading h11-0.16.0-py3-none-any.whl.metadata (8.3 kB)
2025-07-15T01:08:15.3676770Z Collecting sniffio>=1.1 (from anyio->httpx->safety)
2025-07-15T01:08:15.3713055Z   Downloading sniffio-1.3.1-py3-none-any.whl.metadata (3.9 kB)
2025-07-15T01:08:15.4617716Z Collecting charset_normalizer<4,>=2 (from requests->safety)
2025-07-15T01:08:15.4653749Z   Downloading charset_normalizer-3.4.2-cp312-cp312-manylinux_2_17_x86_64.manylinux2014_x86_64.whl.metadata (35 kB)
2025-07-15T01:08:15.5022247Z Collecting urllib3<3,>=1.21.1 (from requests->safety)
2025-07-15T01:08:15.5058741Z   Downloading urllib3-2.5.0-py3-none-any.whl.metadata (6.5 kB)
2025-07-15T01:08:15.5305497Z Downloading bandit-1.8.6-py3-none-any.whl (133 kB)
2025-07-15T01:08:15.5378875Z Downloading safety-3.6.0-py3-none-any.whl (285 kB)
2025-07-15T01:08:15.5479048Z Downloading safety_schemas-0.0.14-py3-none-any.whl (39 kB)
2025-07-15T01:08:15.5545570Z Downloading filelock-3.16.1-py3-none-any.whl (16 kB)
2025-07-15T01:08:15.5634111Z Downloading psutil-6.1.1-cp36-abi3-manylinux_2_12_x86_64.manylinux2010_x86_64.manylinux_2_17_x86_64.manylinux2014_x86_64.whl (287 kB)
2025-07-15T01:08:15.5712474Z Downloading pydantic-2.9.2-py3-none-any.whl (434 kB)
2025-07-15T01:08:15.5792694Z Downloading pydantic_core-2.23.4-cp312-cp312-manylinux_2_17_x86_64.manylinux2014_x86_64.whl (2.1 MB)
2025-07-15T01:08:15.6068360Z    ━━━━━━━━━━━━━━━━━━━━━━━━━━━━━━━━━━━━━━━━ 2.1/2.1 MB 74.3 MB/s eta 0:00:00
2025-07-15T01:08:15.6114322Z Downloading annotated_types-0.7.0-py3-none-any.whl (13 kB)
2025-07-15T01:08:15.6180565Z Downloading authlib-1.6.0-py2.py3-none-any.whl (239 kB)
2025-07-15T01:08:15.6259738Z Downloading click-8.2.1-py3-none-any.whl (102 kB)
2025-07-15T01:08:15.6316629Z Downloading dparse-0.6.4-py3-none-any.whl (11 kB)
2025-07-15T01:08:15.6375569Z Downloading jinja2-3.1.6-py3-none-any.whl (134 kB)
2025-07-15T01:08:15.6440075Z Downloading MarkupSafe-3.0.2-cp312-cp312-manylinux_2_17_x86_64.manylinux2014_x86_64.whl (23 kB)
2025-07-15T01:08:15.6494546Z Downloading marshmallow-4.0.0-py3-none-any.whl (48 kB)
2025-07-15T01:08:15.6555478Z Downloading nltk-3.9.1-py3-none-any.whl (1.5 MB)
2025-07-15T01:08:15.6656594Z    ━━━━━━━━━━━━━━━━━━━━━━━━━━━━━━━━━━━━━━━━ 1.5/1.5 MB 168.4 MB/s eta 0:00:00
2025-07-15T01:08:15.6699397Z Downloading packaging-25.0-py3-none-any.whl (66 kB)
2025-07-15T01:08:15.6761668Z Downloading PyYAML-6.0.2-cp312-cp312-manylinux_2_17_x86_64.manylinux2014_x86_64.whl (767 kB)
2025-07-15T01:08:15.6832690Z    ━━━━━━━━━━━━━━━━━━━━━━━━━━━━━━━━━━━━━━━ 767.5/767.5 kB 118.2 MB/s eta 0:00:00
2025-07-15T01:08:15.6869896Z Downloading regex-2024.11.6-cp312-cp312-manylinux_2_17_x86_64.manylinux2014_x86_64.whl (796 kB)
2025-07-15T01:08:15.6941731Z    ━━━━━━━━━━━━━━━━━━━━━━━━━━━━━━━━━━━━━━━ 796.9/796.9 kB 123.3 MB/s eta 0:00:00
2025-07-15T01:08:15.6976668Z Downloading ruamel.yaml-0.18.14-py3-none-any.whl (118 kB)
2025-07-15T01:08:15.7073042Z Downloading ruamel.yaml.clib-0.2.12-cp312-cp312-manylinux_2_17_x86_64.manylinux2014_x86_64.whl (754 kB)
2025-07-15T01:08:15.7144696Z    ━━━━━━━━━━━━━━━━━━━━━━━━━━━━━━━━━━━━━━━ 754.1/754.1 kB 122.1 MB/s eta 0:00:00
2025-07-15T01:08:15.7189250Z Downloading setuptools-80.9.0-py3-none-any.whl (1.2 MB)
2025-07-15T01:08:15.7283440Z    ━━━━━━━━━━━━━━━━━━━━━━━━━━━━━━━━━━━━━━━━ 1.2/1.2 MB 136.6 MB/s eta 0:00:00
2025-07-15T01:08:15.7317675Z Downloading stevedore-5.4.1-py3-none-any.whl (49 kB)
2025-07-15T01:08:15.7374241Z Downloading pbr-6.1.1-py2.py3-none-any.whl (108 kB)
2025-07-15T01:08:15.7431918Z Downloading typer-0.16.0-py3-none-any.whl (46 kB)
2025-07-15T01:08:15.7489213Z Downloading rich-14.0.0-py3-none-any.whl (243 kB)
2025-07-15T01:08:15.7556458Z Downloading pygments-2.19.2-py3-none-any.whl (1.2 MB)
2025-07-15T01:08:15.7646393Z    ━━━━━━━━━━━━━━━━━━━━━━━━━━━━━━━━━━━━━━━━ 1.2/1.2 MB 151.0 MB/s eta 0:00:00
2025-07-15T01:08:15.7681688Z Downloading markdown_it_py-3.0.0-py3-none-any.whl (87 kB)
2025-07-15T01:08:15.7742335Z Downloading mdurl-0.1.2-py3-none-any.whl (10.0 kB)
2025-07-15T01:08:15.7810496Z Downloading shellingham-1.5.4-py2.py3-none-any.whl (9.8 kB)
2025-07-15T01:08:15.7871773Z Downloading typing_extensions-4.14.1-py3-none-any.whl (43 kB)
2025-07-15T01:08:15.7939994Z Downloading cryptography-45.0.5-cp311-abi3-manylinux_2_34_x86_64.whl (4.5 MB)
2025-07-15T01:08:15.8168811Z    ━━━━━━━━━━━━━━━━━━━━━━━━━━━━━━━━━━━━━━━━ 4.5/4.5 MB 206.7 MB/s eta 0:00:00
2025-07-15T01:08:15.8206356Z Downloading cffi-1.17.1-cp312-cp312-manylinux_2_17_x86_64.manylinux2014_x86_64.whl (479 kB)
2025-07-15T01:08:15.8422427Z Downloading httpx-0.28.1-py3-none-any.whl (73 kB)
2025-07-15T01:08:15.8495589Z Downloading httpcore-1.0.9-py3-none-any.whl (78 kB)
2025-07-15T01:08:15.8557164Z Downloading h11-0.16.0-py3-none-any.whl (37 kB)
2025-07-15T01:08:15.8631000Z Downloading anyio-4.9.0-py3-none-any.whl (100 kB)
2025-07-15T01:08:15.8697993Z Downloading idna-3.10-py3-none-any.whl (70 kB)
2025-07-15T01:08:15.8761181Z Downloading sniffio-1.3.1-py3-none-any.whl (10 kB)
2025-07-15T01:08:15.8829345Z Downloading certifi-2025.7.14-py3-none-any.whl (162 kB)
2025-07-15T01:08:15.8896497Z Downloading joblib-1.5.1-py3-none-any.whl (307 kB)
2025-07-15T01:08:15.8985057Z Downloading pycparser-2.22-py3-none-any.whl (117 kB)
2025-07-15T01:08:15.9049541Z Downloading requests-2.32.4-py3-none-any.whl (64 kB)
2025-07-15T01:08:15.9117745Z Downloading charset_normalizer-3.4.2-cp312-cp312-manylinux_2_17_x86_64.manylinux2014_x86_64.whl (148 kB)
2025-07-15T01:08:15.9198817Z Downloading urllib3-2.5.0-py3-none-any.whl (129 kB)
2025-07-15T01:08:15.9267014Z Downloading tenacity-9.1.2-py3-none-any.whl (28 kB)
2025-07-15T01:08:15.9335123Z Downloading tomlkit-0.13.3-py3-none-any.whl (38 kB)
2025-07-15T01:08:15.9406819Z Downloading tqdm-4.67.1-py3-none-any.whl (78 kB)
2025-07-15T01:08:16.0859787Z Installing collected packages: urllib3, typing-extensions, tqdm, tomlkit, tenacity, sniffio, shellingham, setuptools, ruamel.yaml.clib, regex, PyYAML, pygments, pycparser, psutil, packaging, mdurl, marshmallow, MarkupSafe, joblib, idna, h11, filelock, click, charset_normalizer, certifi, annotated-types, ruamel-yaml, requests, pydantic-core, pbr, nltk, markdown-it-py, jinja2, httpcore, dparse, cffi, anyio, stevedore, rich, pydantic, httpx, cryptography, typer, safety-schemas, bandit, authlib, safety
2025-07-15T01:08:21.6012903Z 
2025-07-15T01:08:21.6061511Z Successfully installed MarkupSafe-3.0.2 PyYAML-6.0.2 annotated-types-0.7.0 anyio-4.9.0 authlib-1.6.0 bandit-1.8.6 certifi-2025.7.14 cffi-1.17.1 charset_normalizer-3.4.2 click-8.2.1 cryptography-45.0.5 dparse-0.6.4 filelock-3.16.1 h11-0.16.0 httpcore-1.0.9 httpx-0.28.1 idna-3.10 jinja2-3.1.6 joblib-1.5.1 markdown-it-py-3.0.0 marshmallow-4.0.0 mdurl-0.1.2 nltk-3.9.1 packaging-25.0 pbr-6.1.1 psutil-6.1.1 pycparser-2.22 pydantic-2.9.2 pydantic-core-2.23.4 pygments-2.19.2 regex-2024.11.6 requests-2.32.4 rich-14.0.0 ruamel-yaml-0.18.14 ruamel.yaml.clib-0.2.12 safety-3.6.0 safety-schemas-0.0.14 setuptools-80.9.0 shellingham-1.5.4 sniffio-1.3.1 stevedore-5.4.1 tenacity-9.1.2 tomlkit-0.13.3 tqdm-4.67.1 typer-0.16.0 typing-extensions-4.14.1 urllib3-2.5.0
2025-07-15T01:08:22.1259779Z ##[group]Run bandit -r book_triage/ -f json -o bandit-report.json || true
2025-07-15T01:08:22.1260652Z [36;1mbandit -r book_triage/ -f json -o bandit-report.json || true[0m
2025-07-15T01:08:22.1261413Z [36;1msafety check --json --output safety-report.json || true[0m
2025-07-15T01:08:22.1262025Z [36;1mecho "Security scan completed"[0m
2025-07-15T01:08:22.1294055Z shell: /usr/bin/bash -e {0}
2025-07-15T01:08:22.1294288Z env:
2025-07-15T01:08:22.1294545Z   pythonLocation: /opt/hostedtoolcache/Python/3.12.11/x64
2025-07-15T01:08:22.1295166Z   PKG_CONFIG_PATH: /opt/hostedtoolcache/Python/3.12.11/x64/lib/pkgconfig
2025-07-15T01:08:22.1295602Z   Python_ROOT_DIR: /opt/hostedtoolcache/Python/3.12.11/x64
2025-07-15T01:08:22.1295982Z   Python2_ROOT_DIR: /opt/hostedtoolcache/Python/3.12.11/x64
2025-07-15T01:08:22.1296359Z   Python3_ROOT_DIR: /opt/hostedtoolcache/Python/3.12.11/x64
2025-07-15T01:08:22.1296735Z   LD_LIBRARY_PATH: /opt/hostedtoolcache/Python/3.12.11/x64/lib
2025-07-15T01:08:22.1297086Z ##[endgroup]
2025-07-15T01:08:22.3418124Z [main]	INFO	profile include tests: None
2025-07-15T01:08:22.3418819Z [main]	INFO	profile exclude tests: None
2025-07-15T01:08:22.3419271Z [main]	INFO	cli include tests: None
2025-07-15T01:08:22.3419709Z [main]	INFO	cli exclude tests: None
2025-07-15T01:08:22.4488322Z [json]	INFO	JSON output written to file: bandit-report.json
2025-07-15T01:08:24.3691808Z Usage: safety check [OPTIONS]
2025-07-15T01:08:24.3692607Z Try 'safety check --help' for help.
2025-07-15T01:08:24.3692967Z 
2025-07-15T01:08:24.3693629Z Error: Invalid value for '--output' / '-o': 'safety-report.json' is not one of 'screen', 'text', 'json', 'bare', 'html'.
2025-07-15T01:08:24.5024424Z Security scan completed
2025-07-15T01:08:24.5051790Z ##[group]Run grep -r "eval\|exec\|subprocess\.call" book_triage/ || echo "No dangerous functions found"
2025-07-15T01:08:24.5052902Z [36;1mgrep -r "eval\|exec\|subprocess\.call" book_triage/ || echo "No dangerous functions found"[0m
2025-07-15T01:08:24.5053536Z [36;1mgrep -r "password\|secret\|key" book_triage/ | grep -v "test" | head -5 || echo "No hardcoded secrets found" [0m
2025-07-15T01:08:24.5081580Z shell: /usr/bin/bash -e {0}
2025-07-15T01:08:24.5081804Z env:
2025-07-15T01:08:24.5082211Z   pythonLocation: /opt/hostedtoolcache/Python/3.12.11/x64
2025-07-15T01:08:24.5082635Z   PKG_CONFIG_PATH: /opt/hostedtoolcache/Python/3.12.11/x64/lib/pkgconfig
2025-07-15T01:08:24.5083017Z   Python_ROOT_DIR: /opt/hostedtoolcache/Python/3.12.11/x64
2025-07-15T01:08:24.5083379Z   Python2_ROOT_DIR: /opt/hostedtoolcache/Python/3.12.11/x64
2025-07-15T01:08:24.5083746Z   Python3_ROOT_DIR: /opt/hostedtoolcache/Python/3.12.11/x64
2025-07-15T01:08:24.5084125Z   LD_LIBRARY_PATH: /opt/hostedtoolcache/Python/3.12.11/x64/lib
2025-07-15T01:08:24.5084410Z ##[endgroup]
2025-07-15T01:08:24.5147035Z No dangerous functions found
2025-07-15T01:08:24.5168190Z book_triage/env_example.txt:OPENAI_API_KEY=your_openai_api_key_here
2025-07-15T01:08:24.5168838Z book_triage/security.py:import secrets
2025-07-15T01:08:24.5169246Z book_triage/security.py:    expected_password = os.getenv("BOOK_PASS", "password")
2025-07-15T01:08:24.5169843Z book_triage/security.py:    is_correct_username = secrets.compare_digest(credentials.username, expected_username)
2025-07-15T01:08:24.5170506Z book_triage/security.py:    is_correct_password = secrets.compare_digest(credentials.password, expected_password)
2025-07-15T01:08:24.5219255Z Post job cleanup.
2025-07-15T01:08:24.6826232Z Post job cleanup.
2025-07-15T01:08:24.7748170Z [command]/usr/bin/git version
2025-07-15T01:08:24.7783182Z git version 2.50.1
2025-07-15T01:08:24.7824841Z Temporarily overriding HOME='/home/runner/work/_temp/45da5d38-62e6-49ac-a0e7-09adf232585c' before making global git config changes
2025-07-15T01:08:24.7826046Z Adding repository directory to the temporary git global config as a safe directory
2025-07-15T01:08:24.7836860Z [command]/usr/bin/git config --global --add safe.directory /home/runner/work/book_triage_v0.1.0/book_triage_v0.1.0
2025-07-15T01:08:24.7869333Z [command]/usr/bin/git config --local --name-only --get-regexp core\.sshCommand
2025-07-15T01:08:24.7901356Z [command]/usr/bin/git submodule foreach --recursive sh -c "git config --local --name-only --get-regexp 'core\.sshCommand' && git config --local --unset-all 'core.sshCommand' || :"
2025-07-15T01:08:24.8128142Z [command]/usr/bin/git config --local --name-only --get-regexp http\.https\:\/\/github\.com\/\.extraheader
2025-07-15T01:08:24.8148112Z http.https://github.com/.extraheader
2025-07-15T01:08:24.8160387Z [command]/usr/bin/git config --local --unset-all http.https://github.com/.extraheader
2025-07-15T01:08:24.8189549Z [command]/usr/bin/git submodule foreach --recursive sh -c "git config --local --name-only --get-regexp 'http\.https\:\/\/github\.com\/\.extraheader' && git config --local --unset-all 'http.https://github.com/.extraheader' || :"
2025-07-15T01:08:24.8507696Z Cleaning up orphan processes
