2025-07-14T23:49:21.3706559Z Current runner version: '2.326.0'
2025-07-14T23:49:21.3735115Z ##[group]Runner Image Provisioner
2025-07-14T23:49:21.3736318Z Hosted Compute Agent
2025-07-14T23:49:21.3737357Z Version: 20250711.363
2025-07-14T23:49:21.3738251Z Commit: 6785254374ce925a23743850c1cb91912ce5c14c
2025-07-14T23:49:21.3739307Z Build Date: 2025-07-11T20:04:25Z
2025-07-14T23:49:21.3740349Z ##[endgroup]
2025-07-14T23:49:21.3741384Z ##[group]Operating System
2025-07-14T23:49:21.3742610Z Ubuntu
2025-07-14T23:49:21.3743542Z 24.04.2
2025-07-14T23:49:21.3744260Z LTS
2025-07-14T23:49:21.3745059Z ##[endgroup]
2025-07-14T23:49:21.3746047Z ##[group]Runner Image
2025-07-14T23:49:21.3747069Z Image: ubuntu-24.04
2025-07-14T23:49:21.3747949Z Version: 20250710.1.0
2025-07-14T23:49:21.3749688Z Included Software: https://github.com/actions/runner-images/blob/ubuntu24/20250710.1/images/ubuntu/Ubuntu2404-Readme.md
2025-07-14T23:49:21.3752617Z Image Release: https://github.com/actions/runner-images/releases/tag/ubuntu24%2F20250710.1
2025-07-14T23:49:21.3754295Z ##[endgroup]
2025-07-14T23:49:21.3756196Z ##[group]GITHUB_TOKEN Permissions
2025-07-14T23:49:21.3759197Z Contents: read
2025-07-14T23:49:21.3760017Z Metadata: read
2025-07-14T23:49:21.3760881Z Packages: read
2025-07-14T23:49:21.3761750Z ##[endgroup]
2025-07-14T23:49:21.3764803Z Secret source: Actions
2025-07-14T23:49:21.3766232Z Prepare workflow directory
2025-07-14T23:49:21.4223957Z Prepare all required actions
2025-07-14T23:49:21.4279395Z Getting action download info
2025-07-14T23:49:21.6989622Z ##[group]Download immutable action package 'actions/checkout@v4'
2025-07-14T23:49:21.6990767Z Version: 4.2.2
2025-07-14T23:49:21.6991717Z Digest: sha256:ccb2698953eaebd21c7bf6268a94f9c26518a7e38e27e0b83c1fe1ad049819b1
2025-07-14T23:49:21.6993048Z Source commit SHA: 11bd71901bbe5b1630ceea73d27597364c9af683
2025-07-14T23:49:21.6993868Z ##[endgroup]
2025-07-14T23:49:21.8019599Z ##[group]Download immutable action package 'actions/setup-python@v4'
2025-07-14T23:49:21.8020474Z Version: 4.9.1
2025-07-14T23:49:21.8021199Z Digest: sha256:f03e505388af670b5a108629e0ba26befc08d5c62b41f46146a45fe29ae509a5
2025-07-14T23:49:21.8022402Z Source commit SHA: 7f4fc3e22c37d6ff65e88745f38bd3157c663f7c
2025-07-14T23:49:21.8023048Z ##[endgroup]
2025-07-14T23:49:22.1081533Z Complete job name: security
2025-07-14T23:49:22.1738621Z ##[group]Run actions/checkout@v4
2025-07-14T23:49:22.1739427Z with:
2025-07-14T23:49:22.1739832Z   repository: fitydo/book_triage_v0.1.0
2025-07-14T23:49:22.1740631Z   token: ***
2025-07-14T23:49:22.1741007Z   ssh-strict: true
2025-07-14T23:49:22.1741399Z   ssh-user: git
2025-07-14T23:49:22.1741788Z   persist-credentials: true
2025-07-14T23:49:22.1742376Z   clean: true
2025-07-14T23:49:22.1742768Z   sparse-checkout-cone-mode: true
2025-07-14T23:49:22.1743229Z   fetch-depth: 1
2025-07-14T23:49:22.1743602Z   fetch-tags: false
2025-07-14T23:49:22.1743989Z   show-progress: true
2025-07-14T23:49:22.1744374Z   lfs: false
2025-07-14T23:49:22.1744728Z   submodules: false
2025-07-14T23:49:22.1745121Z   set-safe-directory: true
2025-07-14T23:49:22.1745826Z ##[endgroup]
2025-07-14T23:49:22.2878233Z Syncing repository: fitydo/book_triage_v0.1.0
2025-07-14T23:49:22.2881422Z ##[group]Getting Git version info
2025-07-14T23:49:22.2883091Z Working directory is '/home/runner/work/book_triage_v0.1.0/book_triage_v0.1.0'
2025-07-14T23:49:22.2884934Z [command]/usr/bin/git version
2025-07-14T23:49:22.2893276Z git version 2.50.1
2025-07-14T23:49:22.2922255Z ##[endgroup]
2025-07-14T23:49:22.2938316Z Temporarily overriding HOME='/home/runner/work/_temp/279d643b-5522-44d3-8cc1-1e9dd97c5604' before making global git config changes
2025-07-14T23:49:22.2942434Z Adding repository directory to the temporary git global config as a safe directory
2025-07-14T23:49:22.2957240Z [command]/usr/bin/git config --global --add safe.directory /home/runner/work/book_triage_v0.1.0/book_triage_v0.1.0
2025-07-14T23:49:22.2994568Z Deleting the contents of '/home/runner/work/book_triage_v0.1.0/book_triage_v0.1.0'
2025-07-14T23:49:22.2997693Z ##[group]Initializing the repository
2025-07-14T23:49:22.3001348Z [command]/usr/bin/git init /home/runner/work/book_triage_v0.1.0/book_triage_v0.1.0
2025-07-14T23:49:22.3118501Z hint: Using 'master' as the name for the initial branch. This default branch name
2025-07-14T23:49:22.3121205Z hint: is subject to change. To configure the initial branch name to use in all
2025-07-14T23:49:22.3123324Z hint: of your new repositories, which will suppress this warning, call:
2025-07-14T23:49:22.3124793Z hint:
2025-07-14T23:49:22.3125875Z hint: 	git config --global init.defaultBranch <name>
2025-07-14T23:49:22.3126807Z hint:
2025-07-14T23:49:22.3127744Z hint: Names commonly chosen instead of 'master' are 'main', 'trunk' and
2025-07-14T23:49:22.3129298Z hint: 'development'. The just-created branch can be renamed via this command:
2025-07-14T23:49:22.3130552Z hint:
2025-07-14T23:49:22.3131235Z hint: 	git branch -m <name>
2025-07-14T23:49:22.3132477Z hint:
2025-07-14T23:49:22.3133514Z hint: Disable this message with "git config set advice.defaultBranchName false"
2025-07-14T23:49:22.3135392Z Initialized empty Git repository in /home/runner/work/book_triage_v0.1.0/book_triage_v0.1.0/.git/
2025-07-14T23:49:22.3138321Z [command]/usr/bin/git remote add origin https://github.com/fitydo/book_triage_v0.1.0
2025-07-14T23:49:22.3168787Z ##[endgroup]
2025-07-14T23:49:22.3170027Z ##[group]Disabling automatic garbage collection
2025-07-14T23:49:22.3172261Z [command]/usr/bin/git config --local gc.auto 0
2025-07-14T23:49:22.3205254Z ##[endgroup]
2025-07-14T23:49:22.3206313Z ##[group]Setting up auth
2025-07-14T23:49:22.3213326Z [command]/usr/bin/git config --local --name-only --get-regexp core\.sshCommand
2025-07-14T23:49:22.3246452Z [command]/usr/bin/git submodule foreach --recursive sh -c "git config --local --name-only --get-regexp 'core\.sshCommand' && git config --local --unset-all 'core.sshCommand' || :"
2025-07-14T23:49:22.3567178Z [command]/usr/bin/git config --local --name-only --get-regexp http\.https\:\/\/github\.com\/\.extraheader
2025-07-14T23:49:22.3600744Z [command]/usr/bin/git submodule foreach --recursive sh -c "git config --local --name-only --get-regexp 'http\.https\:\/\/github\.com\/\.extraheader' && git config --local --unset-all 'http.https://github.com/.extraheader' || :"
2025-07-14T23:49:22.3844916Z [command]/usr/bin/git config --local http.https://github.com/.extraheader AUTHORIZATION: basic ***
2025-07-14T23:49:22.3882963Z ##[endgroup]
2025-07-14T23:49:22.3884987Z ##[group]Fetching the repository
2025-07-14T23:49:22.3893764Z [command]/usr/bin/git -c protocol.version=2 fetch --no-tags --prune --no-recurse-submodules --depth=1 origin +f770bebfda6f86d29f7a62a74f6027a1a5ab793b:refs/remotes/origin/main
2025-07-14T23:49:22.7015002Z From https://github.com/fitydo/book_triage_v0.1.0
2025-07-14T23:49:22.7016837Z  * [new ref]         f770bebfda6f86d29f7a62a74f6027a1a5ab793b -> origin/main
2025-07-14T23:49:22.7044624Z ##[endgroup]
2025-07-14T23:49:22.7045943Z ##[group]Determining the checkout info
2025-07-14T23:49:22.7048428Z ##[endgroup]
2025-07-14T23:49:22.7053126Z [command]/usr/bin/git sparse-checkout disable
2025-07-14T23:49:22.7101204Z [command]/usr/bin/git config --local --unset-all extensions.worktreeConfig
2025-07-14T23:49:22.7130411Z ##[group]Checking out the ref
2025-07-14T23:49:22.7134966Z [command]/usr/bin/git checkout --progress --force -B main refs/remotes/origin/main
2025-07-14T23:49:22.7326770Z Switched to a new branch 'main'
2025-07-14T23:49:22.7328976Z branch 'main' set up to track 'origin/main'.
2025-07-14T23:49:22.7335901Z ##[endgroup]
2025-07-14T23:49:22.7371839Z [command]/usr/bin/git log -1 --format=%H
2025-07-14T23:49:22.7394649Z f770bebfda6f86d29f7a62a74f6027a1a5ab793b
2025-07-14T23:49:22.7682524Z ##[group]Run actions/setup-python@v4
2025-07-14T23:49:22.7683667Z with:
2025-07-14T23:49:22.7684382Z   python-version: 3.12
2025-07-14T23:49:22.7685234Z   check-latest: false
2025-07-14T23:49:22.7686312Z   token: ***
2025-07-14T23:49:22.7687083Z   update-environment: true
2025-07-14T23:49:22.7687995Z   allow-prereleases: false
2025-07-14T23:49:22.7689098Z ##[endgroup]
2025-07-14T23:49:22.9382915Z ##[group]Installed versions
2025-07-14T23:49:22.9506600Z Successfully set up CPython (3.12.11)
2025-07-14T23:49:22.9509245Z ##[endgroup]
2025-07-14T23:49:22.9646341Z ##[group]Run pip install bandit safety
2025-07-14T23:49:22.9647530Z [36;1mpip install bandit safety[0m
2025-07-14T23:49:22.9696900Z shell: /usr/bin/bash -e {0}
2025-07-14T23:49:22.9697855Z env:
2025-07-14T23:49:22.9698878Z   pythonLocation: /opt/hostedtoolcache/Python/3.12.11/x64
2025-07-14T23:49:22.9700464Z   PKG_CONFIG_PATH: /opt/hostedtoolcache/Python/3.12.11/x64/lib/pkgconfig
2025-07-14T23:49:22.9702334Z   Python_ROOT_DIR: /opt/hostedtoolcache/Python/3.12.11/x64
2025-07-14T23:49:22.9703821Z   Python2_ROOT_DIR: /opt/hostedtoolcache/Python/3.12.11/x64
2025-07-14T23:49:22.9705229Z   Python3_ROOT_DIR: /opt/hostedtoolcache/Python/3.12.11/x64
2025-07-14T23:49:22.9706638Z   LD_LIBRARY_PATH: /opt/hostedtoolcache/Python/3.12.11/x64/lib
2025-07-14T23:49:22.9707830Z ##[endgroup]
2025-07-14T23:49:23.7951164Z Collecting bandit
2025-07-14T23:49:23.8564612Z   Downloading bandit-1.8.6-py3-none-any.whl.metadata (6.9 kB)
2025-07-14T23:49:23.8947006Z Collecting safety
2025-07-14T23:49:23.9037132Z   Downloading safety-3.6.0-py3-none-any.whl.metadata (11 kB)
2025-07-14T23:49:23.9504099Z Collecting PyYAML>=5.3.1 (from bandit)
2025-07-14T23:49:23.9581822Z   Downloading PyYAML-6.0.2-cp312-cp312-manylinux_2_17_x86_64.manylinux2014_x86_64.whl.metadata (2.1 kB)
2025-07-14T23:49:23.9878185Z Collecting stevedore>=1.20.0 (from bandit)
2025-07-14T23:49:23.9956532Z   Downloading stevedore-5.4.1-py3-none-any.whl.metadata (2.3 kB)
2025-07-14T23:49:24.0436144Z Collecting rich (from bandit)
2025-07-14T23:49:24.0750002Z   Downloading rich-14.0.0-py3-none-any.whl.metadata (18 kB)
2025-07-14T23:49:24.1026527Z Collecting authlib>=1.2.0 (from safety)
2025-07-14T23:49:24.1103062Z   Downloading authlib-1.6.0-py2.py3-none-any.whl.metadata (4.1 kB)
2025-07-14T23:49:24.1347434Z Collecting click>=8.0.2 (from safety)
2025-07-14T23:49:24.1432308Z   Downloading click-8.2.1-py3-none-any.whl.metadata (2.5 kB)
2025-07-14T23:49:24.1606896Z Collecting dparse>=0.6.4 (from safety)
2025-07-14T23:49:24.1818078Z   Downloading dparse-0.6.4-py3-none-any.whl.metadata (5.5 kB)
2025-07-14T23:49:24.2093401Z Collecting filelock~=3.16.1 (from safety)
2025-07-14T23:49:24.2167117Z   Downloading filelock-3.16.1-py3-none-any.whl.metadata (2.9 kB)
2025-07-14T23:49:24.2493688Z Collecting httpx (from safety)
2025-07-14T23:49:24.2573135Z   Downloading httpx-0.28.1-py3-none-any.whl.metadata (7.1 kB)
2025-07-14T23:49:24.2880055Z Collecting jinja2>=3.1.0 (from safety)
2025-07-14T23:49:24.2958296Z   Downloading jinja2-3.1.6-py3-none-any.whl.metadata (2.9 kB)
2025-07-14T23:49:24.4353373Z Collecting marshmallow>=3.15.0 (from safety)
2025-07-14T23:49:24.4502679Z   Downloading marshmallow-4.0.0-py3-none-any.whl.metadata (7.4 kB)
2025-07-14T23:49:24.4751677Z Collecting nltk>=3.9 (from safety)
2025-07-14T23:49:24.4837577Z   Downloading nltk-3.9.1-py3-none-any.whl.metadata (2.9 kB)
2025-07-14T23:49:24.5079739Z Collecting packaging>=21.0 (from safety)
2025-07-14T23:49:24.5154226Z   Downloading packaging-25.0-py3-none-any.whl.metadata (3.3 kB)
2025-07-14T23:49:24.5920415Z Collecting psutil~=6.1.0 (from safety)
2025-07-14T23:49:24.6013621Z   Downloading psutil-6.1.1-cp36-abi3-manylinux_2_12_x86_64.manylinux2010_x86_64.manylinux_2_17_x86_64.manylinux2014_x86_64.whl.metadata (22 kB)
2025-07-14T23:49:24.7203151Z Collecting pydantic<2.10.0,>=2.6.0 (from safety)
2025-07-14T23:49:24.7275201Z   Downloading pydantic-2.9.2-py3-none-any.whl.metadata (149 kB)
2025-07-14T23:49:24.7784471Z Collecting requests (from safety)
2025-07-14T23:49:24.7889624Z   Downloading requests-2.32.4-py3-none-any.whl.metadata (4.9 kB)
2025-07-14T23:49:24.9330988Z Collecting ruamel-yaml>=0.17.21 (from safety)
2025-07-14T23:49:24.9403888Z   Downloading ruamel.yaml-0.18.14-py3-none-any.whl.metadata (24 kB)
2025-07-14T23:49:24.9594566Z Collecting safety-schemas==0.0.14 (from safety)
2025-07-14T23:49:24.9671241Z   Downloading safety_schemas-0.0.14-py3-none-any.whl.metadata (1.1 kB)
2025-07-14T23:49:25.0843398Z Collecting setuptools>=65.5.1 (from safety)
2025-07-14T23:49:25.0919310Z   Downloading setuptools-80.9.0-py3-none-any.whl.metadata (6.6 kB)
2025-07-14T23:49:25.1223816Z Collecting tenacity (from safety)
2025-07-14T23:49:25.1294807Z   Downloading tenacity-9.1.2-py3-none-any.whl.metadata (1.2 kB)
2025-07-14T23:49:25.1534700Z Collecting tomlkit (from safety)
2025-07-14T23:49:25.1606404Z   Downloading tomlkit-0.13.3-py3-none-any.whl.metadata (2.8 kB)
2025-07-14T23:49:25.1831326Z Collecting typer>=0.16.0 (from safety)
2025-07-14T23:49:25.1903648Z   Downloading typer-0.16.0-py3-none-any.whl.metadata (15 kB)
2025-07-14T23:49:25.2138770Z Collecting typing-extensions>=4.7.1 (from safety)
2025-07-14T23:49:25.2212473Z   Downloading typing_extensions-4.14.1-py3-none-any.whl.metadata (3.0 kB)
2025-07-14T23:49:25.2406472Z Collecting annotated-types>=0.6.0 (from pydantic<2.10.0,>=2.6.0->safety)
2025-07-14T23:49:25.2492617Z   Downloading annotated_types-0.7.0-py3-none-any.whl.metadata (15 kB)
2025-07-14T23:49:25.8585240Z Collecting pydantic-core==2.23.4 (from pydantic<2.10.0,>=2.6.0->safety)
2025-07-14T23:49:25.8686275Z   Downloading pydantic_core-2.23.4-cp312-cp312-manylinux_2_17_x86_64.manylinux2014_x86_64.whl.metadata (6.6 kB)
2025-07-14T23:49:26.0873608Z Collecting cryptography (from authlib>=1.2.0->safety)
2025-07-14T23:49:26.0946255Z   Downloading cryptography-45.0.5-cp311-abi3-manylinux_2_34_x86_64.whl.metadata (5.7 kB)
2025-07-14T23:49:26.1573884Z Collecting MarkupSafe>=2.0 (from jinja2>=3.1.0->safety)
2025-07-14T23:49:26.1656055Z   Downloading MarkupSafe-3.0.2-cp312-cp312-manylinux_2_17_x86_64.manylinux2014_x86_64.whl.metadata (4.0 kB)
2025-07-14T23:49:26.1960748Z Collecting joblib (from nltk>=3.9->safety)
2025-07-14T23:49:26.2031778Z   Downloading joblib-1.5.1-py3-none-any.whl.metadata (5.6 kB)
2025-07-14T23:49:26.4977223Z Collecting regex>=2021.8.3 (from nltk>=3.9->safety)
2025-07-14T23:49:26.5050646Z   Downloading regex-2024.11.6-cp312-cp312-manylinux_2_17_x86_64.manylinux2014_x86_64.whl.metadata (40 kB)
2025-07-14T23:49:26.5473167Z Collecting tqdm (from nltk>=3.9->safety)
2025-07-14T23:49:26.5551156Z   Downloading tqdm-4.67.1-py3-none-any.whl.metadata (57 kB)
2025-07-14T23:49:26.6000847Z Collecting ruamel.yaml.clib>=0.2.7 (from ruamel-yaml>=0.17.21->safety)
2025-07-14T23:49:26.6074956Z   Downloading ruamel.yaml.clib-0.2.12-cp312-cp312-manylinux_2_17_x86_64.manylinux2014_x86_64.whl.metadata (2.7 kB)
2025-07-14T23:49:26.6403964Z Collecting pbr>=2.0.0 (from stevedore>=1.20.0->bandit)
2025-07-14T23:49:26.6475962Z   Downloading pbr-6.1.1-py2.py3-none-any.whl.metadata (3.4 kB)
2025-07-14T23:49:26.6793066Z Collecting shellingham>=1.3.0 (from typer>=0.16.0->safety)
2025-07-14T23:49:26.6876601Z   Downloading shellingham-1.5.4-py2.py3-none-any.whl.metadata (3.5 kB)
2025-07-14T23:49:26.7223481Z Collecting markdown-it-py>=2.2.0 (from rich->bandit)
2025-07-14T23:49:26.7300404Z   Downloading markdown_it_py-3.0.0-py3-none-any.whl.metadata (6.9 kB)
2025-07-14T23:49:26.7624531Z Collecting pygments<3.0.0,>=2.13.0 (from rich->bandit)
2025-07-14T23:49:26.7697453Z   Downloading pygments-2.19.2-py3-none-any.whl.metadata (2.5 kB)
2025-07-14T23:49:26.7885222Z Collecting mdurl~=0.1 (from markdown-it-py>=2.2.0->rich->bandit)
2025-07-14T23:49:26.7954657Z   Downloading mdurl-0.1.2-py3-none-any.whl.metadata (1.6 kB)
2025-07-14T23:49:26.9006695Z Collecting cffi>=1.14 (from cryptography->authlib>=1.2.0->safety)
2025-07-14T23:49:26.9080622Z   Downloading cffi-1.17.1-cp312-cp312-manylinux_2_17_x86_64.manylinux2014_x86_64.whl.metadata (1.5 kB)
2025-07-14T23:49:26.9260658Z Collecting pycparser (from cffi>=1.14->cryptography->authlib>=1.2.0->safety)
2025-07-14T23:49:26.9340401Z   Downloading pycparser-2.22-py3-none-any.whl.metadata (943 bytes)
2025-07-14T23:49:26.9592520Z Collecting anyio (from httpx->safety)
2025-07-14T23:49:26.9664549Z   Downloading anyio-4.9.0-py3-none-any.whl.metadata (4.7 kB)
2025-07-14T23:49:26.9939580Z Collecting certifi (from httpx->safety)
2025-07-14T23:49:27.0010538Z   Downloading certifi-2025.7.14-py3-none-any.whl.metadata (2.4 kB)
2025-07-14T23:49:27.0301901Z Collecting httpcore==1.* (from httpx->safety)
2025-07-14T23:49:27.0372188Z   Downloading httpcore-1.0.9-py3-none-any.whl.metadata (21 kB)
2025-07-14T23:49:27.0587772Z Collecting idna (from httpx->safety)
2025-07-14T23:49:27.0660891Z   Downloading idna-3.10-py3-none-any.whl.metadata (10 kB)
2025-07-14T23:49:27.1372325Z Collecting h11>=0.16 (from httpcore==1.*->httpx->safety)
2025-07-14T23:49:27.1445720Z   Downloading h11-0.16.0-py3-none-any.whl.metadata (8.3 kB)
2025-07-14T23:49:27.1657691Z Collecting sniffio>=1.1 (from anyio->httpx->safety)
2025-07-14T23:49:27.1727856Z   Downloading sniffio-1.3.1-py3-none-any.whl.metadata (3.9 kB)
2025-07-14T23:49:27.2676699Z Collecting charset_normalizer<4,>=2 (from requests->safety)
2025-07-14T23:49:27.2756266Z   Downloading charset_normalizer-3.4.2-cp312-cp312-manylinux_2_17_x86_64.manylinux2014_x86_64.whl.metadata (35 kB)
2025-07-14T23:49:27.3154709Z Collecting urllib3<3,>=1.21.1 (from requests->safety)
2025-07-14T23:49:27.3228268Z   Downloading urllib3-2.5.0-py3-none-any.whl.metadata (6.5 kB)
2025-07-14T23:49:27.3499933Z Downloading bandit-1.8.6-py3-none-any.whl (133 kB)
2025-07-14T23:49:27.3627532Z Downloading safety-3.6.0-py3-none-any.whl (285 kB)
2025-07-14T23:49:27.3784689Z Downloading safety_schemas-0.0.14-py3-none-any.whl (39 kB)
2025-07-14T23:49:27.3881859Z Downloading filelock-3.16.1-py3-none-any.whl (16 kB)
2025-07-14T23:49:27.3976809Z Downloading psutil-6.1.1-cp36-abi3-manylinux_2_12_x86_64.manylinux2010_x86_64.manylinux_2_17_x86_64.manylinux2014_x86_64.whl (287 kB)
2025-07-14T23:49:27.4086545Z Downloading pydantic-2.9.2-py3-none-any.whl (434 kB)
2025-07-14T23:49:27.4232694Z Downloading pydantic_core-2.23.4-cp312-cp312-manylinux_2_17_x86_64.manylinux2014_x86_64.whl (2.1 MB)
2025-07-14T23:49:27.4402934Z    ━━━━━━━━━━━━━━━━━━━━━━━━━━━━━━━━━━━━━━━━ 2.1/2.1 MB 130.5 MB/s eta 0:00:00
2025-07-14T23:49:27.4471290Z Downloading annotated_types-0.7.0-py3-none-any.whl (13 kB)
2025-07-14T23:49:27.4575836Z Downloading authlib-1.6.0-py2.py3-none-any.whl (239 kB)
2025-07-14T23:49:27.4683236Z Downloading click-8.2.1-py3-none-any.whl (102 kB)
2025-07-14T23:49:27.4788307Z Downloading dparse-0.6.4-py3-none-any.whl (11 kB)
2025-07-14T23:49:27.4884457Z Downloading jinja2-3.1.6-py3-none-any.whl (134 kB)
2025-07-14T23:49:27.5001690Z Downloading MarkupSafe-3.0.2-cp312-cp312-manylinux_2_17_x86_64.manylinux2014_x86_64.whl (23 kB)
2025-07-14T23:49:27.5103646Z Downloading marshmallow-4.0.0-py3-none-any.whl (48 kB)
2025-07-14T23:49:27.5201491Z Downloading nltk-3.9.1-py3-none-any.whl (1.5 MB)
2025-07-14T23:49:27.5306278Z    ━━━━━━━━━━━━━━━━━━━━━━━━━━━━━━━━━━━━━━━━ 1.5/1.5 MB 157.9 MB/s eta 0:00:00
2025-07-14T23:49:27.5378402Z Downloading packaging-25.0-py3-none-any.whl (66 kB)
2025-07-14T23:49:27.5473771Z Downloading PyYAML-6.0.2-cp312-cp312-manylinux_2_17_x86_64.manylinux2014_x86_64.whl (767 kB)
2025-07-14T23:49:27.5545718Z    ━━━━━━━━━━━━━━━━━━━━━━━━━━━━━━━━━━━━━━━ 767.5/767.5 kB 117.1 MB/s eta 0:00:00
2025-07-14T23:49:27.5625665Z Downloading regex-2024.11.6-cp312-cp312-manylinux_2_17_x86_64.manylinux2014_x86_64.whl (796 kB)
2025-07-14T23:49:27.5707327Z    ━━━━━━━━━━━━━━━━━━━━━━━━━━━━━━━━━━━━━━━━ 796.9/796.9 kB 95.1 MB/s eta 0:00:00
2025-07-14T23:49:27.5775521Z Downloading ruamel.yaml-0.18.14-py3-none-any.whl (118 kB)
2025-07-14T23:49:27.5877370Z Downloading ruamel.yaml.clib-0.2.12-cp312-cp312-manylinux_2_17_x86_64.manylinux2014_x86_64.whl (754 kB)
2025-07-14T23:49:27.5987940Z    ━━━━━━━━━━━━━━━━━━━━━━━━━━━━━━━━━━━━━━━━ 754.1/754.1 kB 73.0 MB/s eta 0:00:00
2025-07-14T23:49:27.6060178Z Downloading setuptools-80.9.0-py3-none-any.whl (1.2 MB)
2025-07-14T23:49:27.6156140Z    ━━━━━━━━━━━━━━━━━━━━━━━━━━━━━━━━━━━━━━━━ 1.2/1.2 MB 132.3 MB/s eta 0:00:00
2025-07-14T23:49:27.6228952Z Downloading stevedore-5.4.1-py3-none-any.whl (49 kB)
2025-07-14T23:49:27.6326960Z Downloading pbr-6.1.1-py2.py3-none-any.whl (108 kB)
2025-07-14T23:49:27.6432859Z Downloading typer-0.16.0-py3-none-any.whl (46 kB)
2025-07-14T23:49:27.6537528Z Downloading rich-14.0.0-py3-none-any.whl (243 kB)
2025-07-14T23:49:27.6646724Z Downloading pygments-2.19.2-py3-none-any.whl (1.2 MB)
2025-07-14T23:49:27.6738736Z    ━━━━━━━━━━━━━━━━━━━━━━━━━━━━━━━━━━━━━━━━ 1.2/1.2 MB 145.0 MB/s eta 0:00:00
2025-07-14T23:49:27.6814026Z Downloading markdown_it_py-3.0.0-py3-none-any.whl (87 kB)
2025-07-14T23:49:27.6920833Z Downloading mdurl-0.1.2-py3-none-any.whl (10.0 kB)
2025-07-14T23:49:27.7019198Z Downloading shellingham-1.5.4-py2.py3-none-any.whl (9.8 kB)
2025-07-14T23:49:27.7119314Z Downloading typing_extensions-4.14.1-py3-none-any.whl (43 kB)
2025-07-14T23:49:27.7222748Z Downloading cryptography-45.0.5-cp311-abi3-manylinux_2_34_x86_64.whl (4.5 MB)
2025-07-14T23:49:27.7460072Z    ━━━━━━━━━━━━━━━━━━━━━━━━━━━━━━━━━━━━━━━━ 4.5/4.5 MB 197.9 MB/s eta 0:00:00
2025-07-14T23:49:27.7559366Z Downloading cffi-1.17.1-cp312-cp312-manylinux_2_17_x86_64.manylinux2014_x86_64.whl (479 kB)
2025-07-14T23:49:27.7677081Z Downloading httpx-0.28.1-py3-none-any.whl (73 kB)
2025-07-14T23:49:27.7778831Z Downloading httpcore-1.0.9-py3-none-any.whl (78 kB)
2025-07-14T23:49:27.7891490Z Downloading h11-0.16.0-py3-none-any.whl (37 kB)
2025-07-14T23:49:27.7995779Z Downloading anyio-4.9.0-py3-none-any.whl (100 kB)
2025-07-14T23:49:27.8094609Z Downloading idna-3.10-py3-none-any.whl (70 kB)
2025-07-14T23:49:27.8199694Z Downloading sniffio-1.3.1-py3-none-any.whl (10 kB)
2025-07-14T23:49:27.8331495Z Downloading certifi-2025.7.14-py3-none-any.whl (162 kB)
2025-07-14T23:49:27.8451774Z Downloading joblib-1.5.1-py3-none-any.whl (307 kB)
2025-07-14T23:49:27.8576904Z Downloading pycparser-2.22-py3-none-any.whl (117 kB)
2025-07-14T23:49:27.8672587Z Downloading requests-2.32.4-py3-none-any.whl (64 kB)
2025-07-14T23:49:27.8772903Z Downloading charset_normalizer-3.4.2-cp312-cp312-manylinux_2_17_x86_64.manylinux2014_x86_64.whl (148 kB)
2025-07-14T23:49:27.8877351Z Downloading urllib3-2.5.0-py3-none-any.whl (129 kB)
2025-07-14T23:49:27.9011516Z Downloading tenacity-9.1.2-py3-none-any.whl (28 kB)
2025-07-14T23:49:27.9113031Z Downloading tomlkit-0.13.3-py3-none-any.whl (38 kB)
2025-07-14T23:49:27.9210700Z Downloading tqdm-4.67.1-py3-none-any.whl (78 kB)
2025-07-14T23:49:28.0634160Z Installing collected packages: urllib3, typing-extensions, tqdm, tomlkit, tenacity, sniffio, shellingham, setuptools, ruamel.yaml.clib, regex, PyYAML, pygments, pycparser, psutil, packaging, mdurl, marshmallow, MarkupSafe, joblib, idna, h11, filelock, click, charset_normalizer, certifi, annotated-types, ruamel-yaml, requests, pydantic-core, pbr, nltk, markdown-it-py, jinja2, httpcore, dparse, cffi, anyio, stevedore, rich, pydantic, httpx, cryptography, typer, safety-schemas, bandit, authlib, safety
2025-07-14T23:49:33.6223165Z 
2025-07-14T23:49:33.6273407Z Successfully installed MarkupSafe-3.0.2 PyYAML-6.0.2 annotated-types-0.7.0 anyio-4.9.0 authlib-1.6.0 bandit-1.8.6 certifi-2025.7.14 cffi-1.17.1 charset_normalizer-3.4.2 click-8.2.1 cryptography-45.0.5 dparse-0.6.4 filelock-3.16.1 h11-0.16.0 httpcore-1.0.9 httpx-0.28.1 idna-3.10 jinja2-3.1.6 joblib-1.5.1 markdown-it-py-3.0.0 marshmallow-4.0.0 mdurl-0.1.2 nltk-3.9.1 packaging-25.0 pbr-6.1.1 psutil-6.1.1 pycparser-2.22 pydantic-2.9.2 pydantic-core-2.23.4 pygments-2.19.2 regex-2024.11.6 requests-2.32.4 rich-14.0.0 ruamel-yaml-0.18.14 ruamel.yaml.clib-0.2.12 safety-3.6.0 safety-schemas-0.0.14 setuptools-80.9.0 shellingham-1.5.4 sniffio-1.3.1 stevedore-5.4.1 tenacity-9.1.2 tomlkit-0.13.3 tqdm-4.67.1 typer-0.16.0 typing-extensions-4.14.1 urllib3-2.5.0
2025-07-14T23:49:34.2082854Z ##[group]Run bandit -r book_triage/ -f json -o bandit-report.json || true
2025-07-14T23:49:34.2083738Z [36;1mbandit -r book_triage/ -f json -o bandit-report.json || true[0m
2025-07-14T23:49:34.2084462Z [36;1msafety check --json --output safety-report.json || true[0m
2025-07-14T23:49:34.2085110Z [36;1mecho "Security scan completed"[0m
2025-07-14T23:49:34.2115283Z shell: /usr/bin/bash -e {0}
2025-07-14T23:49:34.2115520Z env:
2025-07-14T23:49:34.2115773Z   pythonLocation: /opt/hostedtoolcache/Python/3.12.11/x64
2025-07-14T23:49:34.2116408Z   PKG_CONFIG_PATH: /opt/hostedtoolcache/Python/3.12.11/x64/lib/pkgconfig
2025-07-14T23:49:34.2116814Z   Python_ROOT_DIR: /opt/hostedtoolcache/Python/3.12.11/x64
2025-07-14T23:49:34.2117156Z   Python2_ROOT_DIR: /opt/hostedtoolcache/Python/3.12.11/x64
2025-07-14T23:49:34.2117494Z   Python3_ROOT_DIR: /opt/hostedtoolcache/Python/3.12.11/x64
2025-07-14T23:49:34.2117829Z   LD_LIBRARY_PATH: /opt/hostedtoolcache/Python/3.12.11/x64/lib
2025-07-14T23:49:34.2118183Z ##[endgroup]
2025-07-14T23:49:34.3895191Z [main]	INFO	profile include tests: None
2025-07-14T23:49:34.3896082Z [main]	INFO	profile exclude tests: None
2025-07-14T23:49:34.3896587Z [main]	INFO	cli include tests: None
2025-07-14T23:49:34.3896959Z [main]	INFO	cli exclude tests: None
2025-07-14T23:49:34.4928548Z [json]	INFO	JSON output written to file: bandit-report.json
2025-07-14T23:49:36.0492334Z Usage: safety check [OPTIONS]
2025-07-14T23:49:36.0492854Z Try 'safety check --help' for help.
2025-07-14T23:49:36.0493123Z 
2025-07-14T23:49:36.0493589Z Error: Invalid value for '--output' / '-o': 'safety-report.json' is not one of 'screen', 'text', 'json', 'bare', 'html'.
2025-07-14T23:49:36.1872244Z Security scan completed
2025-07-14T23:49:36.1900209Z ##[group]Run grep -r "eval\|exec\|subprocess\.call" book_triage/ || echo "No dangerous functions found"
2025-07-14T23:49:36.1900847Z [36;1mgrep -r "eval\|exec\|subprocess\.call" book_triage/ || echo "No dangerous functions found"[0m
2025-07-14T23:49:36.1901435Z [36;1mgrep -r "password\|secret\|key" book_triage/ | grep -v "test" | head -5 || echo "No hardcoded secrets found" [0m
2025-07-14T23:49:36.1929700Z shell: /usr/bin/bash -e {0}
2025-07-14T23:49:36.1929925Z env:
2025-07-14T23:49:36.1930192Z   pythonLocation: /opt/hostedtoolcache/Python/3.12.11/x64
2025-07-14T23:49:36.1930604Z   PKG_CONFIG_PATH: /opt/hostedtoolcache/Python/3.12.11/x64/lib/pkgconfig
2025-07-14T23:49:36.1930994Z   Python_ROOT_DIR: /opt/hostedtoolcache/Python/3.12.11/x64
2025-07-14T23:49:36.1931351Z   Python2_ROOT_DIR: /opt/hostedtoolcache/Python/3.12.11/x64
2025-07-14T23:49:36.1931702Z   Python3_ROOT_DIR: /opt/hostedtoolcache/Python/3.12.11/x64
2025-07-14T23:49:36.1932301Z   LD_LIBRARY_PATH: /opt/hostedtoolcache/Python/3.12.11/x64/lib
2025-07-14T23:49:36.1932593Z ##[endgroup]
2025-07-14T23:49:36.1996222Z No dangerous functions found
2025-07-14T23:49:36.2018035Z book_triage/env_example.txt:OPENAI_API_KEY=your_openai_api_key_here
2025-07-14T23:49:36.2018672Z book_triage/security.py:import secrets
2025-07-14T23:49:36.2019077Z book_triage/security.py:    expected_password = os.getenv("BOOK_PASS", "password")
2025-07-14T23:49:36.2019675Z book_triage/security.py:    is_correct_username = secrets.compare_digest(credentials.username, expected_username)
2025-07-14T23:49:36.2020342Z book_triage/security.py:    is_correct_password = secrets.compare_digest(credentials.password, expected_password)
2025-07-14T23:49:36.2078840Z Post job cleanup.
2025-07-14T23:49:36.3728272Z Post job cleanup.
2025-07-14T23:49:36.4659496Z [command]/usr/bin/git version
2025-07-14T23:49:36.4695219Z git version 2.50.1
2025-07-14T23:49:36.4746782Z Temporarily overriding HOME='/home/runner/work/_temp/b653ecbd-7a4a-4ee0-a7da-b44afbc430ed' before making global git config changes
2025-07-14T23:49:36.4748086Z Adding repository directory to the temporary git global config as a safe directory
2025-07-14T23:49:36.4753550Z [command]/usr/bin/git config --global --add safe.directory /home/runner/work/book_triage_v0.1.0/book_triage_v0.1.0
2025-07-14T23:49:36.4791156Z [command]/usr/bin/git config --local --name-only --get-regexp core\.sshCommand
2025-07-14T23:49:36.4823908Z [command]/usr/bin/git submodule foreach --recursive sh -c "git config --local --name-only --get-regexp 'core\.sshCommand' && git config --local --unset-all 'core.sshCommand' || :"
2025-07-14T23:49:36.5050091Z [command]/usr/bin/git config --local --name-only --get-regexp http\.https\:\/\/github\.com\/\.extraheader
2025-07-14T23:49:36.5073218Z http.https://github.com/.extraheader
2025-07-14T23:49:36.5086161Z [command]/usr/bin/git config --local --unset-all http.https://github.com/.extraheader
2025-07-14T23:49:36.5116046Z [command]/usr/bin/git submodule foreach --recursive sh -c "git config --local --name-only --get-regexp 'http\.https\:\/\/github\.com\/\.extraheader' && git config --local --unset-all 'http.https://github.com/.extraheader' || :"
2025-07-14T23:49:36.5437512Z Cleaning up orphan processes
