2025-07-15T03:03:24.8554120Z Current runner version: '2.326.0'
2025-07-15T03:03:24.8586326Z ##[group]Runner Image Provisioner
2025-07-15T03:03:24.8587584Z Hosted Compute Agent
2025-07-15T03:03:24.8588691Z Version: 20250711.363
2025-07-15T03:03:24.8589978Z Commit: 6785254374ce925a23743850c1cb91912ce5c14c
2025-07-15T03:03:24.8591163Z Build Date: 2025-07-11T20:04:25Z
2025-07-15T03:03:24.8592418Z ##[endgroup]
2025-07-15T03:03:24.8593276Z ##[group]Operating System
2025-07-15T03:03:24.8594245Z Ubuntu
2025-07-15T03:03:24.8595130Z 24.04.2
2025-07-15T03:03:24.8595927Z LTS
2025-07-15T03:03:24.8596725Z ##[endgroup]
2025-07-15T03:03:24.8597690Z ##[group]Runner Image
2025-07-15T03:03:24.8598685Z Image: ubuntu-24.04
2025-07-15T03:03:24.8599708Z Version: 20250710.1.0
2025-07-15T03:03:24.8601491Z Included Software: https://github.com/actions/runner-images/blob/ubuntu24/20250710.1/images/ubuntu/Ubuntu2404-Readme.md
2025-07-15T03:03:24.8604283Z Image Release: https://github.com/actions/runner-images/releases/tag/ubuntu24%2F20250710.1
2025-07-15T03:03:24.8606143Z ##[endgroup]
2025-07-15T03:03:24.8608053Z ##[group]GITHUB_TOKEN Permissions
2025-07-15T03:03:24.8611143Z Contents: read
2025-07-15T03:03:24.8612076Z Metadata: read
2025-07-15T03:03:24.8612894Z Packages: read
2025-07-15T03:03:24.8613830Z ##[endgroup]
2025-07-15T03:03:24.8617206Z Secret source: Actions
2025-07-15T03:03:24.8618562Z Prepare workflow directory
2025-07-15T03:03:24.9072427Z Prepare all required actions
2025-07-15T03:03:24.9127777Z Getting action download info
2025-07-15T03:03:25.2676425Z ##[group]Download immutable action package 'actions/checkout@v4'
2025-07-15T03:03:25.2677369Z Version: 4.2.2
2025-07-15T03:03:25.2678479Z Digest: sha256:ccb2698953eaebd21c7bf6268a94f9c26518a7e38e27e0b83c1fe1ad049819b1
2025-07-15T03:03:25.2679947Z Source commit SHA: 11bd71901bbe5b1630ceea73d27597364c9af683
2025-07-15T03:03:25.2680983Z ##[endgroup]
2025-07-15T03:03:25.3610277Z ##[group]Download immutable action package 'actions/setup-python@v4'
2025-07-15T03:03:25.3611118Z Version: 4.9.1
2025-07-15T03:03:25.3611992Z Digest: sha256:f03e505388af670b5a108629e0ba26befc08d5c62b41f46146a45fe29ae509a5
2025-07-15T03:03:25.3612902Z Source commit SHA: 7f4fc3e22c37d6ff65e88745f38bd3157c663f7c
2025-07-15T03:03:25.3613597Z ##[endgroup]
2025-07-15T03:03:25.5774387Z ##[group]Download immutable action package 'actions/cache@v4'
2025-07-15T03:03:25.5775168Z Version: 4.2.3
2025-07-15T03:03:25.5775895Z Digest: sha256:c8a3bb963e1f1826d8fcc8d1354f0dd29d8ac1db1d4f6f20247055ae11b81ed9
2025-07-15T03:03:25.5776936Z Source commit SHA: 5a3ec84eff668545956fd18022155c47e93e2684
2025-07-15T03:03:25.5777637Z ##[endgroup]
2025-07-15T03:03:25.6807396Z Download action repository 'codecov/codecov-action@v3' (SHA:ab904c41d6ece82784817410c45d8b8c02684457)
2025-07-15T03:03:25.8643983Z ##[group]Download immutable action package 'actions/upload-artifact@v4'
2025-07-15T03:03:25.8645005Z Version: 4.6.2
2025-07-15T03:03:25.8645864Z Digest: sha256:290722aa3281d5caf23d0acdc3dbeb3424786a1a01a9cc97e72f147225e37c38
2025-07-15T03:03:25.8646920Z Source commit SHA: ea165f8d65b6e75b540449e92b4886f43607fa02
2025-07-15T03:03:25.8647705Z ##[endgroup]
2025-07-15T03:03:26.0788224Z Complete job name: quality-gate
2025-07-15T03:03:26.1503168Z ##[group]Run actions/checkout@v4
2025-07-15T03:03:26.1504158Z with:
2025-07-15T03:03:26.1504601Z   repository: fitydo/book_triage_v0.1.0
2025-07-15T03:03:26.1505332Z   token: ***
2025-07-15T03:03:26.1505746Z   ssh-strict: true
2025-07-15T03:03:26.1506164Z   ssh-user: git
2025-07-15T03:03:26.1506593Z   persist-credentials: true
2025-07-15T03:03:26.1507111Z   clean: true
2025-07-15T03:03:26.1507548Z   sparse-checkout-cone-mode: true
2025-07-15T03:03:26.1508065Z   fetch-depth: 1
2025-07-15T03:03:26.1508471Z   fetch-tags: false
2025-07-15T03:03:26.1508918Z   show-progress: true
2025-07-15T03:03:26.1509747Z   lfs: false
2025-07-15T03:03:26.1510179Z   submodules: false
2025-07-15T03:03:26.1510613Z   set-safe-directory: true
2025-07-15T03:03:26.1511395Z ##[endgroup]
2025-07-15T03:03:26.2559420Z Syncing repository: fitydo/book_triage_v0.1.0
2025-07-15T03:03:26.2561828Z ##[group]Getting Git version info
2025-07-15T03:03:26.2562735Z Working directory is '/home/runner/work/book_triage_v0.1.0/book_triage_v0.1.0'
2025-07-15T03:03:26.2564032Z [command]/usr/bin/git version
2025-07-15T03:03:26.2593754Z git version 2.50.1
2025-07-15T03:03:26.2619808Z ##[endgroup]
2025-07-15T03:03:26.2633437Z Temporarily overriding HOME='/home/runner/work/_temp/cc2e8c48-757f-4431-b587-758b8ecbc3de' before making global git config changes
2025-07-15T03:03:26.2634888Z Adding repository directory to the temporary git global config as a safe directory
2025-07-15T03:03:26.2645903Z [command]/usr/bin/git config --global --add safe.directory /home/runner/work/book_triage_v0.1.0/book_triage_v0.1.0
2025-07-15T03:03:26.2678917Z Deleting the contents of '/home/runner/work/book_triage_v0.1.0/book_triage_v0.1.0'
2025-07-15T03:03:26.2682550Z ##[group]Initializing the repository
2025-07-15T03:03:26.2686324Z [command]/usr/bin/git init /home/runner/work/book_triage_v0.1.0/book_triage_v0.1.0
2025-07-15T03:03:26.2755305Z hint: Using 'master' as the name for the initial branch. This default branch name
2025-07-15T03:03:26.2757175Z hint: is subject to change. To configure the initial branch name to use in all
2025-07-15T03:03:26.2758851Z hint: of your new repositories, which will suppress this warning, call:
2025-07-15T03:03:26.2760194Z hint:
2025-07-15T03:03:26.2760723Z hint: 	git config --global init.defaultBranch <name>
2025-07-15T03:03:26.2761493Z hint:
2025-07-15T03:03:26.2762109Z hint: Names commonly chosen instead of 'master' are 'main', 'trunk' and
2025-07-15T03:03:26.2763388Z hint: 'development'. The just-created branch can be renamed via this command:
2025-07-15T03:03:26.2764333Z hint:
2025-07-15T03:03:26.2764747Z hint: 	git branch -m <name>
2025-07-15T03:03:26.2765220Z hint:
2025-07-15T03:03:26.2765957Z hint: Disable this message with "git config set advice.defaultBranchName false"
2025-07-15T03:03:26.2767177Z Initialized empty Git repository in /home/runner/work/book_triage_v0.1.0/book_triage_v0.1.0/.git/
2025-07-15T03:03:26.2769708Z [command]/usr/bin/git remote add origin https://github.com/fitydo/book_triage_v0.1.0
2025-07-15T03:03:26.2801863Z ##[endgroup]
2025-07-15T03:03:26.2802637Z ##[group]Disabling automatic garbage collection
2025-07-15T03:03:26.2805527Z [command]/usr/bin/git config --local gc.auto 0
2025-07-15T03:03:26.2833937Z ##[endgroup]
2025-07-15T03:03:26.2834658Z ##[group]Setting up auth
2025-07-15T03:03:26.2840382Z [command]/usr/bin/git config --local --name-only --get-regexp core\.sshCommand
2025-07-15T03:03:26.2870209Z [command]/usr/bin/git submodule foreach --recursive sh -c "git config --local --name-only --get-regexp 'core\.sshCommand' && git config --local --unset-all 'core.sshCommand' || :"
2025-07-15T03:03:26.3143785Z [command]/usr/bin/git config --local --name-only --get-regexp http\.https\:\/\/github\.com\/\.extraheader
2025-07-15T03:03:26.3172175Z [command]/usr/bin/git submodule foreach --recursive sh -c "git config --local --name-only --get-regexp 'http\.https\:\/\/github\.com\/\.extraheader' && git config --local --unset-all 'http.https://github.com/.extraheader' || :"
2025-07-15T03:03:26.3388963Z [command]/usr/bin/git config --local http.https://github.com/.extraheader AUTHORIZATION: basic ***
2025-07-15T03:03:26.3422304Z ##[endgroup]
2025-07-15T03:03:26.3429936Z ##[group]Fetching the repository
2025-07-15T03:03:26.3431560Z [command]/usr/bin/git -c protocol.version=2 fetch --no-tags --prune --no-recurse-submodules --depth=1 origin +6e5257eb7b60bbc972499ed38d438a155894cf17:refs/remotes/origin/main
2025-07-15T03:03:26.5828987Z From https://github.com/fitydo/book_triage_v0.1.0
2025-07-15T03:03:26.5830578Z  * [new ref]         6e5257eb7b60bbc972499ed38d438a155894cf17 -> origin/main
2025-07-15T03:03:26.5858924Z ##[endgroup]
2025-07-15T03:03:26.5860489Z ##[group]Determining the checkout info
2025-07-15T03:03:26.5861952Z ##[endgroup]
2025-07-15T03:03:26.5867264Z [command]/usr/bin/git sparse-checkout disable
2025-07-15T03:03:26.5910107Z [command]/usr/bin/git config --local --unset-all extensions.worktreeConfig
2025-07-15T03:03:26.5939921Z ##[group]Checking out the ref
2025-07-15T03:03:26.5944268Z [command]/usr/bin/git checkout --progress --force -B main refs/remotes/origin/main
2025-07-15T03:03:26.6163000Z Switched to a new branch 'main'
2025-07-15T03:03:26.6166128Z branch 'main' set up to track 'origin/main'.
2025-07-15T03:03:26.6172351Z ##[endgroup]
2025-07-15T03:03:26.6205626Z [command]/usr/bin/git log -1 --format=%H
2025-07-15T03:03:26.6228004Z 6e5257eb7b60bbc972499ed38d438a155894cf17
2025-07-15T03:03:26.6524461Z ##[group]Run actions/setup-python@v4
2025-07-15T03:03:26.6525046Z with:
2025-07-15T03:03:26.6525451Z   python-version: 3.12
2025-07-15T03:03:26.6525906Z   check-latest: false
2025-07-15T03:03:26.6526494Z   token: ***
2025-07-15T03:03:26.6526934Z   update-environment: true
2025-07-15T03:03:26.6527435Z   allow-prereleases: false
2025-07-15T03:03:26.6527904Z ##[endgroup]
2025-07-15T03:03:26.8188595Z ##[group]Installed versions
2025-07-15T03:03:26.8299899Z Successfully set up CPython (3.12.11)
2025-07-15T03:03:26.8301490Z ##[endgroup]
2025-07-15T03:03:26.9446847Z ##[group]Run actions/cache@v4
2025-07-15T03:03:26.9447388Z with:
2025-07-15T03:03:26.9447778Z   path: ~/.cache/pip
2025-07-15T03:03:26.9448468Z   key: Linux-pip-7481cc370f9bdef12023486f79da6673ff9164659a96ca74a04478bd65194968
2025-07-15T03:03:26.9449514Z   restore-keys: Linux-pip-

2025-07-15T03:03:26.9450037Z   enableCrossOsArchive: false
2025-07-15T03:03:26.9450532Z   fail-on-cache-miss: false
2025-07-15T03:03:26.9451001Z   lookup-only: false
2025-07-15T03:03:26.9451441Z   save-always: false
2025-07-15T03:03:26.9451854Z env:
2025-07-15T03:03:26.9452348Z   pythonLocation: /opt/hostedtoolcache/Python/3.12.11/x64
2025-07-15T03:03:26.9453151Z   PKG_CONFIG_PATH: /opt/hostedtoolcache/Python/3.12.11/x64/lib/pkgconfig
2025-07-15T03:03:26.9453957Z   Python_ROOT_DIR: /opt/hostedtoolcache/Python/3.12.11/x64
2025-07-15T03:03:26.9454694Z   Python2_ROOT_DIR: /opt/hostedtoolcache/Python/3.12.11/x64
2025-07-15T03:03:26.9455409Z   Python3_ROOT_DIR: /opt/hostedtoolcache/Python/3.12.11/x64
2025-07-15T03:03:26.9456206Z   LD_LIBRARY_PATH: /opt/hostedtoolcache/Python/3.12.11/x64/lib
2025-07-15T03:03:26.9456966Z ##[endgroup]
2025-07-15T03:03:27.2059438Z Cache hit for: Linux-pip-7481cc370f9bdef12023486f79da6673ff9164659a96ca74a04478bd65194968
2025-07-15T03:03:27.5370085Z Received 54770577 of 54770577 (100.0%), 174.7 MBs/sec
2025-07-15T03:03:27.5372423Z Cache Size: ~52 MB (54770577 B)
2025-07-15T03:03:27.5401187Z [command]/usr/bin/tar -xf /home/runner/work/_temp/170abb04-ef2b-4c28-a47a-322e7782faaa/cache.tzst -P -C /home/runner/work/book_triage_v0.1.0/book_triage_v0.1.0 --use-compress-program unzstd
2025-07-15T03:03:27.6523645Z Cache restored successfully
2025-07-15T03:03:27.6721091Z Cache restored from key: Linux-pip-7481cc370f9bdef12023486f79da6673ff9164659a96ca74a04478bd65194968
2025-07-15T03:03:27.6884797Z ##[group]Run sudo apt-get update
2025-07-15T03:03:27.6886198Z [36;1msudo apt-get update[0m
2025-07-15T03:03:27.6887522Z [36;1msudo apt-get install -y libmagic1[0m
2025-07-15T03:03:27.6889033Z [36;1mpython -m pip install --upgrade pip[0m
2025-07-15T03:03:27.6890945Z [36;1mpip install -e .[0m
2025-07-15T03:03:27.6892245Z [36;1mpip install pytest-cov coverage codecov[0m
2025-07-15T03:03:27.6930705Z shell: /usr/bin/bash -e {0}
2025-07-15T03:03:27.6931838Z env:
2025-07-15T03:03:27.6932962Z   pythonLocation: /opt/hostedtoolcache/Python/3.12.11/x64
2025-07-15T03:03:27.6934928Z   PKG_CONFIG_PATH: /opt/hostedtoolcache/Python/3.12.11/x64/lib/pkgconfig
2025-07-15T03:03:27.6936878Z   Python_ROOT_DIR: /opt/hostedtoolcache/Python/3.12.11/x64
2025-07-15T03:03:27.6938604Z   Python2_ROOT_DIR: /opt/hostedtoolcache/Python/3.12.11/x64
2025-07-15T03:03:27.6940476Z   Python3_ROOT_DIR: /opt/hostedtoolcache/Python/3.12.11/x64
2025-07-15T03:03:27.6942265Z   LD_LIBRARY_PATH: /opt/hostedtoolcache/Python/3.12.11/x64/lib
2025-07-15T03:03:27.6943764Z ##[endgroup]
2025-07-15T03:03:27.7680285Z Get:1 file:/etc/apt/apt-mirrors.txt Mirrorlist [144 B]
2025-07-15T03:03:27.8029393Z Hit:2 http://azure.archive.ubuntu.com/ubuntu noble InRelease
2025-07-15T03:03:27.8042282Z Hit:6 https://packages.microsoft.com/repos/azure-cli noble InRelease
2025-07-15T03:03:27.8045738Z Get:7 https://packages.microsoft.com/ubuntu/24.04/prod noble InRelease [3600 B]
2025-07-15T03:03:27.8049651Z Get:3 http://azure.archive.ubuntu.com/ubuntu noble-updates InRelease [126 kB]
2025-07-15T03:03:27.8087445Z Get:4 http://azure.archive.ubuntu.com/ubuntu noble-backports InRelease [126 kB]
2025-07-15T03:03:27.8105570Z Get:5 http://azure.archive.ubuntu.com/ubuntu noble-security InRelease [126 kB]
2025-07-15T03:03:27.9648179Z Get:8 https://packages.microsoft.com/ubuntu/24.04/prod noble/main armhf Packages [9349 B]
2025-07-15T03:03:27.9746723Z Get:9 https://packages.microsoft.com/ubuntu/24.04/prod noble/main arm64 Packages [26.5 kB]
2025-07-15T03:03:27.9785804Z Get:10 https://packages.microsoft.com/ubuntu/24.04/prod noble/main amd64 Packages [40.3 kB]
2025-07-15T03:03:28.0112381Z Get:11 http://azure.archive.ubuntu.com/ubuntu noble-updates/main amd64 Packages [1238 kB]
2025-07-15T03:03:28.0186808Z Get:12 http://azure.archive.ubuntu.com/ubuntu noble-updates/main Translation-en [253 kB]
2025-07-15T03:03:28.0213256Z Get:13 http://azure.archive.ubuntu.com/ubuntu noble-updates/main amd64 Components [163 kB]
2025-07-15T03:03:28.0231746Z Get:14 http://azure.archive.ubuntu.com/ubuntu noble-updates/universe amd64 Packages [1106 kB]
2025-07-15T03:03:28.0294282Z Get:15 http://azure.archive.ubuntu.com/ubuntu noble-updates/universe Translation-en [282 kB]
2025-07-15T03:03:28.0319400Z Get:16 http://azure.archive.ubuntu.com/ubuntu noble-updates/universe amd64 Components [377 kB]
2025-07-15T03:03:28.0348888Z Get:17 http://azure.archive.ubuntu.com/ubuntu noble-updates/restricted amd64 Packages [1418 kB]
2025-07-15T03:03:28.0427942Z Get:18 http://azure.archive.ubuntu.com/ubuntu noble-updates/restricted Translation-en [303 kB]
2025-07-15T03:03:28.0462380Z Get:19 http://azure.archive.ubuntu.com/ubuntu noble-updates/restricted amd64 Components [212 B]
2025-07-15T03:03:28.0473941Z Get:20 http://azure.archive.ubuntu.com/ubuntu noble-updates/multiverse amd64 Components [940 B]
2025-07-15T03:03:28.1119441Z Get:21 http://azure.archive.ubuntu.com/ubuntu noble-backports/main amd64 Components [7060 B]
2025-07-15T03:03:28.1131965Z Get:22 http://azure.archive.ubuntu.com/ubuntu noble-backports/universe amd64 Components [28.4 kB]
2025-07-15T03:03:28.1184034Z Get:23 http://azure.archive.ubuntu.com/ubuntu noble-backports/restricted amd64 Components [216 B]
2025-07-15T03:03:28.1188361Z Get:24 http://azure.archive.ubuntu.com/ubuntu noble-backports/multiverse amd64 Components [212 B]
2025-07-15T03:03:28.1225966Z Get:25 http://azure.archive.ubuntu.com/ubuntu noble-security/main amd64 Packages [986 kB]
2025-07-15T03:03:28.1282603Z Get:26 http://azure.archive.ubuntu.com/ubuntu noble-security/main Translation-en [175 kB]
2025-07-15T03:03:28.1301629Z Get:27 http://azure.archive.ubuntu.com/ubuntu noble-security/main amd64 Components [21.6 kB]
2025-07-15T03:03:28.1312758Z Get:28 http://azure.archive.ubuntu.com/ubuntu noble-security/universe amd64 Packages [872 kB]
2025-07-15T03:03:28.1362429Z Get:29 http://azure.archive.ubuntu.com/ubuntu noble-security/universe Translation-en [192 kB]
2025-07-15T03:03:28.1381744Z Get:30 http://azure.archive.ubuntu.com/ubuntu noble-security/universe amd64 Components [52.3 kB]
2025-07-15T03:03:28.1394106Z Get:31 http://azure.archive.ubuntu.com/ubuntu noble-security/restricted amd64 Packages [1373 kB]
2025-07-15T03:03:28.1461483Z Get:32 http://azure.archive.ubuntu.com/ubuntu noble-security/restricted Translation-en [294 kB]
2025-07-15T03:03:28.1487815Z Get:33 http://azure.archive.ubuntu.com/ubuntu noble-security/restricted amd64 Components [212 B]
2025-07-15T03:03:28.1497416Z Get:34 http://azure.archive.ubuntu.com/ubuntu noble-security/multiverse amd64 Components [208 B]
2025-07-15T03:03:34.3898446Z Fetched 9601 kB in 1s (7780 kB/s)
2025-07-15T03:03:35.0482823Z Reading package lists...
2025-07-15T03:03:35.0804699Z Reading package lists...
2025-07-15T03:03:35.2324575Z Building dependency tree...
2025-07-15T03:03:35.2331609Z Reading state information...
2025-07-15T03:03:35.4056948Z libmagic1t64 is already the newest version (1:5.45-3build1).
2025-07-15T03:03:35.4057677Z libmagic1t64 set to manually installed.
2025-07-15T03:03:35.4058178Z 0 upgraded, 0 newly installed, 0 to remove and 22 not upgraded.
2025-07-15T03:03:35.9660877Z Requirement already satisfied: pip in /opt/hostedtoolcache/Python/3.12.11/x64/lib/python3.12/site-packages (25.1.1)
2025-07-15T03:03:36.4537392Z Obtaining file:///home/runner/work/book_triage_v0.1.0/book_triage_v0.1.0
2025-07-15T03:03:36.4565600Z   Installing build dependencies: started
2025-07-15T03:03:37.0952294Z   Installing build dependencies: finished with status 'done'
2025-07-15T03:03:37.0959606Z   Checking if build backend supports build_editable: started
2025-07-15T03:03:37.1601145Z   Checking if build backend supports build_editable: finished with status 'done'
2025-07-15T03:03:37.1610320Z   Getting requirements to build editable: started
2025-07-15T03:03:37.2872850Z   Getting requirements to build editable: finished with status 'done'
2025-07-15T03:03:37.2886516Z   Installing backend dependencies: started
2025-07-15T03:03:37.7622999Z   Installing backend dependencies: finished with status 'done'
2025-07-15T03:03:37.7631094Z   Preparing editable metadata (pyproject.toml): started
2025-07-15T03:03:38.0109521Z   Preparing editable metadata (pyproject.toml): finished with status 'done'
2025-07-15T03:03:38.1086308Z Collecting fastapi>=0.104.0 (from book_triage==0.1.0)
2025-07-15T03:03:38.1099879Z   Using cached fastapi-0.116.1-py3-none-any.whl.metadata (28 kB)
2025-07-15T03:03:38.1771760Z Collecting openai>=1.0.0 (from book_triage==0.1.0)
2025-07-15T03:03:38.1783838Z   Using cached openai-1.95.1-py3-none-any.whl.metadata (29 kB)
2025-07-15T03:03:38.3007925Z Collecting pandas>=2.0.0 (from book_triage==0.1.0)
2025-07-15T03:03:38.3021466Z   Using cached pandas-2.3.1-cp312-cp312-manylinux_2_17_x86_64.manylinux2014_x86_64.whl.metadata (91 kB)
2025-07-15T03:03:38.4926189Z Collecting pillow>=10.0.0 (from book_triage==0.1.0)
2025-07-15T03:03:38.4940309Z   Using cached pillow-11.3.0-cp312-cp312-manylinux_2_27_x86_64.manylinux_2_28_x86_64.whl.metadata (9.0 kB)
2025-07-15T03:03:38.5107610Z Collecting pytesseract>=0.3.10 (from book_triage==0.1.0)
2025-07-15T03:03:38.5120567Z   Using cached pytesseract-0.3.13-py3-none-any.whl.metadata (11 kB)
2025-07-15T03:03:38.5382826Z Collecting python-dotenv>=1.0.0 (from book_triage==0.1.0)
2025-07-15T03:03:38.5399812Z   Using cached python_dotenv-1.1.1-py3-none-any.whl.metadata (24 kB)
2025-07-15T03:03:38.5628799Z Collecting python-magic>=0.4.27 (from book_triage==0.1.0)
2025-07-15T03:03:38.5646965Z   Using cached python_magic-0.4.27-py2.py3-none-any.whl.metadata (5.8 kB)
2025-07-15T03:03:38.5798984Z Collecting python-multipart>=0.0.6 (from book_triage==0.1.0)
2025-07-15T03:03:38.5810118Z   Using cached python_multipart-0.0.20-py3-none-any.whl.metadata (1.8 kB)
2025-07-15T03:03:38.5934124Z Collecting slowapi>=0.1.8 (from book_triage==0.1.0)
2025-07-15T03:03:38.5945759Z   Using cached slowapi-0.1.9-py3-none-any.whl.metadata (3.0 kB)
2025-07-15T03:03:38.6322866Z Collecting tqdm>=4.65.0 (from book_triage==0.1.0)
2025-07-15T03:03:38.6334247Z   Using cached tqdm-4.67.1-py3-none-any.whl.metadata (57 kB)
2025-07-15T03:03:38.6579386Z Collecting typer>=0.9.0 (from book_triage==0.1.0)
2025-07-15T03:03:38.6590650Z   Using cached typer-0.16.0-py3-none-any.whl.metadata (15 kB)
2025-07-15T03:03:38.6883450Z Collecting uvicorn>=0.24.0 (from uvicorn[standard]>=0.24.0->book_triage==0.1.0)
2025-07-15T03:03:38.6894541Z   Using cached uvicorn-0.35.0-py3-none-any.whl.metadata (6.5 kB)
2025-07-15T03:03:38.7203441Z Collecting starlette<0.48.0,>=0.40.0 (from fastapi>=0.104.0->book_triage==0.1.0)
2025-07-15T03:03:38.7215113Z   Using cached starlette-0.47.1-py3-none-any.whl.metadata (6.2 kB)
2025-07-15T03:03:38.8670062Z Collecting pydantic!=1.8,!=1.8.1,!=2.0.0,!=2.0.1,!=2.1.0,<3.0.0,>=1.7.4 (from fastapi>=0.104.0->book_triage==0.1.0)
2025-07-15T03:03:38.8683359Z   Using cached pydantic-2.11.7-py3-none-any.whl.metadata (67 kB)
2025-07-15T03:03:38.8900569Z Collecting typing-extensions>=4.8.0 (from fastapi>=0.104.0->book_triage==0.1.0)
2025-07-15T03:03:38.8912706Z   Using cached typing_extensions-4.14.1-py3-none-any.whl.metadata (3.0 kB)
2025-07-15T03:03:38.9055914Z Collecting annotated-types>=0.6.0 (from pydantic!=1.8,!=1.8.1,!=2.0.0,!=2.0.1,!=2.1.0,<3.0.0,>=1.7.4->fastapi>=0.104.0->book_triage==0.1.0)
2025-07-15T03:03:38.9067448Z   Using cached annotated_types-0.7.0-py3-none-any.whl.metadata (15 kB)
2025-07-15T03:03:39.4980358Z Collecting pydantic-core==2.33.2 (from pydantic!=1.8,!=1.8.1,!=2.0.0,!=2.0.1,!=2.1.0,<3.0.0,>=1.7.4->fastapi>=0.104.0->book_triage==0.1.0)
2025-07-15T03:03:39.4994209Z   Using cached pydantic_core-2.33.2-cp312-cp312-manylinux_2_17_x86_64.manylinux2014_x86_64.whl.metadata (6.8 kB)
2025-07-15T03:03:39.5156896Z Collecting typing-inspection>=0.4.0 (from pydantic!=1.8,!=1.8.1,!=2.0.0,!=2.0.1,!=2.1.0,<3.0.0,>=1.7.4->fastapi>=0.104.0->book_triage==0.1.0)
2025-07-15T03:03:39.5168387Z   Using cached typing_inspection-0.4.1-py3-none-any.whl.metadata (2.6 kB)
2025-07-15T03:03:39.5446507Z Collecting anyio<5,>=3.6.2 (from starlette<0.48.0,>=0.40.0->fastapi>=0.104.0->book_triage==0.1.0)
2025-07-15T03:03:39.5458086Z   Using cached anyio-4.9.0-py3-none-any.whl.metadata (4.7 kB)
2025-07-15T03:03:39.5694330Z Collecting idna>=2.8 (from anyio<5,>=3.6.2->starlette<0.48.0,>=0.40.0->fastapi>=0.104.0->book_triage==0.1.0)
2025-07-15T03:03:39.5705883Z   Using cached idna-3.10-py3-none-any.whl.metadata (10 kB)
2025-07-15T03:03:39.5838362Z Collecting sniffio>=1.1 (from anyio<5,>=3.6.2->starlette<0.48.0,>=0.40.0->fastapi>=0.104.0->book_triage==0.1.0)
2025-07-15T03:03:39.5849984Z   Using cached sniffio-1.3.1-py3-none-any.whl.metadata (3.9 kB)
2025-07-15T03:03:39.6117421Z Collecting distro<2,>=1.7.0 (from openai>=1.0.0->book_triage==0.1.0)
2025-07-15T03:03:39.6128883Z   Using cached distro-1.9.0-py3-none-any.whl.metadata (6.8 kB)
2025-07-15T03:03:39.6357702Z Collecting httpx<1,>=0.23.0 (from openai>=1.0.0->book_triage==0.1.0)
2025-07-15T03:03:39.6369552Z   Using cached httpx-0.28.1-py3-none-any.whl.metadata (7.1 kB)
2025-07-15T03:03:39.6973972Z Collecting jiter<1,>=0.4.0 (from openai>=1.0.0->book_triage==0.1.0)
2025-07-15T03:03:39.6986502Z   Using cached jiter-0.10.0-cp312-cp312-manylinux_2_17_x86_64.manylinux2014_x86_64.whl.metadata (5.2 kB)
2025-07-15T03:03:39.7810845Z Collecting certifi (from httpx<1,>=0.23.0->openai>=1.0.0->book_triage==0.1.0)
2025-07-15T03:03:39.7822760Z   Using cached certifi-2025.7.14-py3-none-any.whl.metadata (2.4 kB)
2025-07-15T03:03:39.8063017Z Collecting httpcore==1.* (from httpx<1,>=0.23.0->openai>=1.0.0->book_triage==0.1.0)
2025-07-15T03:03:39.8074735Z   Using cached httpcore-1.0.9-py3-none-any.whl.metadata (21 kB)
2025-07-15T03:03:39.8230928Z Collecting h11>=0.16 (from httpcore==1.*->httpx<1,>=0.23.0->openai>=1.0.0->book_triage==0.1.0)
2025-07-15T03:03:39.8242290Z   Using cached h11-0.16.0-py3-none-any.whl.metadata (8.3 kB)
2025-07-15T03:03:40.0250553Z Collecting numpy>=1.26.0 (from pandas>=2.0.0->book_triage==0.1.0)
2025-07-15T03:03:40.0264064Z   Using cached numpy-2.3.1-cp312-cp312-manylinux_2_28_x86_64.whl.metadata (62 kB)
2025-07-15T03:03:40.0511201Z Collecting python-dateutil>=2.8.2 (from pandas>=2.0.0->book_triage==0.1.0)
2025-07-15T03:03:40.0523066Z   Using cached python_dateutil-2.9.0.post0-py2.py3-none-any.whl.metadata (8.4 kB)
2025-07-15T03:03:40.0899748Z Collecting pytz>=2020.1 (from pandas>=2.0.0->book_triage==0.1.0)
2025-07-15T03:03:40.0911582Z   Using cached pytz-2025.2-py2.py3-none-any.whl.metadata (22 kB)
2025-07-15T03:03:40.1082663Z Collecting tzdata>=2022.7 (from pandas>=2.0.0->book_triage==0.1.0)
2025-07-15T03:03:40.1094437Z   Using cached tzdata-2025.2-py2.py3-none-any.whl.metadata (1.4 kB)
2025-07-15T03:03:40.1299879Z Collecting packaging>=21.3 (from pytesseract>=0.3.10->book_triage==0.1.0)
2025-07-15T03:03:40.1311584Z   Using cached packaging-25.0-py3-none-any.whl.metadata (3.3 kB)
2025-07-15T03:03:40.1606544Z Collecting six>=1.5 (from python-dateutil>=2.8.2->pandas>=2.0.0->book_triage==0.1.0)
2025-07-15T03:03:40.1618215Z   Using cached six-1.17.0-py2.py3-none-any.whl.metadata (1.7 kB)
2025-07-15T03:03:40.1952063Z Collecting limits>=2.3 (from slowapi>=0.1.8->book_triage==0.1.0)
2025-07-15T03:03:40.1963495Z   Using cached limits-5.4.0-py3-none-any.whl.metadata (10 kB)
2025-07-15T03:03:40.2183919Z Collecting deprecated>=1.2 (from limits>=2.3->slowapi>=0.1.8->book_triage==0.1.0)
2025-07-15T03:03:40.2195536Z   Using cached Deprecated-1.2.18-py2.py3-none-any.whl.metadata (5.7 kB)
2025-07-15T03:03:40.3132180Z Collecting wrapt<2,>=1.10 (from deprecated>=1.2->limits>=2.3->slowapi>=0.1.8->book_triage==0.1.0)
2025-07-15T03:03:40.3145212Z   Using cached wrapt-1.17.2-cp312-cp312-manylinux_2_5_x86_64.manylinux1_x86_64.manylinux_2_17_x86_64.manylinux2014_x86_64.whl.metadata (6.4 kB)
2025-07-15T03:03:40.3406570Z Collecting click>=8.0.0 (from typer>=0.9.0->book_triage==0.1.0)
2025-07-15T03:03:40.3418474Z   Using cached click-8.2.1-py3-none-any.whl.metadata (2.5 kB)
2025-07-15T03:03:40.3643546Z Collecting shellingham>=1.3.0 (from typer>=0.9.0->book_triage==0.1.0)
2025-07-15T03:03:40.3655380Z   Using cached shellingham-1.5.4-py2.py3-none-any.whl.metadata (3.5 kB)
2025-07-15T03:03:40.4095402Z Collecting rich>=10.11.0 (from typer>=0.9.0->book_triage==0.1.0)
2025-07-15T03:03:40.4107171Z   Using cached rich-14.0.0-py3-none-any.whl.metadata (18 kB)
2025-07-15T03:03:40.4319992Z Collecting markdown-it-py>=2.2.0 (from rich>=10.11.0->typer>=0.9.0->book_triage==0.1.0)
2025-07-15T03:03:40.4331425Z   Using cached markdown_it_py-3.0.0-py3-none-any.whl.metadata (6.9 kB)
2025-07-15T03:03:40.4587623Z Collecting pygments<3.0.0,>=2.13.0 (from rich>=10.11.0->typer>=0.9.0->book_triage==0.1.0)
2025-07-15T03:03:40.4599471Z   Using cached pygments-2.19.2-py3-none-any.whl.metadata (2.5 kB)
2025-07-15T03:03:40.4750683Z Collecting mdurl~=0.1 (from markdown-it-py>=2.2.0->rich>=10.11.0->typer>=0.9.0->book_triage==0.1.0)
2025-07-15T03:03:40.4762103Z   Using cached mdurl-0.1.2-py3-none-any.whl.metadata (1.6 kB)
2025-07-15T03:03:40.5270448Z Collecting httptools>=0.6.3 (from uvicorn[standard]>=0.24.0->book_triage==0.1.0)
2025-07-15T03:03:40.5283210Z   Using cached httptools-0.6.4-cp312-cp312-manylinux_2_5_x86_64.manylinux1_x86_64.manylinux_2_17_x86_64.manylinux2014_x86_64.whl.metadata (3.6 kB)
2025-07-15T03:03:40.5676991Z Collecting pyyaml>=5.1 (from uvicorn[standard]>=0.24.0->book_triage==0.1.0)
2025-07-15T03:03:40.5689466Z   Using cached PyYAML-6.0.2-cp312-cp312-manylinux_2_17_x86_64.manylinux2014_x86_64.whl.metadata (2.1 kB)
2025-07-15T03:03:40.6079946Z Collecting uvloop>=0.15.1 (from uvicorn[standard]>=0.24.0->book_triage==0.1.0)
2025-07-15T03:03:40.6092892Z   Using cached uvloop-0.21.0-cp312-cp312-manylinux_2_17_x86_64.manylinux2014_x86_64.whl.metadata (4.9 kB)
2025-07-15T03:03:40.6809562Z Collecting watchfiles>=0.13 (from uvicorn[standard]>=0.24.0->book_triage==0.1.0)
2025-07-15T03:03:40.6821668Z   Using cached watchfiles-1.1.0-cp312-cp312-manylinux_2_17_x86_64.manylinux2014_x86_64.whl.metadata (4.9 kB)
2025-07-15T03:03:40.7684601Z Collecting websockets>=10.4 (from uvicorn[standard]>=0.24.0->book_triage==0.1.0)
2025-07-15T03:03:40.7697376Z   Using cached websockets-15.0.1-cp312-cp312-manylinux_2_5_x86_64.manylinux1_x86_64.manylinux_2_17_x86_64.manylinux2014_x86_64.whl.metadata (6.8 kB)
2025-07-15T03:03:40.7904026Z Using cached fastapi-0.116.1-py3-none-any.whl (95 kB)
2025-07-15T03:03:40.7916444Z Using cached pydantic-2.11.7-py3-none-any.whl (444 kB)
2025-07-15T03:03:40.7931517Z Using cached pydantic_core-2.33.2-cp312-cp312-manylinux_2_17_x86_64.manylinux2014_x86_64.whl (2.0 MB)
2025-07-15T03:03:40.7957405Z Using cached starlette-0.47.1-py3-none-any.whl (72 kB)
2025-07-15T03:03:40.7969029Z Using cached anyio-4.9.0-py3-none-any.whl (100 kB)
2025-07-15T03:03:40.7980872Z Using cached annotated_types-0.7.0-py3-none-any.whl (13 kB)
2025-07-15T03:03:40.7992047Z Using cached idna-3.10-py3-none-any.whl (70 kB)
2025-07-15T03:03:40.8003735Z Using cached openai-1.95.1-py3-none-any.whl (755 kB)
2025-07-15T03:03:40.8020317Z Using cached distro-1.9.0-py3-none-any.whl (20 kB)
2025-07-15T03:03:40.8031552Z Using cached httpx-0.28.1-py3-none-any.whl (73 kB)
2025-07-15T03:03:40.8043313Z Using cached httpcore-1.0.9-py3-none-any.whl (78 kB)
2025-07-15T03:03:40.8055219Z Using cached jiter-0.10.0-cp312-cp312-manylinux_2_17_x86_64.manylinux2014_x86_64.whl (352 kB)
2025-07-15T03:03:40.8068785Z Using cached typing_extensions-4.14.1-py3-none-any.whl (43 kB)
2025-07-15T03:03:40.8080274Z Using cached h11-0.16.0-py3-none-any.whl (37 kB)
2025-07-15T03:03:40.8092170Z Using cached pandas-2.3.1-cp312-cp312-manylinux_2_17_x86_64.manylinux2014_x86_64.whl (12.0 MB)
2025-07-15T03:03:40.8188595Z Using cached numpy-2.3.1-cp312-cp312-manylinux_2_28_x86_64.whl (16.6 MB)
2025-07-15T03:03:40.8315772Z Using cached pillow-11.3.0-cp312-cp312-manylinux_2_27_x86_64.manylinux_2_28_x86_64.whl (6.6 MB)
2025-07-15T03:03:40.8372701Z Using cached pytesseract-0.3.13-py3-none-any.whl (14 kB)
2025-07-15T03:03:40.8383502Z Using cached packaging-25.0-py3-none-any.whl (66 kB)
2025-07-15T03:03:40.8394811Z Using cached python_dateutil-2.9.0.post0-py2.py3-none-any.whl (229 kB)
2025-07-15T03:03:40.8407223Z Using cached python_dotenv-1.1.1-py3-none-any.whl (20 kB)
2025-07-15T03:03:40.8418216Z Using cached python_magic-0.4.27-py2.py3-none-any.whl (13 kB)
2025-07-15T03:03:40.8429503Z Using cached python_multipart-0.0.20-py3-none-any.whl (24 kB)
2025-07-15T03:03:40.8440707Z Using cached pytz-2025.2-py2.py3-none-any.whl (509 kB)
2025-07-15T03:03:40.8455334Z Using cached six-1.17.0-py2.py3-none-any.whl (11 kB)
2025-07-15T03:03:40.8466258Z Using cached slowapi-0.1.9-py3-none-any.whl (14 kB)
2025-07-15T03:03:40.8476945Z Using cached limits-5.4.0-py3-none-any.whl (60 kB)
2025-07-15T03:03:40.8488093Z Using cached Deprecated-1.2.18-py2.py3-none-any.whl (10.0 kB)
2025-07-15T03:03:40.8499579Z Using cached wrapt-1.17.2-cp312-cp312-manylinux_2_5_x86_64.manylinux1_x86_64.manylinux_2_17_x86_64.manylinux2014_x86_64.whl (89 kB)
2025-07-15T03:03:40.8510631Z Using cached sniffio-1.3.1-py3-none-any.whl (10 kB)
2025-07-15T03:03:40.8521337Z Using cached tqdm-4.67.1-py3-none-any.whl (78 kB)
2025-07-15T03:03:40.8532578Z Using cached typer-0.16.0-py3-none-any.whl (46 kB)
2025-07-15T03:03:40.8546143Z Using cached click-8.2.1-py3-none-any.whl (102 kB)
2025-07-15T03:03:40.8557981Z Using cached rich-14.0.0-py3-none-any.whl (243 kB)
2025-07-15T03:03:40.8570961Z Using cached pygments-2.19.2-py3-none-any.whl (1.2 MB)
2025-07-15T03:03:40.8590624Z Using cached markdown_it_py-3.0.0-py3-none-any.whl (87 kB)
2025-07-15T03:03:40.8602725Z Using cached mdurl-0.1.2-py3-none-any.whl (10.0 kB)
2025-07-15T03:03:40.8613943Z Using cached shellingham-1.5.4-py2.py3-none-any.whl (9.8 kB)
2025-07-15T03:03:40.8625236Z Using cached typing_inspection-0.4.1-py3-none-any.whl (14 kB)
2025-07-15T03:03:40.8636650Z Using cached tzdata-2025.2-py2.py3-none-any.whl (347 kB)
2025-07-15T03:03:40.8649744Z Using cached uvicorn-0.35.0-py3-none-any.whl (66 kB)
2025-07-15T03:03:40.8662246Z Using cached httptools-0.6.4-cp312-cp312-manylinux_2_5_x86_64.manylinux1_x86_64.manylinux_2_17_x86_64.manylinux2014_x86_64.whl (510 kB)
2025-07-15T03:03:40.8676808Z Using cached PyYAML-6.0.2-cp312-cp312-manylinux_2_17_x86_64.manylinux2014_x86_64.whl (767 kB)
2025-07-15T03:03:40.8693492Z Using cached uvloop-0.21.0-cp312-cp312-manylinux_2_17_x86_64.manylinux2014_x86_64.whl (4.7 MB)
2025-07-15T03:03:40.8738053Z Using cached watchfiles-1.1.0-cp312-cp312-manylinux_2_17_x86_64.manylinux2014_x86_64.whl (452 kB)
2025-07-15T03:03:40.8753096Z Using cached websockets-15.0.1-cp312-cp312-manylinux_2_5_x86_64.manylinux1_x86_64.manylinux_2_17_x86_64.manylinux2014_x86_64.whl (182 kB)
2025-07-15T03:03:40.8765196Z Using cached certifi-2025.7.14-py3-none-any.whl (162 kB)
2025-07-15T03:03:40.9671946Z Building wheels for collected packages: book_triage
2025-07-15T03:03:40.9681121Z   Building editable for book_triage (pyproject.toml): started
2025-07-15T03:03:41.0034582Z   Building editable for book_triage (pyproject.toml): finished with status 'done'
2025-07-15T03:03:41.0040829Z   Created wheel for book_triage: filename=book_triage-0.1.0-py3-none-any.whl size=10241 sha256=d252fc89c711a0198d038bc88bb21622865a2f23aec55885a27025fe70f288c6
2025-07-15T03:03:41.0042466Z   Stored in directory: /tmp/pip-ephem-wheel-cache-g30ht2pq/wheels/d3/8c/55/20b7343e2b9725e0ea7cb71535aa1bddd3950a939b56e58f9b
2025-07-15T03:03:41.0072650Z Successfully built book_triage
2025-07-15T03:03:41.1186438Z Installing collected packages: pytz, wrapt, websockets, uvloop, tzdata, typing-extensions, tqdm, sniffio, six, shellingham, pyyaml, python-multipart, python-magic, python-dotenv, pygments, pillow, packaging, numpy, mdurl, jiter, idna, httptools, h11, distro, click, certifi, annotated-types, uvicorn, typing-inspection, python-dateutil, pytesseract, pydantic-core, markdown-it-py, httpcore, deprecated, anyio, watchfiles, starlette, rich, pydantic, pandas, limits, httpx, typer, slowapi, openai, fastapi, book_triage
2025-07-15T03:03:51.2269574Z 
2025-07-15T03:03:51.2318944Z Successfully installed annotated-types-0.7.0 anyio-4.9.0 book_triage-0.1.0 certifi-2025.7.14 click-8.2.1 deprecated-1.2.18 distro-1.9.0 fastapi-0.116.1 h11-0.16.0 httpcore-1.0.9 httptools-0.6.4 httpx-0.28.1 idna-3.10 jiter-0.10.0 limits-5.4.0 markdown-it-py-3.0.0 mdurl-0.1.2 numpy-2.3.1 openai-1.95.1 packaging-25.0 pandas-2.3.1 pillow-11.3.0 pydantic-2.11.7 pydantic-core-2.33.2 pygments-2.19.2 pytesseract-0.3.13 python-dateutil-2.9.0.post0 python-dotenv-1.1.1 python-magic-0.4.27 python-multipart-0.0.20 pytz-2025.2 pyyaml-6.0.2 rich-14.0.0 shellingham-1.5.4 six-1.17.0 slowapi-0.1.9 sniffio-1.3.1 starlette-0.47.1 tqdm-4.67.1 typer-0.16.0 typing-extensions-4.14.1 typing-inspection-0.4.1 tzdata-2025.2 uvicorn-0.35.0 uvloop-0.21.0 watchfiles-1.1.0 websockets-15.0.1 wrapt-1.17.2
2025-07-15T03:03:52.0005549Z Collecting pytest-cov
2025-07-15T03:03:52.0018660Z   Using cached pytest_cov-6.2.1-py3-none-any.whl.metadata (30 kB)
2025-07-15T03:03:52.2935608Z Collecting coverage
2025-07-15T03:03:52.2950243Z   Using cached coverage-7.9.2-cp312-cp312-manylinux_2_5_x86_64.manylinux1_x86_64.manylinux_2_17_x86_64.manylinux2014_x86_64.whl.metadata (8.9 kB)
2025-07-15T03:03:52.3070518Z Collecting codecov
2025-07-15T03:03:52.3082055Z   Using cached codecov-2.1.13-py2.py3-none-any.whl.metadata (1.3 kB)
2025-07-15T03:03:52.3441268Z Collecting pytest>=6.2.5 (from pytest-cov)
2025-07-15T03:03:52.3453169Z   Using cached pytest-8.4.1-py3-none-any.whl.metadata (7.7 kB)
2025-07-15T03:03:52.3715334Z Collecting pluggy>=1.2 (from pytest-cov)
2025-07-15T03:03:52.3726495Z   Using cached pluggy-1.6.0-py3-none-any.whl.metadata (4.8 kB)
2025-07-15T03:03:52.4044466Z Collecting requests>=2.7.9 (from codecov)
2025-07-15T03:03:52.4056199Z   Using cached requests-2.32.4-py3-none-any.whl.metadata (4.9 kB)
2025-07-15T03:03:52.4207457Z Collecting iniconfig>=1 (from pytest>=6.2.5->pytest-cov)
2025-07-15T03:03:52.4219465Z   Using cached iniconfig-2.1.0-py3-none-any.whl.metadata (2.7 kB)
2025-07-15T03:03:52.4235950Z Requirement already satisfied: packaging>=20 in /opt/hostedtoolcache/Python/3.12.11/x64/lib/python3.12/site-packages (from pytest>=6.2.5->pytest-cov) (25.0)
2025-07-15T03:03:52.4257369Z Requirement already satisfied: pygments>=2.7.2 in /opt/hostedtoolcache/Python/3.12.11/x64/lib/python3.12/site-packages (from pytest>=6.2.5->pytest-cov) (2.19.2)
2025-07-15T03:03:52.5006798Z Collecting charset_normalizer<4,>=2 (from requests>=2.7.9->codecov)
2025-07-15T03:03:52.5019092Z   Using cached charset_normalizer-3.4.2-cp312-cp312-manylinux_2_17_x86_64.manylinux2014_x86_64.whl.metadata (35 kB)
2025-07-15T03:03:52.5057003Z Requirement already satisfied: idna<4,>=2.5 in /opt/hostedtoolcache/Python/3.12.11/x64/lib/python3.12/site-packages (from requests>=2.7.9->codecov) (3.10)
2025-07-15T03:03:52.5332926Z Collecting urllib3<3,>=1.21.1 (from requests>=2.7.9->codecov)
2025-07-15T03:03:52.5344519Z   Using cached urllib3-2.5.0-py3-none-any.whl.metadata (6.5 kB)
2025-07-15T03:03:52.5373759Z Requirement already satisfied: certifi>=2017.4.17 in /opt/hostedtoolcache/Python/3.12.11/x64/lib/python3.12/site-packages (from requests>=2.7.9->codecov) (2025.7.14)
2025-07-15T03:03:52.5418363Z Using cached pytest_cov-6.2.1-py3-none-any.whl (24 kB)
2025-07-15T03:03:52.5430292Z Using cached coverage-7.9.2-cp312-cp312-manylinux_2_5_x86_64.manylinux1_x86_64.manylinux_2_17_x86_64.manylinux2014_x86_64.whl (245 kB)
2025-07-15T03:03:52.5442692Z Using cached codecov-2.1.13-py2.py3-none-any.whl (16 kB)
2025-07-15T03:03:52.5453702Z Using cached pluggy-1.6.0-py3-none-any.whl (20 kB)
2025-07-15T03:03:52.5464296Z Using cached pytest-8.4.1-py3-none-any.whl (365 kB)
2025-07-15T03:03:52.5477529Z Using cached iniconfig-2.1.0-py3-none-any.whl (6.0 kB)
2025-07-15T03:03:52.5488058Z Using cached requests-2.32.4-py3-none-any.whl (64 kB)
2025-07-15T03:03:52.5499824Z Using cached charset_normalizer-3.4.2-cp312-cp312-manylinux_2_17_x86_64.manylinux2014_x86_64.whl (148 kB)
2025-07-15T03:03:52.5511205Z Using cached urllib3-2.5.0-py3-none-any.whl (129 kB)
2025-07-15T03:03:52.6397956Z Installing collected packages: urllib3, pluggy, iniconfig, coverage, charset_normalizer, requests, pytest, pytest-cov, codecov
2025-07-15T03:03:53.1763860Z 
2025-07-15T03:03:53.1815087Z Successfully installed charset_normalizer-3.4.2 codecov-2.1.13 coverage-7.9.2 iniconfig-2.1.0 pluggy-1.6.0 pytest-8.4.1 pytest-cov-6.2.1 requests-2.32.4 urllib3-2.5.0
2025-07-15T03:03:53.2646626Z ##[group]Run echo "id,title,url,F,R,A,V,S,P,decision" > sample_books.csv
2025-07-15T03:03:53.2647121Z [36;1mecho "id,title,url,F,R,A,V,S,P,decision" > sample_books.csv[0m
2025-07-15T03:03:53.2647706Z [36;1mecho "test1,Test Book,https://example.com,3,2,1,4,2,4,unknown" >> sample_books.csv[0m
2025-07-15T03:03:53.2675875Z shell: /usr/bin/bash -e {0}
2025-07-15T03:03:53.2676099Z env:
2025-07-15T03:03:53.2676340Z   pythonLocation: /opt/hostedtoolcache/Python/3.12.11/x64
2025-07-15T03:03:53.2676749Z   PKG_CONFIG_PATH: /opt/hostedtoolcache/Python/3.12.11/x64/lib/pkgconfig
2025-07-15T03:03:53.2677147Z   Python_ROOT_DIR: /opt/hostedtoolcache/Python/3.12.11/x64
2025-07-15T03:03:53.2677506Z   Python2_ROOT_DIR: /opt/hostedtoolcache/Python/3.12.11/x64
2025-07-15T03:03:53.2677856Z   Python3_ROOT_DIR: /opt/hostedtoolcache/Python/3.12.11/x64
2025-07-15T03:03:53.2678206Z   LD_LIBRARY_PATH: /opt/hostedtoolcache/Python/3.12.11/x64/lib
2025-07-15T03:03:53.2678495Z ##[endgroup]
2025-07-15T03:03:53.2748714Z ##[group]Run echo "BOOK_USER=testuser" >> $GITHUB_ENV
2025-07-15T03:03:53.2749067Z [36;1mecho "BOOK_USER=testuser" >> $GITHUB_ENV[0m
2025-07-15T03:03:53.2749577Z [36;1mecho "BOOK_PASS=testpass" >> $GITHUB_ENV[0m
2025-07-15T03:03:53.2749880Z [36;1mecho "OPENAI_API_KEY=test-key" >> $GITHUB_ENV[0m
2025-07-15T03:03:53.2775259Z shell: /usr/bin/bash -e {0}
2025-07-15T03:03:53.2775492Z env:
2025-07-15T03:03:53.2775733Z   pythonLocation: /opt/hostedtoolcache/Python/3.12.11/x64
2025-07-15T03:03:53.2776148Z   PKG_CONFIG_PATH: /opt/hostedtoolcache/Python/3.12.11/x64/lib/pkgconfig
2025-07-15T03:03:53.2776540Z   Python_ROOT_DIR: /opt/hostedtoolcache/Python/3.12.11/x64
2025-07-15T03:03:53.2776908Z   Python2_ROOT_DIR: /opt/hostedtoolcache/Python/3.12.11/x64
2025-07-15T03:03:53.2777260Z   Python3_ROOT_DIR: /opt/hostedtoolcache/Python/3.12.11/x64
2025-07-15T03:03:53.2777617Z   LD_LIBRARY_PATH: /opt/hostedtoolcache/Python/3.12.11/x64/lib
2025-07-15T03:03:53.2777913Z ##[endgroup]
2025-07-15T03:03:53.2844920Z ##[group]Run coverage run -m pytest tests/
2025-07-15T03:03:53.2845239Z [36;1mcoverage run -m pytest tests/[0m
2025-07-15T03:03:53.2845552Z [36;1mcoverage report --show-missing --fail-under=84[0m
2025-07-15T03:03:53.2845847Z [36;1mcoverage xml[0m
2025-07-15T03:03:53.2846079Z [36;1mecho "✅ Coverage threshold (84%) met"[0m
2025-07-15T03:03:53.2871726Z shell: /usr/bin/bash -e {0}
2025-07-15T03:03:53.2871955Z env:
2025-07-15T03:03:53.2872207Z   pythonLocation: /opt/hostedtoolcache/Python/3.12.11/x64
2025-07-15T03:03:53.2872622Z   PKG_CONFIG_PATH: /opt/hostedtoolcache/Python/3.12.11/x64/lib/pkgconfig
2025-07-15T03:03:53.2873015Z   Python_ROOT_DIR: /opt/hostedtoolcache/Python/3.12.11/x64
2025-07-15T03:03:53.2873529Z   Python2_ROOT_DIR: /opt/hostedtoolcache/Python/3.12.11/x64
2025-07-15T03:03:53.2873881Z   Python3_ROOT_DIR: /opt/hostedtoolcache/Python/3.12.11/x64
2025-07-15T03:03:53.2874224Z   LD_LIBRARY_PATH: /opt/hostedtoolcache/Python/3.12.11/x64/lib
2025-07-15T03:03:53.2874550Z   BOOK_USER: testuser
2025-07-15T03:03:53.2874746Z   BOOK_PASS: testpass
2025-07-15T03:03:53.2874931Z   OPENAI_API_KEY: test-key
2025-07-15T03:03:53.2875132Z ##[endgroup]
2025-07-15T03:03:54.0380162Z ============================= test session starts ==============================
2025-07-15T03:03:54.0381431Z platform linux -- Python 3.12.11, pytest-8.4.1, pluggy-1.6.0 -- /opt/hostedtoolcache/Python/3.12.11/x64/bin/python
2025-07-15T03:03:54.0382241Z cachedir: .pytest_cache
2025-07-15T03:03:54.0382757Z rootdir: /home/runner/work/book_triage_v0.1.0/book_triage_v0.1.0
2025-07-15T03:03:54.0383352Z configfile: pyproject.toml
2025-07-15T03:03:54.0383766Z plugins: cov-6.2.1, anyio-4.9.0
2025-07-15T03:03:57.5600052Z collecting ... collected 111 items
2025-07-15T03:03:57.5600361Z 
2025-07-15T03:03:57.6917865Z tests/test_api.py::TestAPIEndpoints::test_root_endpoint PASSED           [  0%]
2025-07-15T03:03:57.7196303Z tests/test_api.py::TestAPIEndpoints::test_health_endpoint PASSED         [  1%]
2025-07-15T03:03:57.7455446Z tests/test_api.py::TestAPIEndpoints::test_get_books_empty PASSED         [  2%]
2025-07-15T03:03:57.7769529Z tests/test_api.py::TestAPIEndpoints::test_get_books_with_data PASSED     [  3%]
2025-07-15T03:03:57.8400108Z tests/test_api.py::TestAPIEndpoints::test_upload_photo_success PASSED    [  4%]
2025-07-15T03:03:57.8664820Z tests/test_api.py::TestAPIEndpoints::test_scan_books_unauthorized PASSED [  5%]
2025-07-15T03:03:57.8928389Z tests/test_api.py::TestAPIEndpoints::test_rate_limiting_books_endpoint PASSED [  6%]
2025-07-15T03:03:57.9452873Z tests/test_api.py::TestAPIEndpoints::test_file_upload_size_limit PASSED  [  7%]
2025-07-15T03:03:57.9724924Z tests/test_api.py::TestAPIEndpoints::test_security_headers_in_response PASSED [  8%]
2025-07-15T03:03:58.0037125Z tests/test_api.py::TestAPIEndpoints::test_upload_photo_no_title_extracted PASSED [  9%]
2025-07-15T03:03:58.0342925Z tests/test_api.py::TestAPIEndpoints::test_upload_photo_vision_processor_exception PASSED [  9%]
2025-07-15T03:03:58.0611464Z tests/test_api.py::TestAPIEndpoints::test_upload_photo_no_file PASSED    [ 10%]
2025-07-15T03:03:58.0895283Z tests/test_api.py::TestAPIEndpoints::test_scan_books_success PASSED      [ 11%]
2025-07-15T03:03:58.1174052Z tests/test_api.py::TestAPIEndpoints::test_scan_books_exception PASSED    [ 12%]
2025-07-15T03:03:58.1452101Z tests/test_api.py::TestAPIEndpoints::test_rescan_title_record_not_found PASSED [ 13%]
2025-07-15T03:03:58.1743033Z tests/test_api.py::TestAPIEndpoints::test_add_manual_title_success PASSED [ 14%]
2025-07-15T03:03:58.2011688Z tests/test_api.py::TestAPIEndpoints::test_add_manual_title_missing_isbn PASSED [ 15%]
2025-07-15T03:03:58.2278755Z tests/test_api.py::TestAPIEndpoints::test_add_manual_title_invalid_isbn PASSED [ 16%]
2025-07-15T03:03:58.2514448Z tests/test_api.py::TestAPIInitialization::test_initialize_app PASSED     [ 17%]
2025-07-15T03:03:58.2581952Z tests/test_api.py::TestAPIInitialization::test_app_without_initialization PASSED [ 18%]
2025-07-15T03:03:58.2816414Z tests/test_cli.py::TestCLICommands::test_cli_help PASSED                 [ 18%]
2025-07-15T03:03:58.2878080Z tests/test_cli.py::TestCLICommands::test_scan_command_success PASSED     [ 19%]
2025-07-15T03:03:58.2941762Z tests/test_cli.py::TestCLICommands::test_scan_command_with_options PASSED [ 20%]
2025-07-15T03:03:58.2998543Z tests/test_cli.py::TestCLICommands::test_scan_command_no_records PASSED  [ 21%]
2025-07-15T03:03:58.3056757Z tests/test_cli.py::TestCLICommands::test_scan_command_nonexistent_file PASSED [ 22%]
2025-07-15T03:03:58.3111611Z tests/test_cli.py::TestCLICommands::test_scan_command_exception PASSED   [ 23%]
2025-07-15T03:03:58.3176656Z tests/test_cli.py::TestCLICommands::test_web_command_success PASSED      [ 24%]
2025-07-15T03:03:58.3241521Z tests/test_cli.py::TestCLICommands::test_web_command_with_options PASSED [ 25%]
2025-07-15T03:03:58.3304150Z tests/test_cli.py::TestCLICommands::test_web_command_nonexistent_file PASSED [ 26%]
2025-07-15T03:03:58.3361484Z tests/test_cli.py::TestCLICommands::test_web_command_exception PASSED    [ 27%]
2025-07-15T03:03:58.3446653Z tests/test_cli.py::TestCLICommands::test_create_csv_command_empty PASSED [ 27%]
2025-07-15T03:03:58.3533255Z tests/test_cli.py::TestCLICommands::test_create_csv_command_with_sample PASSED [ 28%]
2025-07-15T03:03:58.3597410Z tests/test_cli.py::TestCLICommands::test_create_csv_command_creates_directory PASSED [ 29%]
2025-07-15T03:03:58.3654584Z tests/test_cli.py::TestCLICommands::test_create_csv_command_exception PASSED [ 30%]
2025-07-15T03:03:58.3736771Z tests/test_cli.py::TestCLICommands::test_info_command_success PASSED     [ 31%]
2025-07-15T03:03:58.3784571Z tests/test_cli.py::TestCLICommands::test_info_command_nonexistent_file PASSED [ 32%]
2025-07-15T03:03:58.3837307Z tests/test_cli.py::TestCLICommands::test_info_command_exception PASSED   [ 33%]
2025-07-15T03:03:58.3914984Z tests/test_cli.py::TestCLIValidation::test_scan_cost_validation_min PASSED [ 34%]
2025-07-15T03:03:58.3984957Z tests/test_cli.py::TestCLIValidation::test_scan_cost_validation_max PASSED [ 35%]
2025-07-15T03:03:58.4048406Z tests/test_cli.py::TestCLIValidation::test_port_validation PASSED        [ 36%]
2025-07-15T03:03:58.4120503Z tests/test_cli.py::TestCLIIntegration::test_scan_integration_with_core PASSED [ 36%]
2025-07-15T03:03:58.4183276Z tests/test_cli.py::TestCLIIntegration::test_web_integration_with_api PASSED [ 37%]
2025-07-15T03:03:58.4320261Z tests/test_cli.py::TestCLIEnvironment::test_environment_loading PASSED   [ 38%]
2025-07-15T03:03:58.4454267Z tests/test_cli.py::TestCLIEnvironment::test_logging_configuration PASSED [ 39%]
2025-07-15T03:03:58.4516158Z tests/test_cli.py::TestCLIEnvironment::test_verbose_logging PASSED       [ 40%]
2025-07-15T03:03:58.4527619Z tests/test_core.py::TestBookRecord::test_book_record_creation PASSED     [ 41%]
2025-07-15T03:03:58.4538823Z tests/test_core.py::TestBookRecord::test_book_record_to_dict PASSED      [ 42%]
2025-07-15T03:03:58.4550841Z tests/test_core.py::TestBookRecord::test_book_record_with_all_fields PASSED [ 43%]
2025-07-15T03:03:58.4564986Z tests/test_core.py::TestBookTriage::test_book_triage_initialization_nonexistent_file PASSED [ 44%]
2025-07-15T03:03:58.4609330Z tests/test_core.py::TestBookTriage::test_book_triage_initialization_with_data PASSED [ 45%]
2025-07-15T03:03:58.4623343Z tests/test_core.py::TestBookTriage::test_calculate_utilities PASSED      [ 45%]
2025-07-15T03:03:58.4637068Z tests/test_core.py::TestBookTriage::test_calculate_utilities_with_none_values PASSED [ 46%]
2025-07-15T03:03:58.4650820Z tests/test_core.py::TestBookTriage::test_make_decision PASSED            [ 47%]
2025-07-15T03:03:58.4700728Z tests/test_core.py::TestBookTriage::test_add_record PASSED               [ 48%]
2025-07-15T03:03:58.4746874Z tests/test_core.py::TestBookTriage::test_get_record_by_id PASSED         [ 49%]
2025-07-15T03:03:58.4795076Z tests/test_core.py::TestBookTriage::test_price_to_v_calculation PASSED   [ 50%]
2025-07-15T03:03:58.4815761Z tests/test_core.py::TestBookTriage::test_enrich_with_gpt4o_mock PASSED   [ 51%]
2025-07-15T03:03:58.4830140Z tests/test_core.py::TestBookTriage::test_scan_cost_parameter PASSED      [ 52%]
2025-07-15T03:03:58.4840683Z tests/test_core.py::TestDecisionEnum::test_decision_values PASSED        [ 53%]
2025-07-15T03:03:58.4853710Z tests/test_core.py::TestDecisionEnum::test_decision_comparison PASSED    [ 54%]
2025-07-15T03:03:58.4864854Z tests/test_core_simple.py::TestBookRecord::test_book_record_creation PASSED [ 54%]
2025-07-15T03:03:58.4875828Z tests/test_core_simple.py::TestBookRecord::test_book_record_with_values PASSED [ 55%]
2025-07-15T03:03:58.4888544Z tests/test_core_simple.py::TestBookTriage::test_book_triage_initialization PASSED [ 56%]
2025-07-15T03:03:58.4901437Z tests/test_core_simple.py::TestBookTriage::test_calculate_utilities_simple PASSED [ 57%]
2025-07-15T03:03:58.4914124Z tests/test_core_simple.py::TestBookTriage::test_make_decision_simple PASSED [ 58%]
2025-07-15T03:03:58.4926764Z tests/test_core_simple.py::TestDecision::test_decision_values PASSED     [ 59%]
2025-07-15T03:03:58.5528508Z tests/test_indicators_implementation.py::test_v_calculation_from_prices PASSED [ 60%]
2025-07-15T03:03:58.5543048Z tests/test_indicators_implementation.py::test_utility_calculations PASSED [ 61%]
2025-07-15T03:03:58.5558812Z tests/test_indicators_implementation.py::test_decision_making PASSED     [ 62%]
2025-07-15T03:03:58.5571211Z tests/test_indicators_implementation.py::test_human_vs_auto_indicators PASSED [ 63%]
2025-07-15T03:03:58.5592577Z tests/test_indicators_implementation.py::test_scan_cost_impact PASSED    [ 63%]
2025-07-15T03:03:58.5615316Z tests/test_main.py::TestMainModule::test_main_no_args_with_existing_csv PASSED [ 64%]
2025-07-15T03:03:58.5636479Z tests/test_main.py::TestMainModule::test_main_no_args_creates_new_csv PASSED [ 65%]
2025-07-15T03:03:58.5655955Z tests/test_main.py::TestMainModule::test_main_with_args PASSED           [ 66%]
2025-07-15T03:03:58.5676043Z tests/test_main.py::TestMainModule::test_main_finds_alternative_csv_paths PASSED [ 67%]
2025-07-15T03:03:58.5693960Z tests/test_main.py::TestMainModule::test_main_module_entry_point PASSED  [ 68%]
2025-07-15T03:04:00.0872633Z tests/test_verified_display_logic.py::test_verified_column_uses_strict_equality PASSED [ 69%]
2025-07-15T03:04:00.0896207Z tests/test_vision.py::TestVisionProcessor::test_vision_processor_initialization_with_openai PASSED [ 70%]
2025-07-15T03:04:00.0913794Z tests/test_vision.py::TestVisionProcessor::test_vision_processor_initialization_without_openai PASSED [ 71%]
2025-07-15T03:04:00.0930304Z tests/test_vision.py::TestVisionProcessor::test_generate_id PASSED       [ 72%]
2025-07-15T03:04:00.0982815Z tests/test_vision.py::TestVisionProcessor::test_extract_title_from_image_openai_success PASSED [ 72%]
2025-07-15T03:04:00.1012672Z tests/test_vision.py::TestVisionProcessor::test_extract_title_from_image_fallback_to_tesseract PASSED [ 73%]
2025-07-15T03:04:00.1027049Z tests/test_vision.py::TestVisionProcessor::test_extract_title_from_image_nonexistent_file PASSED [ 74%]
2025-07-15T03:04:00.1047961Z tests/test_vision.py::TestVisionProcessor::test_extract_with_tesseract_success PASSED [ 75%]
2025-07-15T03:04:00.1068458Z tests/test_vision.py::TestVisionProcessor::test_extract_with_tesseract_empty_result PASSED [ 76%]
2025-07-15T03:04:00.1090426Z tests/test_vision.py::TestVisionProcessor::test_extract_with_tesseract_error PASSED [ 77%]
2025-07-15T03:04:00.1132763Z tests/test_vision.py::TestVisionProcessor::test_extract_with_openai_vision_no_content PASSED [ 78%]
2025-07-15T03:04:00.1163546Z tests/test_vision.py::TestVisionProcessor::test_extract_with_openai_vision_no_client PASSED [ 79%]
2025-07-15T03:04:00.1210465Z tests/test_vision.py::TestVisionProcessor::test_extract_title_and_isbn_from_image_success PASSED [ 80%]
2025-07-15T03:04:00.1231381Z tests/test_vision.py::TestVisionProcessor::test_extract_title_and_isbn_tesseract_fallback PASSED [ 81%]
2025-07-15T03:04:00.1243887Z tests/test_vision.py::TestVisionProcessor::test_extract_title_and_isbn_nonexistent_file PASSED [ 81%]
2025-07-15T03:04:00.1273531Z tests/test_vision.py::TestVisionProcessor::test_extract_title_and_isbn_no_isbn_found PASSED [ 82%]
2025-07-15T03:04:00.1303489Z tests/test_vision.py::TestVisionProcessor::test_image_format_conversion PASSED [ 83%]
2025-07-15T03:04:00.1326370Z tests/test_vision.py::TestVisionProcessorIntegration::test_processor_with_real_image_mock_ocr PASSED [ 84%]
2025-07-15T03:04:00.1341733Z tests/test_vision_fixed.py::TestVisionProcessor::test_vision_processor_initialization_with_openai PASSED [ 85%]
2025-07-15T03:04:00.1352669Z tests/test_vision_fixed.py::TestVisionProcessor::test_vision_processor_initialization_without_openai PASSED [ 86%]
2025-07-15T03:04:00.1363775Z tests/test_vision_fixed.py::TestVisionProcessor::test_generate_id PASSED [ 87%]
2025-07-15T03:04:00.1376233Z tests/test_vision_fixed.py::TestVisionProcessor::test_extract_title_from_image_nonexistent_file PASSED [ 88%]
2025-07-15T03:04:00.1418552Z tests/test_vision_fixed.py::TestVisionProcessor::test_extract_title_with_openai_vision_success PASSED [ 89%]
2025-07-15T03:04:00.1445158Z tests/test_vision_fixed.py::TestVisionProcessor::test_extract_title_fallback_to_tesseract PASSED [ 90%]
2025-07-15T03:04:00.1465714Z tests/test_vision_fixed.py::TestVisionProcessor::test_extract_with_tesseract_success PASSED [ 90%]
2025-07-15T03:04:00.1486060Z tests/test_vision_fixed.py::TestVisionProcessor::test_extract_with_tesseract_empty_result PASSED [ 91%]
2025-07-15T03:04:00.1510403Z tests/test_vision_fixed.py::TestVisionProcessor::test_extract_with_tesseract_error PASSED [ 92%]
2025-07-15T03:04:00.1549731Z tests/test_vision_fixed.py::TestVisionProcessor::test_extract_with_openai_vision_no_content PASSED [ 93%]
2025-07-15T03:04:00.1566005Z tests/test_vision_fixed.py::TestVisionProcessor::test_extract_with_openai_vision_no_client PASSED [ 94%]
2025-07-15T03:04:00.1605958Z tests/test_vision_fixed.py::TestVisionProcessor::test_extract_title_and_isbn_from_image_success PASSED [ 95%]
2025-07-15T03:04:00.1626905Z tests/test_vision_fixed.py::TestVisionProcessor::test_extract_title_and_isbn_tesseract_fallback PASSED [ 96%]
2025-07-15T03:04:00.1639508Z tests/test_vision_fixed.py::TestVisionProcessor::test_extract_title_and_isbn_nonexistent_file PASSED [ 97%]
2025-07-15T03:04:00.1659648Z tests/test_vision_fixed.py::TestVisionProcessor::test_extract_title_and_isbn_no_isbn_found PASSED [ 98%]
2025-07-15T03:04:00.1671238Z tests/test_vision_fixed.py::TestVisionProcessor::test_image_format_conversion PASSED [ 99%]
2025-07-15T03:04:00.4129594Z tests/test_vision_fixed.py::TestVisionProcessorIntegration::test_processor_with_real_image_mock_ocr PASSED [100%]
2025-07-15T03:04:00.4130218Z 
2025-07-15T03:04:00.4130395Z =============================== warnings summary ===============================
2025-07-15T03:04:00.4130940Z tests/test_indicators_implementation.py::test_v_calculation_from_prices
2025-07-15T03:04:00.4132471Z   /opt/hostedtoolcache/Python/3.12.11/x64/lib/python3.12/site-packages/_pytest/python.py:161: PytestReturnNotNoneWarning: Test functions should return None, but tests/test_indicators_implementation.py::test_v_calculation_from_prices returned <class 'bool'>.
2025-07-15T03:04:00.4133834Z   Did you mean to use `assert` instead of `return`?
2025-07-15T03:04:00.4134476Z   See https://docs.pytest.org/en/stable/how-to/assert.html#return-not-none for more information.
2025-07-15T03:04:00.4135058Z     warnings.warn(
2025-07-15T03:04:00.4135211Z 
2025-07-15T03:04:00.4135454Z tests/test_indicators_implementation.py::test_utility_calculations
2025-07-15T03:04:00.4136818Z   /opt/hostedtoolcache/Python/3.12.11/x64/lib/python3.12/site-packages/_pytest/python.py:161: PytestReturnNotNoneWarning: Test functions should return None, but tests/test_indicators_implementation.py::test_utility_calculations returned <class 'bool'>.
2025-07-15T03:04:00.4137877Z   Did you mean to use `assert` instead of `return`?
2025-07-15T03:04:00.4138357Z   See https://docs.pytest.org/en/stable/how-to/assert.html#return-not-none for more information.
2025-07-15T03:04:00.4138810Z     warnings.warn(
2025-07-15T03:04:00.4138929Z 
2025-07-15T03:04:00.4139514Z tests/test_indicators_implementation.py::test_decision_making
2025-07-15T03:04:00.4140652Z   /opt/hostedtoolcache/Python/3.12.11/x64/lib/python3.12/site-packages/_pytest/python.py:161: PytestReturnNotNoneWarning: Test functions should return None, but tests/test_indicators_implementation.py::test_decision_making returned <class 'bool'>.
2025-07-15T03:04:00.4141695Z   Did you mean to use `assert` instead of `return`?
2025-07-15T03:04:00.4142177Z   See https://docs.pytest.org/en/stable/how-to/assert.html#return-not-none for more information.
2025-07-15T03:04:00.4142708Z     warnings.warn(
2025-07-15T03:04:00.4142836Z 
2025-07-15T03:04:00.4143037Z tests/test_indicators_implementation.py::test_human_vs_auto_indicators
2025-07-15T03:04:00.4144325Z   /opt/hostedtoolcache/Python/3.12.11/x64/lib/python3.12/site-packages/_pytest/python.py:161: PytestReturnNotNoneWarning: Test functions should return None, but tests/test_indicators_implementation.py::test_human_vs_auto_indicators returned <class 'bool'>.
2025-07-15T03:04:00.4145391Z   Did you mean to use `assert` instead of `return`?
2025-07-15T03:04:00.4145900Z   See https://docs.pytest.org/en/stable/how-to/assert.html#return-not-none for more information.
2025-07-15T03:04:00.4146340Z     warnings.warn(
2025-07-15T03:04:00.4146471Z 
2025-07-15T03:04:00.4146644Z tests/test_indicators_implementation.py::test_scan_cost_impact
2025-07-15T03:04:00.4147666Z   /opt/hostedtoolcache/Python/3.12.11/x64/lib/python3.12/site-packages/_pytest/python.py:161: PytestReturnNotNoneWarning: Test functions should return None, but tests/test_indicators_implementation.py::test_scan_cost_impact returned <class 'bool'>.
2025-07-15T03:04:00.4148602Z   Did you mean to use `assert` instead of `return`?
2025-07-15T03:04:00.4149058Z   See https://docs.pytest.org/en/stable/how-to/assert.html#return-not-none for more information.
2025-07-15T03:04:00.4149616Z     warnings.warn(
2025-07-15T03:04:00.4149732Z 
2025-07-15T03:04:00.4149921Z -- Docs: https://docs.pytest.org/en/stable/how-to/capture-warnings.html
2025-07-15T03:04:00.4150341Z ======================= 111 passed, 5 warnings in 6.14s ========================
2025-07-15T03:04:00.7231019Z Name                      Stmts   Miss  Cover   Missing
2025-07-15T03:04:00.7231700Z -------------------------------------------------------
2025-07-15T03:04:00.7232228Z book_triage/__init__.py       3      0   100%
2025-07-15T03:04:00.7232604Z book_triage/__main__.py      21      0   100%
2025-07-15T03:04:00.7233042Z book_triage/api.py          162     38    77%   41, 66, 408, 477, 506, 510-547, 558, 560
2025-07-15T03:04:00.7233557Z book_triage/cli.py          117      8    93%   229, 231, 233, 235, 237, 239, 241, 250
2025-07-15T03:04:00.7234207Z book_triage/core.py         195     41    79%   108, 111-112, 121, 166-168, 173-174, 220, 233-234, 238-242, 248, 274-277, 285, 287-294, 297-298, 302, 311-326
2025-07-15T03:04:00.7234881Z book_triage/security.py      45     14    69%   27, 37-48, 64-69, 83, 89-90
2025-07-15T03:04:00.7235391Z book_triage/vision.py       100     10    90%   36-38, 164-165, 171, 173-174, 176-177
2025-07-15T03:04:00.7235828Z -------------------------------------------------------
2025-07-15T03:04:00.7236174Z TOTAL                       643    111    83%
2025-07-15T03:04:00.7236550Z Coverage failure: total of 83 is less than fail-under=84
2025-07-15T03:04:00.7416232Z ##[error]Process completed with exit code 2.
2025-07-15T03:04:00.7529352Z ##[group]Run codecov/codecov-action@v3
2025-07-15T03:04:00.7529624Z with:
2025-07-15T03:04:00.7529793Z   file: ./coverage.xml
2025-07-15T03:04:00.7529987Z   flags: quality-gate
2025-07-15T03:04:00.7530188Z   name: codecov-quality-gate
2025-07-15T03:04:00.7530399Z   fail_ci_if_error: false
2025-07-15T03:04:00.7530594Z   verbose: true
2025-07-15T03:04:00.7530785Z env:
2025-07-15T03:04:00.7531015Z   pythonLocation: /opt/hostedtoolcache/Python/3.12.11/x64
2025-07-15T03:04:00.7531416Z   PKG_CONFIG_PATH: /opt/hostedtoolcache/Python/3.12.11/x64/lib/pkgconfig
2025-07-15T03:04:00.7531796Z   Python_ROOT_DIR: /opt/hostedtoolcache/Python/3.12.11/x64
2025-07-15T03:04:00.7532142Z   Python2_ROOT_DIR: /opt/hostedtoolcache/Python/3.12.11/x64
2025-07-15T03:04:00.7532484Z   Python3_ROOT_DIR: /opt/hostedtoolcache/Python/3.12.11/x64
2025-07-15T03:04:00.7532829Z   LD_LIBRARY_PATH: /opt/hostedtoolcache/Python/3.12.11/x64/lib
2025-07-15T03:04:00.7533111Z   BOOK_USER: testuser
2025-07-15T03:04:00.7533331Z   BOOK_PASS: testpass
2025-07-15T03:04:00.7533524Z   OPENAI_API_KEY: test-key
2025-07-15T03:04:00.7534201Z   CODECOV_TOKEN: ***
2025-07-15T03:04:00.7534407Z ##[endgroup]
2025-07-15T03:04:00.8601424Z {
2025-07-15T03:04:00.8601729Z   execArgs: [
2025-07-15T03:04:00.8602025Z     '-n',
2025-07-15T03:04:00.8602275Z     'codecov-quality-gate',
2025-07-15T03:04:00.8602811Z     '-Q',
2025-07-15T03:04:00.8602997Z     'github-action-3.1.6',
2025-07-15T03:04:00.8603202Z     '-f',
2025-07-15T03:04:00.8603370Z     './coverage.xml',
2025-07-15T03:04:00.8603551Z     '-F',
2025-07-15T03:04:00.8603714Z     'quality-gate',
2025-07-15T03:04:00.8603891Z     '-v'
2025-07-15T03:04:00.8604048Z   ]
2025-07-15T03:04:00.8604192Z }
2025-07-15T03:04:00.8605966Z ==> linux OS detected
2025-07-15T03:04:01.2874290Z https://uploader.codecov.io/latest/linux/codecov.SHA256SUM
2025-07-15T03:04:01.3106156Z Received SHA256SUM b37359013b48fbc3b0790d59fc474a52a260fb96e28e1b2c2ae001dc9b9cc996  codecov
2025-07-15T03:04:01.3459982Z Received SHA256SUM signature -----BEGIN PGP SIGNATURE-----
2025-07-15T03:04:01.3460425Z 
2025-07-15T03:04:01.3460662Z iQIzBAABCgAdFiEEJwNOf9uFDgu8LGL/gGuyiu13mGkFAmas/x0ACgkQgGuyiu13
2025-07-15T03:04:01.3461263Z mGnuYxAAhL4nufMHTUEJVbG790Tkshg/NwRAQ1I2FmpPOy1HwZnlX0arTb2Fk6r5
2025-07-15T03:04:01.3461790Z jTUIVHTARwbsQc/gEnaety1RULuMhyn4TlkkTm4rrCENlMvrbkmrT55lbLzx7FzG
2025-07-15T03:04:01.3462333Z qMS1oEUUZaRDNT/AqrhtUnCtq8UsR4eBgdgKgkxsgSUKjfkumYqfsBp3QBerLcqB
2025-07-15T03:04:01.3462862Z xeXP2y9qxZ95rVVepMWY+7pdywAhUAyKgA6sO6ejPdwSybSHZeySAFS6MGDhRhcM
2025-07-15T03:04:01.3463385Z +WTr/2WhRjjOfmJGODTDFmMjUrtnlU5FSqhA8zJ2zv7ZInw7yzelA05tEVz0HT/Q
2025-07-15T03:04:01.3463910Z HnIvyJZzXtX81hHDgBzXG7Vw8ElQMTyAiySpKF4KcMWaTc+mIm5LG+yhgJXhUqFL
2025-07-15T03:04:01.3464442Z R1NXxuyh0050+T7zhsFLadw7706Q8QCQKDpBDYgRbjUr+rkRgZBGLcWcoFiqAzNF
2025-07-15T03:04:01.3464963Z 7lx6W9lxF9M97wKNJezhWvvzR9kI04l676BvVLTX9yPG6MUakLqKgsbR0NuOz7xA
2025-07-15T03:04:01.3465514Z yCDKCEXfjXr53h1TP3oqmC5wguSurjmIOcVCK77iiv1Sy63RnK+SUXAyIeNsJwME
2025-07-15T03:04:01.3466048Z KdfVS6l1enI4s35IQzmmd0QxhfiHFTUYHuFPgE78z2Ik93KcSkVc7AZg2C76PCfZ
2025-07-15T03:04:01.3466505Z fWy10hSbRM0BS5hjauyrSrA4++8ku/KoJhXwkGu49N8GylTcySk=
2025-07-15T03:04:01.3466846Z =n6lq
2025-07-15T03:04:01.3467045Z -----END PGP SIGNATURE-----
2025-07-15T03:04:01.3467217Z 
2025-07-15T03:04:01.3602243Z ==> SHASUM file signed by key id 806bb28aed779869
2025-07-15T03:04:01.4320091Z ==> Uploader SHASUM verified (b37359013b48fbc3b0790d59fc474a52a260fb96e28e1b2c2ae001dc9b9cc996  codecov)
2025-07-15T03:04:01.4321063Z ==> Running version latest
2025-07-15T03:04:01.5375006Z ==> Running version v0.8.0
2025-07-15T03:04:01.5400744Z [command]/home/runner/work/_actions/codecov/codecov-action/v3/dist/codecov -n codecov-quality-gate -Q github-action-3.1.6 -f ./coverage.xml -F quality-gate -v
2025-07-15T03:04:01.7516731Z [2025-07-15T03:04:01.750Z] ['verbose'] Start of uploader: 1752548641750...
2025-07-15T03:04:01.7520580Z [2025-07-15T03:04:01.751Z] ['info'] 
2025-07-15T03:04:01.7521020Z      _____          _
2025-07-15T03:04:01.7521858Z     / ____|        | |
2025-07-15T03:04:01.7522126Z    | |     ___   __| | ___  ___ _____   __
2025-07-15T03:04:01.7522415Z    | |    / _ \ / _` |/ _ \/ __/ _ \ \ / /
2025-07-15T03:04:01.7522690Z    | |___| (_) | (_| |  __/ (_| (_) \ V /
2025-07-15T03:04:01.7522960Z     \_____\___/ \__,_|\___|\___\___/ \_/
2025-07-15T03:04:01.7523160Z 
2025-07-15T03:04:01.7523258Z   Codecov report uploader 0.8.0
2025-07-15T03:04:01.7575579Z [2025-07-15T03:04:01.757Z] ['info'] => Project root located at: /home/runner/work/book_triage_v0.1.0/book_triage_v0.1.0
2025-07-15T03:04:01.7579790Z [2025-07-15T03:04:01.757Z] ['info'] ->  Token found by environment variables
2025-07-15T03:04:01.7587551Z [2025-07-15T03:04:01.758Z] ['verbose'] Start of network processing...
2025-07-15T03:04:01.7588164Z [2025-07-15T03:04:01.758Z] ['verbose'] Searching for files in /home/runner/work/book_triage_v0.1.0/book_triage_v0.1.0
2025-07-15T03:04:01.8621225Z [2025-07-15T03:04:01.861Z] ['verbose'] Skipping coveragepy, files already specified
2025-07-15T03:04:01.8622039Z [2025-07-15T03:04:01.861Z] ['info'] Searching for coverage files...
2025-07-15T03:04:01.9012070Z [2025-07-15T03:04:01.900Z] ['verbose'] Preparing to clean the following coverage paths: ./coverage.xml
2025-07-15T03:04:01.9016563Z [2025-07-15T03:04:01.901Z] ['error'] None of the following appear to exist as files: ./coverage.xml
2025-07-15T03:04:01.9018395Z [2025-07-15T03:04:01.901Z] ['error'] There was an error running the uploader: Error while cleaning paths. No paths matched existing files!
2025-07-15T03:04:01.9020512Z [2025-07-15T03:04:01.901Z] ['verbose'] The error stack is: Error: Error while cleaning paths. No paths matched existing files!
2025-07-15T03:04:01.9021661Z     at cleanCoverageFilePaths (/snapshot/repo/dist/src/helpers/files.js)
2025-07-15T03:04:01.9022487Z     at main (/snapshot/repo/dist/src/index.js)
2025-07-15T03:04:01.9023136Z [2025-07-15T03:04:01.902Z] ['verbose'] End of uploader: 152 milliseconds
2025-07-15T03:04:01.9024263Z [2025-07-15T03:04:01.902Z] ['info'] Codecov will exit with status code 0. If you are expecting a non-zero exit code, please pass in the `-Z` flag
2025-07-15T03:04:01.9315188Z ##[group]Run actions/upload-artifact@v4
2025-07-15T03:04:01.9315473Z with:
2025-07-15T03:04:01.9315657Z   name: coverage-report
2025-07-15T03:04:01.9315867Z   path: htmlcov/
2025-07-15T03:04:01.9316095Z   if-no-files-found: warn
2025-07-15T03:04:01.9316323Z   compression-level: 6
2025-07-15T03:04:01.9316523Z   overwrite: false
2025-07-15T03:04:01.9316719Z   include-hidden-files: false
2025-07-15T03:04:01.9316938Z env:
2025-07-15T03:04:01.9317173Z   pythonLocation: /opt/hostedtoolcache/Python/3.12.11/x64
2025-07-15T03:04:01.9317590Z   PKG_CONFIG_PATH: /opt/hostedtoolcache/Python/3.12.11/x64/lib/pkgconfig
2025-07-15T03:04:01.9317976Z   Python_ROOT_DIR: /opt/hostedtoolcache/Python/3.12.11/x64
2025-07-15T03:04:01.9318334Z   Python2_ROOT_DIR: /opt/hostedtoolcache/Python/3.12.11/x64
2025-07-15T03:04:01.9318695Z   Python3_ROOT_DIR: /opt/hostedtoolcache/Python/3.12.11/x64
2025-07-15T03:04:01.9319058Z   LD_LIBRARY_PATH: /opt/hostedtoolcache/Python/3.12.11/x64/lib
2025-07-15T03:04:01.9319664Z   BOOK_USER: testuser
2025-07-15T03:04:01.9319873Z   BOOK_PASS: testpass
2025-07-15T03:04:01.9320078Z   OPENAI_API_KEY: test-key
2025-07-15T03:04:01.9320302Z ##[endgroup]
2025-07-15T03:04:02.1448461Z ##[warning]No files were found with the provided path: htmlcov/. No artifacts will be uploaded.
2025-07-15T03:04:02.1560768Z ##[group]Run actions/upload-artifact@v4
2025-07-15T03:04:02.1561036Z with:
2025-07-15T03:04:02.1561236Z   name: quality-gate-failure-artifacts
2025-07-15T03:04:02.1561505Z   path: coverage.xml
*.log

2025-07-15T03:04:02.1561736Z   if-no-files-found: warn
2025-07-15T03:04:02.1561943Z   compression-level: 6
2025-07-15T03:04:02.1562142Z   overwrite: false
2025-07-15T03:04:02.1562338Z   include-hidden-files: false
2025-07-15T03:04:02.1562550Z env:
2025-07-15T03:04:02.1562780Z   pythonLocation: /opt/hostedtoolcache/Python/3.12.11/x64
2025-07-15T03:04:02.1563184Z   PKG_CONFIG_PATH: /opt/hostedtoolcache/Python/3.12.11/x64/lib/pkgconfig
2025-07-15T03:04:02.1563574Z   Python_ROOT_DIR: /opt/hostedtoolcache/Python/3.12.11/x64
2025-07-15T03:04:02.1563923Z   Python2_ROOT_DIR: /opt/hostedtoolcache/Python/3.12.11/x64
2025-07-15T03:04:02.1564277Z   Python3_ROOT_DIR: /opt/hostedtoolcache/Python/3.12.11/x64
2025-07-15T03:04:02.1564635Z   LD_LIBRARY_PATH: /opt/hostedtoolcache/Python/3.12.11/x64/lib
2025-07-15T03:04:02.1564953Z   BOOK_USER: testuser
2025-07-15T03:04:02.1565152Z   BOOK_PASS: testpass
2025-07-15T03:04:02.1565343Z   OPENAI_API_KEY: test-key
2025-07-15T03:04:02.1565550Z ##[endgroup]
2025-07-15T03:04:02.3735554Z ##[warning]No files were found with the provided path: coverage.xml
*.log. No artifacts will be uploaded.
2025-07-15T03:04:02.3860248Z Post job cleanup.
2025-07-15T03:04:02.4784826Z [command]/usr/bin/git version
2025-07-15T03:04:02.4820901Z git version 2.50.1
2025-07-15T03:04:02.4864658Z Temporarily overriding HOME='/home/runner/work/_temp/a30679d8-2bcc-4f6f-9e8f-86894d9b50ed' before making global git config changes
2025-07-15T03:04:02.4866014Z Adding repository directory to the temporary git global config as a safe directory
2025-07-15T03:04:02.4871318Z [command]/usr/bin/git config --global --add safe.directory /home/runner/work/book_triage_v0.1.0/book_triage_v0.1.0
2025-07-15T03:04:02.4907208Z [command]/usr/bin/git config --local --name-only --get-regexp core\.sshCommand
2025-07-15T03:04:02.4939923Z [command]/usr/bin/git submodule foreach --recursive sh -c "git config --local --name-only --get-regexp 'core\.sshCommand' && git config --local --unset-all 'core.sshCommand' || :"
2025-07-15T03:04:02.5165257Z [command]/usr/bin/git config --local --name-only --get-regexp http\.https\:\/\/github\.com\/\.extraheader
2025-07-15T03:04:02.5186111Z http.https://github.com/.extraheader
2025-07-15T03:04:02.5200064Z [command]/usr/bin/git config --local --unset-all http.https://github.com/.extraheader
2025-07-15T03:04:02.5230407Z [command]/usr/bin/git submodule foreach --recursive sh -c "git config --local --name-only --get-regexp 'http\.https\:\/\/github\.com\/\.extraheader' && git config --local --unset-all 'http.https://github.com/.extraheader' || :"
2025-07-15T03:04:02.5565134Z Cleaning up orphan processes
